Component: ARM Compiler 5.06 update 6 (build 750) Tool: armlink [4d35ed]

==============================================================================

Section Cross References

    main.o(i.main) refers to stm32f10x_rcc.o(i.RCC_APB2PeriphClockCmd) for RCC_APB2PeriphClockCmd
    main.o(i.main) refers to delay.o(i.SysTick_Init) for SysTick_Init
    main.o(i.main) refers to misc.o(i.NVIC_PriorityGroupConfig) for NVIC_PriorityGroupConfig
    main.o(i.main) refers to usart.o(i.My_Usart_Init) for My_Usart_Init
    main.o(i.main) refers to st7789v.o(i.ST7789V_LcdInit) for ST7789V_LcdInit
    main.o(i.main) refers to st7789v.o(i.ST7789V_AdaptiveBrightnessColorEnhancementInit) for ST7789V_AdaptiveBrightnessColorEnhancementInit
    main.o(i.main) refers to st7789v.o(i.ST7789V_FillLcdScreen) for ST7789V_FillLcdScreen
    main.o(i.main) refers to st7789v.o(i.ST7789V_LcdShowPicture) for ST7789V_LcdShowPicture
    main.o(i.main) refers to delay.o(i.Rough_DelayMs) for Rough_DelayMs
    main.o(i.main) refers to st7789v.o(i.ST7789V_LcdShowChinese) for ST7789V_LcdShowChinese
    main.o(i.main) refers to st7789v.o(i.ST7789V_LcdShowString) for ST7789V_LcdShowString
    main.o(i.main) refers to main.o(.constdata) for gImage_per
    stm32f10x_gpio.o(i.GPIO_AFIODeInit) refers to stm32f10x_rcc.o(i.RCC_APB2PeriphResetCmd) for RCC_APB2PeriphResetCmd
    stm32f10x_gpio.o(i.GPIO_DeInit) refers to stm32f10x_rcc.o(i.RCC_APB2PeriphResetCmd) for RCC_APB2PeriphResetCmd
    stm32f10x_rcc.o(i.RCC_GetClocksFreq) refers to stm32f10x_rcc.o(.data) for APBAHBPrescTable
    stm32f10x_rcc.o(i.RCC_WaitForHSEStartUp) refers to stm32f10x_rcc.o(i.RCC_GetFlagStatus) for RCC_GetFlagStatus
    stm32f10x_spi.o(i.I2S_Init) refers to stm32f10x_rcc.o(i.RCC_GetClocksFreq) for RCC_GetClocksFreq
    stm32f10x_spi.o(i.SPI_I2S_DeInit) refers to stm32f10x_rcc.o(i.RCC_APB2PeriphResetCmd) for RCC_APB2PeriphResetCmd
    stm32f10x_spi.o(i.SPI_I2S_DeInit) refers to stm32f10x_rcc.o(i.RCC_APB1PeriphResetCmd) for RCC_APB1PeriphResetCmd
    delay.o(i.Correct_DelayMs) refers to delay.o(.data) for ms
    delay.o(i.Correct_DelayUs) refers to delay.o(.data) for us
    delay.o(i.SysTick_Init) refers to misc.o(i.SysTick_CLKSourceConfig) for SysTick_CLKSourceConfig
    delay.o(i.SysTick_Init) refers to delay.o(.data) for us
    stm32f10x_usart.o(i.USART_DeInit) refers to stm32f10x_rcc.o(i.RCC_APB2PeriphResetCmd) for RCC_APB2PeriphResetCmd
    stm32f10x_usart.o(i.USART_DeInit) refers to stm32f10x_rcc.o(i.RCC_APB1PeriphResetCmd) for RCC_APB1PeriphResetCmd
    stm32f10x_usart.o(i.USART_Init) refers to stm32f10x_rcc.o(i.RCC_GetClocksFreq) for RCC_GetClocksFreq
    usart.o(i.My_Usart_Init) refers to stm32f10x_rcc.o(i.RCC_APB2PeriphClockCmd) for RCC_APB2PeriphClockCmd
    usart.o(i.My_Usart_Init) refers to stm32f10x_gpio.o(i.GPIO_Init) for GPIO_Init
    usart.o(i.My_Usart_Init) refers to stm32f10x_usart.o(i.USART_Init) for USART_Init
    usart.o(i.My_Usart_Init) refers to stm32f10x_usart.o(i.USART_Cmd) for USART_Cmd
    usart.o(i.My_Usart_Init) refers to stm32f10x_usart.o(i.USART_ClearFlag) for USART_ClearFlag
    usart.o(i.My_Usart_Init) refers to misc.o(i.NVIC_Init) for NVIC_Init
    usart.o(i.USART1_IRQHandler) refers to stm32f10x_usart.o(i.USART_GetITStatus) for USART_GetITStatus
    usart.o(i.USART1_IRQHandler) refers to stm32f10x_usart.o(i.USART_ReceiveData) for USART_ReceiveData
    usart.o(i.USART1_IRQHandler) refers to usart.o(.data) for USART1_RX_STA
    usart.o(i.USART1_IRQHandler) refers to usart.o(.bss) for USART1_RX_BUF
    usart.o(i.USART_ITON) refers to stm32f10x_usart.o(i.USART_ITConfig) for USART_ITConfig
    usart.o(i.Usart_Receive_Bytes) refers to stm32f10x_usart.o(i.USART_GetFlagStatus) for USART_GetFlagStatus
    usart.o(i.Usart_Receive_Bytes) refers to stm32f10x_usart.o(i.USART_ClearFlag) for USART_ClearFlag
    usart.o(i.Usart_Send_Bytes) refers to stm32f10x_usart.o(i.USART_SendData) for USART_SendData
    usart.o(i.Usart_Send_Bytes) refers to stm32f10x_usart.o(i.USART_GetFlagStatus) for USART_GetFlagStatus
    usart.o(i.Usart_Send_Bytes) refers to stm32f10x_usart.o(i.USART_ClearFlag) for USART_ClearFlag
    usart.o(i.fputc) refers to stm32f10x_usart.o(i.USART_SendData) for USART_SendData
    usart.o(i.fputc) refers to stm32f10x_usart.o(i.USART_GetFlagStatus) for USART_GetFlagStatus
    st7789v.o(i.SPI_SetSpeed) refers to stm32f10x_spi.o(i.SPI_Cmd) for SPI_Cmd
    st7789v.o(i.ST7789V_AdaptiveBrightnessColorEnhancementInit) refers to st7789v.o(i.ST7789V_SPISendCmdByte) for ST7789V_SPISendCmdByte
    st7789v.o(i.ST7789V_AdaptiveBrightnessColorEnhancementInit) refers to st7789v.o(i.ST7789V_SPISendDataByte) for ST7789V_SPISendDataByte
    st7789v.o(i.ST7789V_DMAEnable) refers to stm32f10x_dma.o(i.DMA_Cmd) for DMA_Cmd
    st7789v.o(i.ST7789V_DMAEnable) refers to stm32f10x_dma.o(i.DMA_SetCurrDataCounter) for DMA_SetCurrDataCounter
    st7789v.o(i.ST7789V_DMAEnable) refers to stm32f10x_spi.o(i.SPI_Cmd) for SPI_Cmd
    st7789v.o(i.ST7789V_DMAEnable) refers to stm32f10x_spi.o(i.SPI_I2S_DMACmd) for SPI_I2S_DMACmd
    st7789v.o(i.ST7789V_DMAInit) refers to stm32f10x_rcc.o(i.RCC_AHBPeriphClockCmd) for RCC_AHBPeriphClockCmd
    st7789v.o(i.ST7789V_DMAInit) refers to stm32f10x_dma.o(i.DMA_DeInit) for DMA_DeInit
    st7789v.o(i.ST7789V_DMAInit) refers to stm32f10x_dma.o(i.DMA_Init) for DMA_Init
    st7789v.o(i.ST7789V_DMAInit) refers to st7789v.o(.data) for Tx_Len
    st7789v.o(i.ST7789V_DisplayCmd) refers to st7789v.o(i.ST7789V_SPISendCmdByte) for ST7789V_SPISendCmdByte
    st7789v.o(i.ST7789V_FillLcdScreen) refers to st7789v.o(i.ST7789V_SetLcdAddress) for ST7789V_SetLcdAddress
    st7789v.o(i.ST7789V_FillLcdScreen) refers to st7789v.o(i.ST7789V_SPISendData2Bytes) for ST7789V_SPISendData2Bytes
    st7789v.o(i.ST7789V_GPIOInit) refers to stm32f10x_rcc.o(i.RCC_APB2PeriphClockCmd) for RCC_APB2PeriphClockCmd
    st7789v.o(i.ST7789V_GPIOInit) refers to stm32f10x_gpio.o(i.GPIO_Init) for GPIO_Init
    st7789v.o(i.ST7789V_GPIOInit) refers to stm32f10x_gpio.o(i.GPIO_SetBits) for GPIO_SetBits
    st7789v.o(i.ST7789V_IdleModeCmd) refers to st7789v.o(i.ST7789V_SPISendCmdByte) for ST7789V_SPISendCmdByte
    st7789v.o(i.ST7789V_LcdDrawCircle) refers to st7789v.o(i.ST7789V_LcdDrawPoint) for ST7789V_LcdDrawPoint
    st7789v.o(i.ST7789V_LcdDrawLine) refers to st7789v.o(i.ST7789V_LcdDrawPoint) for ST7789V_LcdDrawPoint
    st7789v.o(i.ST7789V_LcdDrawPoint) refers to st7789v.o(i.ST7789V_SetLcdAddress) for ST7789V_SetLcdAddress
    st7789v.o(i.ST7789V_LcdDrawPoint) refers to st7789v.o(i.ST7789V_SPISendData2Bytes) for ST7789V_SPISendData2Bytes
    st7789v.o(i.ST7789V_LcdDrawRectangle) refers to st7789v.o(i.ST7789V_LcdDrawLine) for ST7789V_LcdDrawLine
    st7789v.o(i.ST7789V_LcdInit) refers to st7789v.o(i.ST7789V_GPIOInit) for ST7789V_GPIOInit
    st7789v.o(i.ST7789V_LcdInit) refers to st7789v.o(i.ST7789V_SPIInit) for ST7789V_SPIInit
    st7789v.o(i.ST7789V_LcdInit) refers to st7789v.o(i.ST7789V_Reset) for ST7789V_Reset
    st7789v.o(i.ST7789V_LcdInit) refers to st7789v.o(i.ST7789V_SPISendCmdByte) for ST7789V_SPISendCmdByte
    st7789v.o(i.ST7789V_LcdInit) refers to delay.o(i.Correct_DelayMs) for Correct_DelayMs
    st7789v.o(i.ST7789V_LcdInit) refers to st7789v.o(i.ST7789V_SetDir) for ST7789V_SetDir
    st7789v.o(i.ST7789V_LcdInit) refers to st7789v.o(i.ST7789V_SPISendDataByte) for ST7789V_SPISendDataByte
    st7789v.o(i.ST7789V_LcdShowChar) refers to st7789v.o(i.ST7789V_SetLcdAddress) for ST7789V_SetLcdAddress
    st7789v.o(i.ST7789V_LcdShowChar) refers to st7789v.o(i.ST7789V_SPISendData2Bytes) for ST7789V_SPISendData2Bytes
    st7789v.o(i.ST7789V_LcdShowChar) refers to st7789v.o(i.ST7789V_LcdDrawPoint) for ST7789V_LcdDrawPoint
    st7789v.o(i.ST7789V_LcdShowChar) refers to st7789v.o(.constdata) for ascii_1206
    st7789v.o(i.ST7789V_LcdShowChinese) refers to st7789v.o(i.ST7789V_LcdShowChinese12x12) for ST7789V_LcdShowChinese12x12
    st7789v.o(i.ST7789V_LcdShowChinese) refers to st7789v.o(i.ST7789V_LcdShowChinese16x16) for ST7789V_LcdShowChinese16x16
    st7789v.o(i.ST7789V_LcdShowChinese) refers to st7789v.o(i.ST7789V_LcdShowChinese24x24) for ST7789V_LcdShowChinese24x24
    st7789v.o(i.ST7789V_LcdShowChinese) refers to st7789v.o(i.ST7789V_LcdShowChinese32x32) for ST7789V_LcdShowChinese32x32
    st7789v.o(i.ST7789V_LcdShowChinese12x12) refers to st7789v.o(i.ST7789V_SetLcdAddress) for ST7789V_SetLcdAddress
    st7789v.o(i.ST7789V_LcdShowChinese12x12) refers to st7789v.o(i.ST7789V_SPISendData2Bytes) for ST7789V_SPISendData2Bytes
    st7789v.o(i.ST7789V_LcdShowChinese12x12) refers to st7789v.o(i.ST7789V_LcdDrawPoint) for ST7789V_LcdDrawPoint
    st7789v.o(i.ST7789V_LcdShowChinese12x12) refers to st7789v.o(.constdata) for tfont12
    st7789v.o(i.ST7789V_LcdShowChinese16x16) refers to st7789v.o(i.ST7789V_SetLcdAddress) for ST7789V_SetLcdAddress
    st7789v.o(i.ST7789V_LcdShowChinese16x16) refers to st7789v.o(i.ST7789V_SPISendData2Bytes) for ST7789V_SPISendData2Bytes
    st7789v.o(i.ST7789V_LcdShowChinese16x16) refers to st7789v.o(i.ST7789V_LcdDrawPoint) for ST7789V_LcdDrawPoint
    st7789v.o(i.ST7789V_LcdShowChinese16x16) refers to st7789v.o(.constdata) for tfont16
    st7789v.o(i.ST7789V_LcdShowChinese24x24) refers to st7789v.o(i.ST7789V_SetLcdAddress) for ST7789V_SetLcdAddress
    st7789v.o(i.ST7789V_LcdShowChinese24x24) refers to st7789v.o(i.ST7789V_SPISendData2Bytes) for ST7789V_SPISendData2Bytes
    st7789v.o(i.ST7789V_LcdShowChinese24x24) refers to st7789v.o(i.ST7789V_LcdDrawPoint) for ST7789V_LcdDrawPoint
    st7789v.o(i.ST7789V_LcdShowChinese24x24) refers to st7789v.o(.constdata) for tfont24
    st7789v.o(i.ST7789V_LcdShowChinese32x32) refers to st7789v.o(i.ST7789V_SetLcdAddress) for ST7789V_SetLcdAddress
    st7789v.o(i.ST7789V_LcdShowChinese32x32) refers to st7789v.o(i.ST7789V_SPISendData2Bytes) for ST7789V_SPISendData2Bytes
    st7789v.o(i.ST7789V_LcdShowChinese32x32) refers to st7789v.o(i.ST7789V_LcdDrawPoint) for ST7789V_LcdDrawPoint
    st7789v.o(i.ST7789V_LcdShowChinese32x32) refers to st7789v.o(.constdata) for tfont32
    st7789v.o(i.ST7789V_LcdShowFloatNum) refers to fmul.o(.text) for __aeabi_fmul
    st7789v.o(i.ST7789V_LcdShowFloatNum) refers to ffixui.o(.text) for __aeabi_f2uiz
    st7789v.o(i.ST7789V_LcdShowFloatNum) refers to st7789v.o(i.Pow) for Pow
    st7789v.o(i.ST7789V_LcdShowFloatNum) refers to st7789v.o(i.ST7789V_LcdShowChar) for ST7789V_LcdShowChar
    st7789v.o(i.ST7789V_LcdShowIntNum) refers to st7789v.o(i.Pow) for Pow
    st7789v.o(i.ST7789V_LcdShowIntNum) refers to st7789v.o(i.ST7789V_LcdShowChar) for ST7789V_LcdShowChar
    st7789v.o(i.ST7789V_LcdShowPicture) refers to st7789v.o(i.ST7789V_SetLcdAddress) for ST7789V_SetLcdAddress
    st7789v.o(i.ST7789V_LcdShowPicture) refers to st7789v.o(i.ST7789V_SPISendDataByte) for ST7789V_SPISendDataByte
    st7789v.o(i.ST7789V_LcdShowString) refers to st7789v.o(i.ST7789V_LcdShowChar) for ST7789V_LcdShowChar
    st7789v.o(i.ST7789V_PartialDisplayModeCmd) refers to st7789v.o(i.ST7789V_SPISendCmdByte) for ST7789V_SPISendCmdByte
    st7789v.o(i.ST7789V_PartialDisplayModeCmd) refers to st7789v.o(i.ST7789V_SPISendDataByte) for ST7789V_SPISendDataByte
    st7789v.o(i.ST7789V_Reset) refers to delay.o(i.Correct_DelayMs) for Correct_DelayMs
    st7789v.o(i.ST7789V_SPIInit) refers to stm32f10x_rcc.o(i.RCC_APB2PeriphClockCmd) for RCC_APB2PeriphClockCmd
    st7789v.o(i.ST7789V_SPIInit) refers to stm32f10x_gpio.o(i.GPIO_Init) for GPIO_Init
    st7789v.o(i.ST7789V_SPIInit) refers to stm32f10x_gpio.o(i.GPIO_SetBits) for GPIO_SetBits
    st7789v.o(i.ST7789V_SPIInit) refers to stm32f10x_spi.o(i.SPI_Init) for SPI_Init
    st7789v.o(i.ST7789V_SPIInit) refers to stm32f10x_spi.o(i.SPI_Cmd) for SPI_Cmd
    st7789v.o(i.ST7789V_SPISend) refers to stm32f10x_spi.o(i.SPI_I2S_GetFlagStatus) for SPI_I2S_GetFlagStatus
    st7789v.o(i.ST7789V_SPISend) refers to stm32f10x_spi.o(i.SPI_I2S_SendData) for SPI_I2S_SendData
    st7789v.o(i.ST7789V_SPISend) refers to st7789v.o(i.delay) for delay
    st7789v.o(i.ST7789V_SPISendCmdByte) refers to st7789v.o(i.ST7789V_SPISend) for ST7789V_SPISend
    st7789v.o(i.ST7789V_SPISendData2Bytes) refers to st7789v.o(i.ST7789V_SPISend) for ST7789V_SPISend
    st7789v.o(i.ST7789V_SPISendDataByte) refers to st7789v.o(i.ST7789V_SPISend) for ST7789V_SPISend
    st7789v.o(i.ST7789V_SendOneColor) refers to st7789v.o(i.ST7789V_SPISendData2Bytes) for ST7789V_SPISendData2Bytes
    st7789v.o(i.ST7789V_SetDir) refers to st7789v.o(i.ST7789V_SPISendCmdByte) for ST7789V_SPISendCmdByte
    st7789v.o(i.ST7789V_SetDir) refers to st7789v.o(i.ST7789V_SPISendDataByte) for ST7789V_SPISendDataByte
    st7789v.o(i.ST7789V_SetLcdAddress) refers to st7789v.o(i.ST7789V_SPISendCmdByte) for ST7789V_SPISendCmdByte
    st7789v.o(i.ST7789V_SetLcdAddress) refers to st7789v.o(i.ST7789V_SPISendData2Bytes) for ST7789V_SPISendData2Bytes
    st7789v.o(i.ST7789V_SleepModeCmd) refers to st7789v.o(i.ST7789V_SPISendCmdByte) for ST7789V_SPISendCmdByte
    st7789v.o(i.ST7789V_SleepModeCmd) refers to delay.o(i.Correct_DelayMs) for Correct_DelayMs
    st7789v.o(i.ST7789V_VerticalScrollMode) refers to st7789v.o(i.ST7789V_SPISendCmdByte) for ST7789V_SPISendCmdByte
    st7789v.o(i.ST7789V_VerticalScrollMode) refers to st7789v.o(i.ST7789V_SPISendData2Bytes) for ST7789V_SPISendData2Bytes
    st7789v.o(i.ST7789V_VerticalScrollMode) refers to delay.o(i.Correct_DelayMs) for Correct_DelayMs
    st7789v.o(i.ST7789V_VerticalScrollMode) refers to st7789v.o(.data) for k
    system_stm32f10x.o(i.SetSysClock) refers to system_stm32f10x.o(i.SetSysClockTo72) for SetSysClockTo72
    system_stm32f10x.o(i.SystemCoreClockUpdate) refers to system_stm32f10x.o(.data) for SystemCoreClock
    system_stm32f10x.o(i.SystemInit) refers to system_stm32f10x.o(i.SetSysClock) for SetSysClock
    startup_stm32f10x_hd.o(RESET) refers to startup_stm32f10x_hd.o(STACK) for __initial_sp
    startup_stm32f10x_hd.o(RESET) refers to startup_stm32f10x_hd.o(.text) for Reset_Handler
    startup_stm32f10x_hd.o(RESET) refers to stm32f10x_it.o(i.NMI_Handler) for NMI_Handler
    startup_stm32f10x_hd.o(RESET) refers to stm32f10x_it.o(i.HardFault_Handler) for HardFault_Handler
    startup_stm32f10x_hd.o(RESET) refers to stm32f10x_it.o(i.MemManage_Handler) for MemManage_Handler
    startup_stm32f10x_hd.o(RESET) refers to stm32f10x_it.o(i.BusFault_Handler) for BusFault_Handler
    startup_stm32f10x_hd.o(RESET) refers to stm32f10x_it.o(i.UsageFault_Handler) for UsageFault_Handler
    startup_stm32f10x_hd.o(RESET) refers to stm32f10x_it.o(i.SVC_Handler) for SVC_Handler
    startup_stm32f10x_hd.o(RESET) refers to stm32f10x_it.o(i.DebugMon_Handler) for DebugMon_Handler
    startup_stm32f10x_hd.o(RESET) refers to stm32f10x_it.o(i.PendSV_Handler) for PendSV_Handler
    startup_stm32f10x_hd.o(RESET) refers to stm32f10x_it.o(i.SysTick_Handler) for SysTick_Handler
    startup_stm32f10x_hd.o(RESET) refers to usart.o(i.USART1_IRQHandler) for USART1_IRQHandler
    startup_stm32f10x_hd.o(.text) refers to system_stm32f10x.o(i.SystemInit) for SystemInit
    startup_stm32f10x_hd.o(.text) refers to entry.o(.ARM.Collect$$$$00000000) for __main
    entry.o(.ARM.Collect$$$$00000000) refers (Special) to entry10a.o(.ARM.Collect$$$$0000000D) for __rt_final_cpp
    entry.o(.ARM.Collect$$$$00000000) refers (Special) to entry11a.o(.ARM.Collect$$$$0000000F) for __rt_final_exit
    entry.o(.ARM.Collect$$$$00000000) refers (Special) to entry7b.o(.ARM.Collect$$$$00000008) for _main_clock
    entry.o(.ARM.Collect$$$$00000000) refers (Special) to entry8b.o(.ARM.Collect$$$$0000000A) for _main_cpp_init
    entry.o(.ARM.Collect$$$$00000000) refers (Special) to entry9a.o(.ARM.Collect$$$$0000000B) for _main_init
    entry.o(.ARM.Collect$$$$00000000) refers (Special) to entry5.o(.ARM.Collect$$$$00000004) for _main_scatterload
    entry.o(.ARM.Collect$$$$00000000) refers (Special) to entry2.o(.ARM.Collect$$$$00000001) for _main_stk
    fmul.o(.text) refers (Special) to iusefp.o(.text) for __I$use$fp
    ffixui.o(.text) refers (Special) to iusefp.o(.text) for __I$use$fp
    entry2.o(.ARM.Collect$$$$00000001) refers to entry2.o(.ARM.Collect$$$$00002712) for __lit__00000000
    entry2.o(.ARM.Collect$$$$00002712) refers to startup_stm32f10x_hd.o(STACK) for __initial_sp
    entry2.o(__vectab_stack_and_reset_area) refers to startup_stm32f10x_hd.o(STACK) for __initial_sp
    entry2.o(__vectab_stack_and_reset_area) refers to entry.o(.ARM.Collect$$$$00000000) for __main
    entry5.o(.ARM.Collect$$$$00000004) refers to init.o(.text) for __scatterload
    entry9a.o(.ARM.Collect$$$$0000000B) refers to main.o(i.main) for main
    entry9b.o(.ARM.Collect$$$$0000000C) refers to main.o(i.main) for main
    init.o(.text) refers to entry5.o(.ARM.Collect$$$$00000004) for __main_after_scatterload


==============================================================================

Removing Unused input sections from the image.

    Removing misc.o(i.NVIC_SetVectorTable), (20 bytes).
    Removing misc.o(i.NVIC_SystemLPConfig), (32 bytes).
    Removing stm32f10x_gpio.o(i.GPIO_AFIODeInit), (20 bytes).
    Removing stm32f10x_gpio.o(i.GPIO_DeInit), (200 bytes).
    Removing stm32f10x_gpio.o(i.GPIO_ETH_MediaInterfaceConfig), (12 bytes).
    Removing stm32f10x_gpio.o(i.GPIO_EXTILineConfig), (64 bytes).
    Removing stm32f10x_gpio.o(i.GPIO_EventOutputCmd), (12 bytes).
    Removing stm32f10x_gpio.o(i.GPIO_EventOutputConfig), (32 bytes).
    Removing stm32f10x_gpio.o(i.GPIO_PinLockConfig), (18 bytes).
    Removing stm32f10x_gpio.o(i.GPIO_PinRemapConfig), (144 bytes).
    Removing stm32f10x_gpio.o(i.GPIO_ReadInputData), (8 bytes).
    Removing stm32f10x_gpio.o(i.GPIO_ReadInputDataBit), (18 bytes).
    Removing stm32f10x_gpio.o(i.GPIO_ReadOutputData), (8 bytes).
    Removing stm32f10x_gpio.o(i.GPIO_ReadOutputDataBit), (18 bytes).
    Removing stm32f10x_gpio.o(i.GPIO_ResetBits), (4 bytes).
    Removing stm32f10x_gpio.o(i.GPIO_StructInit), (16 bytes).
    Removing stm32f10x_gpio.o(i.GPIO_Write), (4 bytes).
    Removing stm32f10x_gpio.o(i.GPIO_WriteBit), (10 bytes).
    Removing stm32f10x_rcc.o(i.RCC_ADCCLKConfig), (24 bytes).
    Removing stm32f10x_rcc.o(i.RCC_AHBPeriphClockCmd), (32 bytes).
    Removing stm32f10x_rcc.o(i.RCC_APB1PeriphClockCmd), (32 bytes).
    Removing stm32f10x_rcc.o(i.RCC_APB1PeriphResetCmd), (32 bytes).
    Removing stm32f10x_rcc.o(i.RCC_APB2PeriphResetCmd), (32 bytes).
    Removing stm32f10x_rcc.o(i.RCC_AdjustHSICalibrationValue), (24 bytes).
    Removing stm32f10x_rcc.o(i.RCC_BackupResetCmd), (12 bytes).
    Removing stm32f10x_rcc.o(i.RCC_ClearFlag), (20 bytes).
    Removing stm32f10x_rcc.o(i.RCC_ClearITPendingBit), (12 bytes).
    Removing stm32f10x_rcc.o(i.RCC_ClockSecuritySystemCmd), (12 bytes).
    Removing stm32f10x_rcc.o(i.RCC_DeInit), (76 bytes).
    Removing stm32f10x_rcc.o(i.RCC_GetFlagStatus), (60 bytes).
    Removing stm32f10x_rcc.o(i.RCC_GetITStatus), (24 bytes).
    Removing stm32f10x_rcc.o(i.RCC_GetSYSCLKSource), (16 bytes).
    Removing stm32f10x_rcc.o(i.RCC_HCLKConfig), (24 bytes).
    Removing stm32f10x_rcc.o(i.RCC_HSEConfig), (76 bytes).
    Removing stm32f10x_rcc.o(i.RCC_HSICmd), (12 bytes).
    Removing stm32f10x_rcc.o(i.RCC_ITConfig), (32 bytes).
    Removing stm32f10x_rcc.o(i.RCC_LSEConfig), (52 bytes).
    Removing stm32f10x_rcc.o(i.RCC_LSICmd), (12 bytes).
    Removing stm32f10x_rcc.o(i.RCC_MCOConfig), (12 bytes).
    Removing stm32f10x_rcc.o(i.RCC_PCLK1Config), (24 bytes).
    Removing stm32f10x_rcc.o(i.RCC_PCLK2Config), (24 bytes).
    Removing stm32f10x_rcc.o(i.RCC_PLLCmd), (12 bytes).
    Removing stm32f10x_rcc.o(i.RCC_PLLConfig), (28 bytes).
    Removing stm32f10x_rcc.o(i.RCC_RTCCLKCmd), (12 bytes).
    Removing stm32f10x_rcc.o(i.RCC_RTCCLKConfig), (16 bytes).
    Removing stm32f10x_rcc.o(i.RCC_SYSCLKConfig), (24 bytes).
    Removing stm32f10x_rcc.o(i.RCC_USBCLKConfig), (12 bytes).
    Removing stm32f10x_rcc.o(i.RCC_WaitForHSEStartUp), (56 bytes).
    Removing stm32f10x_dma.o(i.DMA_ClearFlag), (28 bytes).
    Removing stm32f10x_dma.o(i.DMA_ClearITPendingBit), (28 bytes).
    Removing stm32f10x_dma.o(i.DMA_Cmd), (24 bytes).
    Removing stm32f10x_dma.o(i.DMA_DeInit), (332 bytes).
    Removing stm32f10x_dma.o(i.DMA_GetCurrDataCounter), (8 bytes).
    Removing stm32f10x_dma.o(i.DMA_GetFlagStatus), (44 bytes).
    Removing stm32f10x_dma.o(i.DMA_GetITStatus), (44 bytes).
    Removing stm32f10x_dma.o(i.DMA_ITConfig), (18 bytes).
    Removing stm32f10x_dma.o(i.DMA_Init), (60 bytes).
    Removing stm32f10x_dma.o(i.DMA_SetCurrDataCounter), (4 bytes).
    Removing stm32f10x_dma.o(i.DMA_StructInit), (26 bytes).
    Removing stm32f10x_spi.o(i.I2S_Cmd), (24 bytes).
    Removing stm32f10x_spi.o(i.I2S_Init), (232 bytes).
    Removing stm32f10x_spi.o(i.I2S_StructInit), (20 bytes).
    Removing stm32f10x_spi.o(i.SPI_BiDirectionalLineConfig), (28 bytes).
    Removing stm32f10x_spi.o(i.SPI_CalculateCRC), (24 bytes).
    Removing stm32f10x_spi.o(i.SPI_DataSizeConfig), (18 bytes).
    Removing stm32f10x_spi.o(i.SPI_GetCRC), (16 bytes).
    Removing stm32f10x_spi.o(i.SPI_GetCRCPolynomial), (6 bytes).
    Removing stm32f10x_spi.o(i.SPI_I2S_ClearFlag), (6 bytes).
    Removing stm32f10x_spi.o(i.SPI_I2S_ClearITPendingBit), (20 bytes).
    Removing stm32f10x_spi.o(i.SPI_I2S_DMACmd), (18 bytes).
    Removing stm32f10x_spi.o(i.SPI_I2S_DeInit), (88 bytes).
    Removing stm32f10x_spi.o(i.SPI_I2S_GetITStatus), (52 bytes).
    Removing stm32f10x_spi.o(i.SPI_I2S_ITConfig), (32 bytes).
    Removing stm32f10x_spi.o(i.SPI_I2S_ReceiveData), (6 bytes).
    Removing stm32f10x_spi.o(i.SPI_NSSInternalSoftwareConfig), (30 bytes).
    Removing stm32f10x_spi.o(i.SPI_SSOutputCmd), (24 bytes).
    Removing stm32f10x_spi.o(i.SPI_StructInit), (24 bytes).
    Removing stm32f10x_spi.o(i.SPI_TransmitCRC), (10 bytes).
    Removing delay.o(i.Correct_DelayUs), (76 bytes).
    Removing delay.o(i.Rough_DelayUs), (30 bytes).
    Removing stm32f10x_usart.o(i.USART_ClearITPendingBit), (30 bytes).
    Removing stm32f10x_usart.o(i.USART_ClockInit), (34 bytes).
    Removing stm32f10x_usart.o(i.USART_ClockStructInit), (12 bytes).
    Removing stm32f10x_usart.o(i.USART_DMACmd), (18 bytes).
    Removing stm32f10x_usart.o(i.USART_DeInit), (156 bytes).
    Removing stm32f10x_usart.o(i.USART_GetFlagStatus), (26 bytes).
    Removing stm32f10x_usart.o(i.USART_HalfDuplexCmd), (24 bytes).
    Removing stm32f10x_usart.o(i.USART_ITConfig), (74 bytes).
    Removing stm32f10x_usart.o(i.USART_IrDACmd), (24 bytes).
    Removing stm32f10x_usart.o(i.USART_IrDAConfig), (18 bytes).
    Removing stm32f10x_usart.o(i.USART_LINBreakDetectLengthConfig), (18 bytes).
    Removing stm32f10x_usart.o(i.USART_LINCmd), (24 bytes).
    Removing stm32f10x_usart.o(i.USART_OneBitMethodCmd), (24 bytes).
    Removing stm32f10x_usart.o(i.USART_OverSampling8Cmd), (22 bytes).
    Removing stm32f10x_usart.o(i.USART_ReceiverWakeUpCmd), (24 bytes).
    Removing stm32f10x_usart.o(i.USART_SendBreak), (10 bytes).
    Removing stm32f10x_usart.o(i.USART_SendData), (8 bytes).
    Removing stm32f10x_usart.o(i.USART_SetAddress), (18 bytes).
    Removing stm32f10x_usart.o(i.USART_SetGuardTime), (16 bytes).
    Removing stm32f10x_usart.o(i.USART_SetPrescaler), (16 bytes).
    Removing stm32f10x_usart.o(i.USART_SmartCardCmd), (24 bytes).
    Removing stm32f10x_usart.o(i.USART_SmartCardNACKCmd), (24 bytes).
    Removing stm32f10x_usart.o(i.USART_StructInit), (24 bytes).
    Removing stm32f10x_usart.o(i.USART_WakeUpConfig), (18 bytes).
    Removing stm32f10x_exti.o(i.EXTI_ClearFlag), (12 bytes).
    Removing stm32f10x_exti.o(i.EXTI_ClearITPendingBit), (12 bytes).
    Removing stm32f10x_exti.o(i.EXTI_DeInit), (36 bytes).
    Removing stm32f10x_exti.o(i.EXTI_GenerateSWInterrupt), (16 bytes).
    Removing stm32f10x_exti.o(i.EXTI_GetFlagStatus), (24 bytes).
    Removing stm32f10x_exti.o(i.EXTI_GetITStatus), (40 bytes).
    Removing stm32f10x_exti.o(i.EXTI_Init), (148 bytes).
    Removing stm32f10x_exti.o(i.EXTI_StructInit), (16 bytes).
    Removing usart.o(i.USART_ITON), (20 bytes).
    Removing usart.o(i.Usart_Receive_Bytes), (82 bytes).
    Removing usart.o(i.Usart_Send_Bytes), (56 bytes).
    Removing usart.o(i.fputc), (36 bytes).
    Removing st7789v.o(i.Pow), (22 bytes).
    Removing st7789v.o(i.SPI_SetSpeed), (40 bytes).
    Removing st7789v.o(i.ST7789V_DMAEnable), (56 bytes).
    Removing st7789v.o(i.ST7789V_DMAInit), (132 bytes).
    Removing st7789v.o(i.ST7789V_DisplayCmd), (26 bytes).
    Removing st7789v.o(i.ST7789V_IdleModeCmd), (26 bytes).
    Removing st7789v.o(i.ST7789V_LcdDrawCircle), (178 bytes).
    Removing st7789v.o(i.ST7789V_LcdDrawLine), (174 bytes).
    Removing st7789v.o(i.ST7789V_LcdDrawRectangle), (84 bytes).
    Removing st7789v.o(i.ST7789V_LcdShowFloatNum), (176 bytes).
    Removing st7789v.o(i.ST7789V_LcdShowIntNum), (158 bytes).
    Removing st7789v.o(i.ST7789V_PartialDisplayModeCmd), (62 bytes).
    Removing st7789v.o(i.ST7789V_SendOneColor), (12 bytes).
    Removing st7789v.o(i.ST7789V_SleepModeCmd), (38 bytes).
    Removing st7789v.o(i.ST7789V_VerticalScrollMode), (144 bytes).
    Removing st7789v.o(.data), (5 bytes).
    Removing core_cm3.o(.emb_text), (32 bytes).
    Removing system_stm32f10x.o(i.SystemCoreClockUpdate), (164 bytes).
    Removing system_stm32f10x.o(.data), (20 bytes).
    Removing startup_stm32f10x_hd.o(HEAP), (512 bytes).
    Removing fmul.o(.text), (100 bytes).
    Removing ffixui.o(.text), (40 bytes).

138 unused section(s) (total 6261 bytes) removed from the image.

==============================================================================

Image Symbol Table

    Local Symbols

    Symbol Name                              Value     Ov Type        Size  Object(Section)

    ../clib/microlib/init/entry.s            0x00000000   Number         0  entry.o ABSOLUTE
    ../clib/microlib/init/entry.s            0x00000000   Number         0  entry11b.o ABSOLUTE
    ../clib/microlib/init/entry.s            0x00000000   Number         0  entry11a.o ABSOLUTE
    ../clib/microlib/init/entry.s            0x00000000   Number         0  entry10b.o ABSOLUTE
    ../clib/microlib/init/entry.s            0x00000000   Number         0  entry10a.o ABSOLUTE
    ../clib/microlib/init/entry.s            0x00000000   Number         0  entry9b.o ABSOLUTE
    ../clib/microlib/init/entry.s            0x00000000   Number         0  entry8b.o ABSOLUTE
    ../clib/microlib/init/entry.s            0x00000000   Number         0  entry8a.o ABSOLUTE
    ../clib/microlib/init/entry.s            0x00000000   Number         0  entry7b.o ABSOLUTE
    ../clib/microlib/init/entry.s            0x00000000   Number         0  entry7a.o ABSOLUTE
    ../clib/microlib/init/entry.s            0x00000000   Number         0  entry5.o ABSOLUTE
    ../clib/microlib/init/entry.s            0x00000000   Number         0  entry2.o ABSOLUTE
    ../clib/microlib/init/entry.s            0x00000000   Number         0  entry9a.o ABSOLUTE
    ../clib/microlib/stubs.s                 0x00000000   Number         0  iusefp.o ABSOLUTE
    ../fplib/microlib/fpfix.c                0x00000000   Number         0  ffixui.o ABSOLUTE
    ../fplib/microlib/fpmul.c                0x00000000   Number         0  fmul.o ABSOLUTE
    Driver\2.8 TFTLCD ST7789V\st7789v.c      0x00000000   Number         0  st7789v.o ABSOLUTE
    Driver\DELAY\delay.c                     0x00000000   Number         0  delay.o ABSOLUTE
    Driver\STM32F10x_StdPeriph_Driver\src\misc.c 0x00000000   Number         0  misc.o ABSOLUTE
    Driver\STM32F10x_StdPeriph_Driver\src\stm32f10x_dma.c 0x00000000   Number         0  stm32f10x_dma.o ABSOLUTE
    Driver\STM32F10x_StdPeriph_Driver\src\stm32f10x_exti.c 0x00000000   Number         0  stm32f10x_exti.o ABSOLUTE
    Driver\STM32F10x_StdPeriph_Driver\src\stm32f10x_gpio.c 0x00000000   Number         0  stm32f10x_gpio.o ABSOLUTE
    Driver\STM32F10x_StdPeriph_Driver\src\stm32f10x_rcc.c 0x00000000   Number         0  stm32f10x_rcc.o ABSOLUTE
    Driver\STM32F10x_StdPeriph_Driver\src\stm32f10x_spi.c 0x00000000   Number         0  stm32f10x_spi.o ABSOLUTE
    Driver\STM32F10x_StdPeriph_Driver\src\stm32f10x_usart.c 0x00000000   Number         0  stm32f10x_usart.o ABSOLUTE
    Driver\Usart\usart.c                     0x00000000   Number         0  usart.o ABSOLUTE
    Libraries\CMSIS\core_cm3.c               0x00000000   Number         0  core_cm3.o ABSOLUTE
    Libraries\CMSIS\startup_stm32f10x_hd.s   0x00000000   Number         0  startup_stm32f10x_hd.o ABSOLUTE
    Libraries\CMSIS\system_stm32f10x.c       0x00000000   Number         0  system_stm32f10x.o ABSOLUTE
    Libraries\\CMSIS\\core_cm3.c             0x00000000   Number         0  core_cm3.o ABSOLUTE
    User\Interrupt\stm32f10x_it.c            0x00000000   Number         0  stm32f10x_it.o ABSOLUTE
    User\main.c                              0x00000000   Number         0  main.o ABSOLUTE
    dc.s                                     0x00000000   Number         0  dc.o ABSOLUTE
    handlers.s                               0x00000000   Number         0  handlers.o ABSOLUTE
    init.s                                   0x00000000   Number         0  init.o ABSOLUTE
    RESET                                    0x08000000   Section      304  startup_stm32f10x_hd.o(RESET)
    .ARM.Collect$$$$00000000                 0x08000130   Section        0  entry.o(.ARM.Collect$$$$00000000)
    .ARM.Collect$$$$00000001                 0x08000130   Section        4  entry2.o(.ARM.Collect$$$$00000001)
    .ARM.Collect$$$$00000004                 0x08000134   Section        4  entry5.o(.ARM.Collect$$$$00000004)
    .ARM.Collect$$$$00000008                 0x08000138   Section        0  entry7b.o(.ARM.Collect$$$$00000008)
    .ARM.Collect$$$$0000000A                 0x08000138   Section        0  entry8b.o(.ARM.Collect$$$$0000000A)
    .ARM.Collect$$$$0000000B                 0x08000138   Section        8  entry9a.o(.ARM.Collect$$$$0000000B)
    .ARM.Collect$$$$0000000D                 0x08000140   Section        0  entry10a.o(.ARM.Collect$$$$0000000D)
    .ARM.Collect$$$$0000000F                 0x08000140   Section        0  entry11a.o(.ARM.Collect$$$$0000000F)
    .ARM.Collect$$$$00002712                 0x08000140   Section        4  entry2.o(.ARM.Collect$$$$00002712)
    __lit__00000000                          0x08000140   Data           4  entry2.o(.ARM.Collect$$$$00002712)
    .text                                    0x08000144   Section       36  startup_stm32f10x_hd.o(.text)
    .text                                    0x08000168   Section       36  init.o(.text)
    i.BusFault_Handler                       0x0800018c   Section        0  stm32f10x_it.o(i.BusFault_Handler)
    i.Correct_DelayMs                        0x08000190   Section        0  delay.o(i.Correct_DelayMs)
    i.DebugMon_Handler                       0x080001dc   Section        0  stm32f10x_it.o(i.DebugMon_Handler)
    i.GPIO_Init                              0x080001de   Section        0  stm32f10x_gpio.o(i.GPIO_Init)
    i.GPIO_SetBits                           0x080002f4   Section        0  stm32f10x_gpio.o(i.GPIO_SetBits)
    i.HardFault_Handler                      0x080002f8   Section        0  stm32f10x_it.o(i.HardFault_Handler)
    i.MemManage_Handler                      0x080002fc   Section        0  stm32f10x_it.o(i.MemManage_Handler)
    i.My_Usart_Init                          0x08000300   Section        0  usart.o(i.My_Usart_Init)
    i.NMI_Handler                            0x080003ac   Section        0  stm32f10x_it.o(i.NMI_Handler)
    i.NVIC_Init                              0x080003b0   Section        0  misc.o(i.NVIC_Init)
    i.NVIC_PriorityGroupConfig               0x08000420   Section        0  misc.o(i.NVIC_PriorityGroupConfig)
    i.PendSV_Handler                         0x08000434   Section        0  stm32f10x_it.o(i.PendSV_Handler)
    i.RCC_APB2PeriphClockCmd                 0x08000438   Section        0  stm32f10x_rcc.o(i.RCC_APB2PeriphClockCmd)
    i.RCC_GetClocksFreq                      0x08000458   Section        0  stm32f10x_rcc.o(i.RCC_GetClocksFreq)
    i.Rough_DelayMs                          0x0800052c   Section        0  delay.o(i.Rough_DelayMs)
    i.SPI_Cmd                                0x0800054c   Section        0  stm32f10x_spi.o(i.SPI_Cmd)
    i.SPI_I2S_GetFlagStatus                  0x08000564   Section        0  stm32f10x_spi.o(i.SPI_I2S_GetFlagStatus)
    i.SPI_I2S_SendData                       0x08000576   Section        0  stm32f10x_spi.o(i.SPI_I2S_SendData)
    i.SPI_Init                               0x0800057a   Section        0  stm32f10x_spi.o(i.SPI_Init)
    i.ST7789V_AdaptiveBrightnessColorEnhancementInit 0x080005b6   Section        0  st7789v.o(i.ST7789V_AdaptiveBrightnessColorEnhancementInit)
    i.ST7789V_FillLcdScreen                  0x080005d6   Section        0  st7789v.o(i.ST7789V_FillLcdScreen)
    i.ST7789V_GPIOInit                       0x0800061c   Section        0  st7789v.o(i.ST7789V_GPIOInit)
    i.ST7789V_LcdDrawPoint                   0x08000694   Section        0  st7789v.o(i.ST7789V_LcdDrawPoint)
    i.ST7789V_LcdInit                        0x080006b4   Section        0  st7789v.o(i.ST7789V_LcdInit)
    i.ST7789V_LcdShowChar                    0x0800084c   Section        0  st7789v.o(i.ST7789V_LcdShowChar)
    i.ST7789V_LcdShowChinese                 0x080009b0   Section        0  st7789v.o(i.ST7789V_LcdShowChinese)
    i.ST7789V_LcdShowChinese12x12            0x08000a48   Section        0  st7789v.o(i.ST7789V_LcdShowChinese12x12)
    i.ST7789V_LcdShowChinese16x16            0x08000b9c   Section        0  st7789v.o(i.ST7789V_LcdShowChinese16x16)
    i.ST7789V_LcdShowChinese24x24            0x08000cdc   Section        0  st7789v.o(i.ST7789V_LcdShowChinese24x24)
    i.ST7789V_LcdShowChinese32x32            0x08000e30   Section        0  st7789v.o(i.ST7789V_LcdShowChinese32x32)
    i.ST7789V_LcdShowPicture                 0x08000f70   Section        0  st7789v.o(i.ST7789V_LcdShowPicture)
    i.ST7789V_LcdShowString                  0x08000fda   Section        0  st7789v.o(i.ST7789V_LcdShowString)
    i.ST7789V_Reset                          0x0800101c   Section        0  st7789v.o(i.ST7789V_Reset)
    i.ST7789V_SPIInit                        0x08001044   Section        0  st7789v.o(i.ST7789V_SPIInit)
    i.ST7789V_SPISend                        0x080010e0   Section        0  st7789v.o(i.ST7789V_SPISend)
    i.ST7789V_SPISendCmdByte                 0x08001118   Section        0  st7789v.o(i.ST7789V_SPISendCmdByte)
    i.ST7789V_SPISendData2Bytes              0x0800113c   Section        0  st7789v.o(i.ST7789V_SPISendData2Bytes)
    i.ST7789V_SPISendDataByte                0x0800114e   Section        0  st7789v.o(i.ST7789V_SPISendDataByte)
    i.ST7789V_SetDir                         0x0800115a   Section        0  st7789v.o(i.ST7789V_SetDir)
    i.ST7789V_SetLcdAddress                  0x0800118e   Section        0  st7789v.o(i.ST7789V_SetLcdAddress)
    i.SVC_Handler                            0x08001282   Section        0  stm32f10x_it.o(i.SVC_Handler)
    i.SetSysClock                            0x08001284   Section        0  system_stm32f10x.o(i.SetSysClock)
    SetSysClock                              0x08001285   Thumb Code     8  system_stm32f10x.o(i.SetSysClock)
    i.SetSysClockTo72                        0x0800128c   Section        0  system_stm32f10x.o(i.SetSysClockTo72)
    SetSysClockTo72                          0x0800128d   Thumb Code   214  system_stm32f10x.o(i.SetSysClockTo72)
    i.SysTick_CLKSourceConfig                0x0800136c   Section        0  misc.o(i.SysTick_CLKSourceConfig)
    i.SysTick_Handler                        0x08001394   Section        0  stm32f10x_it.o(i.SysTick_Handler)
    i.SysTick_Init                           0x08001398   Section        0  delay.o(i.SysTick_Init)
    i.SystemInit                             0x080013d4   Section        0  system_stm32f10x.o(i.SystemInit)
    i.USART1_IRQHandler                      0x08001434   Section        0  usart.o(i.USART1_IRQHandler)
    i.USART_ClearFlag                        0x080014bc   Section        0  stm32f10x_usart.o(i.USART_ClearFlag)
    i.USART_Cmd                              0x080014ce   Section        0  stm32f10x_usart.o(i.USART_Cmd)
    i.USART_GetITStatus                      0x080014e6   Section        0  stm32f10x_usart.o(i.USART_GetITStatus)
    i.USART_Init                             0x0800153c   Section        0  stm32f10x_usart.o(i.USART_Init)
    i.USART_ReceiveData                      0x08001614   Section        0  stm32f10x_usart.o(i.USART_ReceiveData)
    i.UsageFault_Handler                     0x0800161e   Section        0  stm32f10x_it.o(i.UsageFault_Handler)
    i.__scatterload_copy                     0x08001622   Section       14  handlers.o(i.__scatterload_copy)
    i.__scatterload_null                     0x08001630   Section        2  handlers.o(i.__scatterload_null)
    i.__scatterload_zeroinit                 0x08001632   Section       14  handlers.o(i.__scatterload_zeroinit)
    i.delay                                  0x08001640   Section        0  st7789v.o(i.delay)
    i.main                                   0x0800164c   Section        0  main.o(i.main)
    .constdata                               0x0800175c   Section    471688  main.o(.constdata)
    .constdata                               0x080749e4   Section    15140  st7789v.o(.constdata)
    .data                                    0x20000000   Section       20  stm32f10x_rcc.o(.data)
    APBAHBPrescTable                         0x20000000   Data          16  stm32f10x_rcc.o(.data)
    ADCPrescTable                            0x20000010   Data           4  stm32f10x_rcc.o(.data)
    .data                                    0x20000014   Section        4  delay.o(.data)
    us                                       0x20000014   Data           1  delay.o(.data)
    ms                                       0x20000016   Data           2  delay.o(.data)
    .data                                    0x20000018   Section        2  usart.o(.data)
    .bss                                     0x2000001c   Section      200  usart.o(.bss)
    STACK                                    0x200000e8   Section     1024  startup_stm32f10x_hd.o(STACK)

    Global Symbols

    Symbol Name                              Value     Ov Type        Size  Object(Section)

    BuildAttributes$$THM_ISAv4$P$D$K$B$S$PE$A:L22UL41UL21$X:L11$S22US41US21$IEEE1$IW$USESV6$~STKCKD$USESV7$~SHL$OSPACE$ROPI$EBA8$MICROLIB$REQ8$PRES8$EABIv2 0x00000000   Number         0  anon$$obj.o ABSOLUTE
    __ARM_use_no_argv                        0x00000000   Number         0  main.o ABSOLUTE
    __cpp_initialize__aeabi_                  - Undefined Weak Reference
    __cxa_finalize                            - Undefined Weak Reference
    __decompress                              - Undefined Weak Reference
    _clock_init                               - Undefined Weak Reference
    _microlib_exit                            - Undefined Weak Reference
    __Vectors_Size                           0x00000130   Number         0  startup_stm32f10x_hd.o ABSOLUTE
    __Vectors                                0x08000000   Data           4  startup_stm32f10x_hd.o(RESET)
    __Vectors_End                            0x08000130   Data           0  startup_stm32f10x_hd.o(RESET)
    __main                                   0x08000131   Thumb Code     0  entry.o(.ARM.Collect$$$$00000000)
    _main_stk                                0x08000131   Thumb Code     0  entry2.o(.ARM.Collect$$$$00000001)
    _main_scatterload                        0x08000135   Thumb Code     0  entry5.o(.ARM.Collect$$$$00000004)
    __main_after_scatterload                 0x08000139   Thumb Code     0  entry5.o(.ARM.Collect$$$$00000004)
    _main_clock                              0x08000139   Thumb Code     0  entry7b.o(.ARM.Collect$$$$00000008)
    _main_cpp_init                           0x08000139   Thumb Code     0  entry8b.o(.ARM.Collect$$$$0000000A)
    _main_init                               0x08000139   Thumb Code     0  entry9a.o(.ARM.Collect$$$$0000000B)
    __rt_final_cpp                           0x08000141   Thumb Code     0  entry10a.o(.ARM.Collect$$$$0000000D)
    __rt_final_exit                          0x08000141   Thumb Code     0  entry11a.o(.ARM.Collect$$$$0000000F)
    Reset_Handler                            0x08000145   Thumb Code     8  startup_stm32f10x_hd.o(.text)
    ADC1_2_IRQHandler                        0x0800015f   Thumb Code     0  startup_stm32f10x_hd.o(.text)
    ADC3_IRQHandler                          0x0800015f   Thumb Code     0  startup_stm32f10x_hd.o(.text)
    CAN1_RX1_IRQHandler                      0x0800015f   Thumb Code     0  startup_stm32f10x_hd.o(.text)
    CAN1_SCE_IRQHandler                      0x0800015f   Thumb Code     0  startup_stm32f10x_hd.o(.text)
    DMA1_Channel1_IRQHandler                 0x0800015f   Thumb Code     0  startup_stm32f10x_hd.o(.text)
    DMA1_Channel2_IRQHandler                 0x0800015f   Thumb Code     0  startup_stm32f10x_hd.o(.text)
    DMA1_Channel3_IRQHandler                 0x0800015f   Thumb Code     0  startup_stm32f10x_hd.o(.text)
    DMA1_Channel4_IRQHandler                 0x0800015f   Thumb Code     0  startup_stm32f10x_hd.o(.text)
    DMA1_Channel5_IRQHandler                 0x0800015f   Thumb Code     0  startup_stm32f10x_hd.o(.text)
    DMA1_Channel6_IRQHandler                 0x0800015f   Thumb Code     0  startup_stm32f10x_hd.o(.text)
    DMA1_Channel7_IRQHandler                 0x0800015f   Thumb Code     0  startup_stm32f10x_hd.o(.text)
    DMA2_Channel1_IRQHandler                 0x0800015f   Thumb Code     0  startup_stm32f10x_hd.o(.text)
    DMA2_Channel2_IRQHandler                 0x0800015f   Thumb Code     0  startup_stm32f10x_hd.o(.text)
    DMA2_Channel3_IRQHandler                 0x0800015f   Thumb Code     0  startup_stm32f10x_hd.o(.text)
    DMA2_Channel4_5_IRQHandler               0x0800015f   Thumb Code     0  startup_stm32f10x_hd.o(.text)
    EXTI0_IRQHandler                         0x0800015f   Thumb Code     0  startup_stm32f10x_hd.o(.text)
    EXTI15_10_IRQHandler                     0x0800015f   Thumb Code     0  startup_stm32f10x_hd.o(.text)
    EXTI1_IRQHandler                         0x0800015f   Thumb Code     0  startup_stm32f10x_hd.o(.text)
    EXTI2_IRQHandler                         0x0800015f   Thumb Code     0  startup_stm32f10x_hd.o(.text)
    EXTI3_IRQHandler                         0x0800015f   Thumb Code     0  startup_stm32f10x_hd.o(.text)
    EXTI4_IRQHandler                         0x0800015f   Thumb Code     0  startup_stm32f10x_hd.o(.text)
    EXTI9_5_IRQHandler                       0x0800015f   Thumb Code     0  startup_stm32f10x_hd.o(.text)
    FLASH_IRQHandler                         0x0800015f   Thumb Code     0  startup_stm32f10x_hd.o(.text)
    FSMC_IRQHandler                          0x0800015f   Thumb Code     0  startup_stm32f10x_hd.o(.text)
    I2C1_ER_IRQHandler                       0x0800015f   Thumb Code     0  startup_stm32f10x_hd.o(.text)
    I2C1_EV_IRQHandler                       0x0800015f   Thumb Code     0  startup_stm32f10x_hd.o(.text)
    I2C2_ER_IRQHandler                       0x0800015f   Thumb Code     0  startup_stm32f10x_hd.o(.text)
    I2C2_EV_IRQHandler                       0x0800015f   Thumb Code     0  startup_stm32f10x_hd.o(.text)
    PVD_IRQHandler                           0x0800015f   Thumb Code     0  startup_stm32f10x_hd.o(.text)
    RCC_IRQHandler                           0x0800015f   Thumb Code     0  startup_stm32f10x_hd.o(.text)
    RTCAlarm_IRQHandler                      0x0800015f   Thumb Code     0  startup_stm32f10x_hd.o(.text)
    RTC_IRQHandler                           0x0800015f   Thumb Code     0  startup_stm32f10x_hd.o(.text)
    SDIO_IRQHandler                          0x0800015f   Thumb Code     0  startup_stm32f10x_hd.o(.text)
    SPI1_IRQHandler                          0x0800015f   Thumb Code     0  startup_stm32f10x_hd.o(.text)
    SPI2_IRQHandler                          0x0800015f   Thumb Code     0  startup_stm32f10x_hd.o(.text)
    SPI3_IRQHandler                          0x0800015f   Thumb Code     0  startup_stm32f10x_hd.o(.text)
    TAMPER_IRQHandler                        0x0800015f   Thumb Code     0  startup_stm32f10x_hd.o(.text)
    TIM1_BRK_IRQHandler                      0x0800015f   Thumb Code     0  startup_stm32f10x_hd.o(.text)
    TIM1_CC_IRQHandler                       0x0800015f   Thumb Code     0  startup_stm32f10x_hd.o(.text)
    TIM1_TRG_COM_IRQHandler                  0x0800015f   Thumb Code     0  startup_stm32f10x_hd.o(.text)
    TIM1_UP_IRQHandler                       0x0800015f   Thumb Code     0  startup_stm32f10x_hd.o(.text)
    TIM2_IRQHandler                          0x0800015f   Thumb Code     0  startup_stm32f10x_hd.o(.text)
    TIM3_IRQHandler                          0x0800015f   Thumb Code     0  startup_stm32f10x_hd.o(.text)
    TIM4_IRQHandler                          0x0800015f   Thumb Code     0  startup_stm32f10x_hd.o(.text)
    TIM5_IRQHandler                          0x0800015f   Thumb Code     0  startup_stm32f10x_hd.o(.text)
    TIM6_IRQHandler                          0x0800015f   Thumb Code     0  startup_stm32f10x_hd.o(.text)
    TIM7_IRQHandler                          0x0800015f   Thumb Code     0  startup_stm32f10x_hd.o(.text)
    TIM8_BRK_IRQHandler                      0x0800015f   Thumb Code     0  startup_stm32f10x_hd.o(.text)
    TIM8_CC_IRQHandler                       0x0800015f   Thumb Code     0  startup_stm32f10x_hd.o(.text)
    TIM8_TRG_COM_IRQHandler                  0x0800015f   Thumb Code     0  startup_stm32f10x_hd.o(.text)
    TIM8_UP_IRQHandler                       0x0800015f   Thumb Code     0  startup_stm32f10x_hd.o(.text)
    UART4_IRQHandler                         0x0800015f   Thumb Code     0  startup_stm32f10x_hd.o(.text)
    UART5_IRQHandler                         0x0800015f   Thumb Code     0  startup_stm32f10x_hd.o(.text)
    USART2_IRQHandler                        0x0800015f   Thumb Code     0  startup_stm32f10x_hd.o(.text)
    USART3_IRQHandler                        0x0800015f   Thumb Code     0  startup_stm32f10x_hd.o(.text)
    USBWakeUp_IRQHandler                     0x0800015f   Thumb Code     0  startup_stm32f10x_hd.o(.text)
    USB_HP_CAN1_TX_IRQHandler                0x0800015f   Thumb Code     0  startup_stm32f10x_hd.o(.text)
    USB_LP_CAN1_RX0_IRQHandler               0x0800015f   Thumb Code     0  startup_stm32f10x_hd.o(.text)
    WWDG_IRQHandler                          0x0800015f   Thumb Code     0  startup_stm32f10x_hd.o(.text)
    __scatterload                            0x08000169   Thumb Code    28  init.o(.text)
    __scatterload_rt2                        0x08000169   Thumb Code     0  init.o(.text)
    BusFault_Handler                         0x0800018d   Thumb Code     4  stm32f10x_it.o(i.BusFault_Handler)
    Correct_DelayMs                          0x08000191   Thumb Code    72  delay.o(i.Correct_DelayMs)
    DebugMon_Handler                         0x080001dd   Thumb Code     2  stm32f10x_it.o(i.DebugMon_Handler)
    GPIO_Init                                0x080001df   Thumb Code   278  stm32f10x_gpio.o(i.GPIO_Init)
    GPIO_SetBits                             0x080002f5   Thumb Code     4  stm32f10x_gpio.o(i.GPIO_SetBits)
    HardFault_Handler                        0x080002f9   Thumb Code     4  stm32f10x_it.o(i.HardFault_Handler)
    MemManage_Handler                        0x080002fd   Thumb Code     4  stm32f10x_it.o(i.MemManage_Handler)
    My_Usart_Init                            0x08000301   Thumb Code   164  usart.o(i.My_Usart_Init)
    NMI_Handler                              0x080003ad   Thumb Code     2  stm32f10x_it.o(i.NMI_Handler)
    NVIC_Init                                0x080003b1   Thumb Code   100  misc.o(i.NVIC_Init)
    NVIC_PriorityGroupConfig                 0x08000421   Thumb Code    10  misc.o(i.NVIC_PriorityGroupConfig)
    PendSV_Handler                           0x08000435   Thumb Code     2  stm32f10x_it.o(i.PendSV_Handler)
    RCC_APB2PeriphClockCmd                   0x08000439   Thumb Code    26  stm32f10x_rcc.o(i.RCC_APB2PeriphClockCmd)
    RCC_GetClocksFreq                        0x08000459   Thumb Code   192  stm32f10x_rcc.o(i.RCC_GetClocksFreq)
    Rough_DelayMs                            0x0800052d   Thumb Code    32  delay.o(i.Rough_DelayMs)
    SPI_Cmd                                  0x0800054d   Thumb Code    24  stm32f10x_spi.o(i.SPI_Cmd)
    SPI_I2S_GetFlagStatus                    0x08000565   Thumb Code    18  stm32f10x_spi.o(i.SPI_I2S_GetFlagStatus)
    SPI_I2S_SendData                         0x08000577   Thumb Code     4  stm32f10x_spi.o(i.SPI_I2S_SendData)
    SPI_Init                                 0x0800057b   Thumb Code    60  stm32f10x_spi.o(i.SPI_Init)
    ST7789V_AdaptiveBrightnessColorEnhancementInit 0x080005b7   Thumb Code    32  st7789v.o(i.ST7789V_AdaptiveBrightnessColorEnhancementInit)
    ST7789V_FillLcdScreen                    0x080005d7   Thumb Code    68  st7789v.o(i.ST7789V_FillLcdScreen)
    ST7789V_GPIOInit                         0x0800061d   Thumb Code   114  st7789v.o(i.ST7789V_GPIOInit)
    ST7789V_LcdDrawPoint                     0x08000695   Thumb Code    32  st7789v.o(i.ST7789V_LcdDrawPoint)
    ST7789V_LcdInit                          0x080006b5   Thumb Code   406  st7789v.o(i.ST7789V_LcdInit)
    ST7789V_LcdShowChar                      0x0800084d   Thumb Code   338  st7789v.o(i.ST7789V_LcdShowChar)
    ST7789V_LcdShowChinese                   0x080009b1   Thumb Code   152  st7789v.o(i.ST7789V_LcdShowChinese)
    ST7789V_LcdShowChinese12x12              0x08000a49   Thumb Code   334  st7789v.o(i.ST7789V_LcdShowChinese12x12)
    ST7789V_LcdShowChinese16x16              0x08000b9d   Thumb Code   316  st7789v.o(i.ST7789V_LcdShowChinese16x16)
    ST7789V_LcdShowChinese24x24              0x08000cdd   Thumb Code   334  st7789v.o(i.ST7789V_LcdShowChinese24x24)
    ST7789V_LcdShowChinese32x32              0x08000e31   Thumb Code   316  st7789v.o(i.ST7789V_LcdShowChinese32x32)
    ST7789V_LcdShowPicture                   0x08000f71   Thumb Code   106  st7789v.o(i.ST7789V_LcdShowPicture)
    ST7789V_LcdShowString                    0x08000fdb   Thumb Code    66  st7789v.o(i.ST7789V_LcdShowString)
    ST7789V_Reset                            0x0800101d   Thumb Code    30  st7789v.o(i.ST7789V_Reset)
    ST7789V_SPIInit                          0x08001045   Thumb Code   148  st7789v.o(i.ST7789V_SPIInit)
    ST7789V_SPISend                          0x080010e1   Thumb Code    46  st7789v.o(i.ST7789V_SPISend)
    ST7789V_SPISendCmdByte                   0x08001119   Thumb Code    26  st7789v.o(i.ST7789V_SPISendCmdByte)
    ST7789V_SPISendData2Bytes                0x0800113d   Thumb Code    18  st7789v.o(i.ST7789V_SPISendData2Bytes)
    ST7789V_SPISendDataByte                  0x0800114f   Thumb Code    12  st7789v.o(i.ST7789V_SPISendDataByte)
    ST7789V_SetDir                           0x0800115b   Thumb Code    52  st7789v.o(i.ST7789V_SetDir)
    ST7789V_SetLcdAddress                    0x0800118f   Thumb Code   244  st7789v.o(i.ST7789V_SetLcdAddress)
    SVC_Handler                              0x08001283   Thumb Code     2  stm32f10x_it.o(i.SVC_Handler)
    SysTick_CLKSourceConfig                  0x0800136d   Thumb Code    40  misc.o(i.SysTick_CLKSourceConfig)
    SysTick_Handler                          0x08001395   Thumb Code     2  stm32f10x_it.o(i.SysTick_Handler)
    SysTick_Init                             0x08001399   Thumb Code    52  delay.o(i.SysTick_Init)
    SystemInit                               0x080013d5   Thumb Code    78  system_stm32f10x.o(i.SystemInit)
    USART1_IRQHandler                        0x08001435   Thumb Code   122  usart.o(i.USART1_IRQHandler)
    USART_ClearFlag                          0x080014bd   Thumb Code    18  stm32f10x_usart.o(i.USART_ClearFlag)
    USART_Cmd                                0x080014cf   Thumb Code    24  stm32f10x_usart.o(i.USART_Cmd)
    USART_GetITStatus                        0x080014e7   Thumb Code    84  stm32f10x_usart.o(i.USART_GetITStatus)
    USART_Init                               0x0800153d   Thumb Code   210  stm32f10x_usart.o(i.USART_Init)
    USART_ReceiveData                        0x08001615   Thumb Code    10  stm32f10x_usart.o(i.USART_ReceiveData)
    UsageFault_Handler                       0x0800161f   Thumb Code     4  stm32f10x_it.o(i.UsageFault_Handler)
    __scatterload_copy                       0x08001623   Thumb Code    14  handlers.o(i.__scatterload_copy)
    __scatterload_null                       0x08001631   Thumb Code     2  handlers.o(i.__scatterload_null)
    __scatterload_zeroinit                   0x08001633   Thumb Code    14  handlers.o(i.__scatterload_zeroinit)
    delay                                    0x08001641   Thumb Code    12  st7789v.o(i.delay)
    main                                     0x0800164d   Thumb Code   232  main.o(i.main)
    gImage_fu                                0x0800175c   Data       104168  main.o(.constdata)
    gImage_per                               0x0801ae44   Data       86400  main.o(.constdata)
    gImage_ren                               0x0802ffc4   Data       109440  main.o(.constdata)
    gImage_water                             0x0804ab44   Data       86880  main.o(.constdata)
    Mountain                                 0x0805fea4   Data       81600  main.o(.constdata)
    gImage_1                                 0x08073d64   Data        3200  main.o(.constdata)
    ascii_1206                               0x080749e4   Data        1140  st7789v.o(.constdata)
    ascii_1608                               0x08074e58   Data        1520  st7789v.o(.constdata)
    ascii_2412                               0x08075448   Data        4560  st7789v.o(.constdata)
    ascii_3216                               0x08076618   Data        6080  st7789v.o(.constdata)
    tfont12                                  0x08077dd8   Data         130  st7789v.o(.constdata)
    tfont16                                  0x08077e5a   Data         170  st7789v.o(.constdata)
    tfont24                                  0x08077f04   Data         370  st7789v.o(.constdata)
    tfont32                                  0x08078076   Data        1170  st7789v.o(.constdata)
    Region$$Table$$Base                      0x08078508   Number         0  anon$$obj.o(Region$$Table)
    Region$$Table$$Limit                     0x08078528   Number         0  anon$$obj.o(Region$$Table)
    USART1_RX_STA                            0x20000018   Data           2  usart.o(.data)
    USART1_RX_BUF                            0x2000001c   Data         200  usart.o(.bss)
    __initial_sp                             0x200004e8   Data           0  startup_stm32f10x_hd.o(STACK)



==============================================================================

Memory Map of the image

  Image Entry point : 0x08000131

  Load Region LR_IROM1 (Base: 0x08000000, Size: 0x00078544, Max: 0x00080000, ABSOLUTE)

    Execution Region ER_IROM1 (Exec base: 0x08000000, Load base: 0x08000000, Size: 0x00078528, Max: 0x00080000, ABSOLUTE)

    Exec Addr    Load Addr    Size         Type   Attr      Idx    E Section Name        Object

    0x08000000   0x08000000   0x00000130   Data   RO         1366    RESET               startup_stm32f10x_hd.o
    0x08000130   0x08000130   0x00000000   Code   RO         1371  * .ARM.Collect$$$$00000000  mc_w.l(entry.o)
    0x08000130   0x08000130   0x00000004   Code   RO         1378    .ARM.Collect$$$$00000001  mc_w.l(entry2.o)
    0x08000134   0x08000134   0x00000004   Code   RO         1381    .ARM.Collect$$$$00000004  mc_w.l(entry5.o)
    0x08000138   0x08000138   0x00000000   Code   RO         1383    .ARM.Collect$$$$00000008  mc_w.l(entry7b.o)
    0x08000138   0x08000138   0x00000000   Code   RO         1385    .ARM.Collect$$$$0000000A  mc_w.l(entry8b.o)
    0x08000138   0x08000138   0x00000008   Code   RO         1386    .ARM.Collect$$$$0000000B  mc_w.l(entry9a.o)
    0x08000140   0x08000140   0x00000000   Code   RO         1388    .ARM.Collect$$$$0000000D  mc_w.l(entry10a.o)
    0x08000140   0x08000140   0x00000000   Code   RO         1390    .ARM.Collect$$$$0000000F  mc_w.l(entry11a.o)
    0x08000140   0x08000140   0x00000004   Code   RO         1379    .ARM.Collect$$$$00002712  mc_w.l(entry2.o)
    0x08000144   0x08000144   0x00000024   Code   RO         1367    .text               startup_stm32f10x_hd.o
    0x08000168   0x08000168   0x00000024   Code   RO         1393    .text               mc_w.l(init.o)
    0x0800018c   0x0800018c   0x00000004   Code   RO          128    i.BusFault_Handler  stm32f10x_it.o
    0x08000190   0x08000190   0x0000004c   Code   RO          757    i.Correct_DelayMs   delay.o
    0x080001dc   0x080001dc   0x00000002   Code   RO          129    i.DebugMon_Handler  stm32f10x_it.o
    0x080001de   0x080001de   0x00000116   Code   RO          233    i.GPIO_Init         stm32f10x_gpio.o
    0x080002f4   0x080002f4   0x00000004   Code   RO          241    i.GPIO_SetBits      stm32f10x_gpio.o
    0x080002f8   0x080002f8   0x00000004   Code   RO          130    i.HardFault_Handler  stm32f10x_it.o
    0x080002fc   0x080002fc   0x00000004   Code   RO          131    i.MemManage_Handler  stm32f10x_it.o
    0x08000300   0x08000300   0x000000ac   Code   RO         1032    i.My_Usart_Init     usart.o
    0x080003ac   0x080003ac   0x00000002   Code   RO          132    i.NMI_Handler       stm32f10x_it.o
    0x080003ae   0x080003ae   0x00000002   PAD
    0x080003b0   0x080003b0   0x00000070   Code   RO          191    i.NVIC_Init         misc.o
    0x08000420   0x08000420   0x00000014   Code   RO          192    i.NVIC_PriorityGroupConfig  misc.o
    0x08000434   0x08000434   0x00000002   Code   RO          133    i.PendSV_Handler    stm32f10x_it.o
    0x08000436   0x08000436   0x00000002   PAD
    0x08000438   0x08000438   0x00000020   Code   RO          345    i.RCC_APB2PeriphClockCmd  stm32f10x_rcc.o
    0x08000458   0x08000458   0x000000d4   Code   RO          353    i.RCC_GetClocksFreq  stm32f10x_rcc.o
    0x0800052c   0x0800052c   0x00000020   Code   RO          759    i.Rough_DelayMs     delay.o
    0x0800054c   0x0800054c   0x00000018   Code   RO          618    i.SPI_Cmd           stm32f10x_spi.o
    0x08000564   0x08000564   0x00000012   Code   RO          626    i.SPI_I2S_GetFlagStatus  stm32f10x_spi.o
    0x08000576   0x08000576   0x00000004   Code   RO          630    i.SPI_I2S_SendData  stm32f10x_spi.o
    0x0800057a   0x0800057a   0x0000003c   Code   RO          631    i.SPI_Init          stm32f10x_spi.o
    0x080005b6   0x080005b6   0x00000020   Code   RO         1083    i.ST7789V_AdaptiveBrightnessColorEnhancementInit  st7789v.o
    0x080005d6   0x080005d6   0x00000044   Code   RO         1087    i.ST7789V_FillLcdScreen  st7789v.o
    0x0800061a   0x0800061a   0x00000002   PAD
    0x0800061c   0x0800061c   0x00000078   Code   RO         1088    i.ST7789V_GPIOInit  st7789v.o
    0x08000694   0x08000694   0x00000020   Code   RO         1092    i.ST7789V_LcdDrawPoint  st7789v.o
    0x080006b4   0x080006b4   0x00000196   Code   RO         1094    i.ST7789V_LcdInit   st7789v.o
    0x0800084a   0x0800084a   0x00000002   PAD
    0x0800084c   0x0800084c   0x00000164   Code   RO         1095    i.ST7789V_LcdShowChar  st7789v.o
    0x080009b0   0x080009b0   0x00000098   Code   RO         1096    i.ST7789V_LcdShowChinese  st7789v.o
    0x08000a48   0x08000a48   0x00000154   Code   RO         1097    i.ST7789V_LcdShowChinese12x12  st7789v.o
    0x08000b9c   0x08000b9c   0x00000140   Code   RO         1098    i.ST7789V_LcdShowChinese16x16  st7789v.o
    0x08000cdc   0x08000cdc   0x00000154   Code   RO         1099    i.ST7789V_LcdShowChinese24x24  st7789v.o
    0x08000e30   0x08000e30   0x00000140   Code   RO         1100    i.ST7789V_LcdShowChinese32x32  st7789v.o
    0x08000f70   0x08000f70   0x0000006a   Code   RO         1103    i.ST7789V_LcdShowPicture  st7789v.o
    0x08000fda   0x08000fda   0x00000042   Code   RO         1104    i.ST7789V_LcdShowString  st7789v.o
    0x0800101c   0x0800101c   0x00000028   Code   RO         1106    i.ST7789V_Reset     st7789v.o
    0x08001044   0x08001044   0x0000009c   Code   RO         1107    i.ST7789V_SPIInit   st7789v.o
    0x080010e0   0x080010e0   0x00000038   Code   RO         1108    i.ST7789V_SPISend   st7789v.o
    0x08001118   0x08001118   0x00000024   Code   RO         1109    i.ST7789V_SPISendCmdByte  st7789v.o
    0x0800113c   0x0800113c   0x00000012   Code   RO         1110    i.ST7789V_SPISendData2Bytes  st7789v.o
    0x0800114e   0x0800114e   0x0000000c   Code   RO         1111    i.ST7789V_SPISendDataByte  st7789v.o
    0x0800115a   0x0800115a   0x00000034   Code   RO         1113    i.ST7789V_SetDir    st7789v.o
    0x0800118e   0x0800118e   0x000000f4   Code   RO         1114    i.ST7789V_SetLcdAddress  st7789v.o
    0x08001282   0x08001282   0x00000002   Code   RO          134    i.SVC_Handler       stm32f10x_it.o
    0x08001284   0x08001284   0x00000008   Code   RO         1330    i.SetSysClock       system_stm32f10x.o
    0x0800128c   0x0800128c   0x000000e0   Code   RO         1331    i.SetSysClockTo72   system_stm32f10x.o
    0x0800136c   0x0800136c   0x00000028   Code   RO          195    i.SysTick_CLKSourceConfig  misc.o
    0x08001394   0x08001394   0x00000002   Code   RO          135    i.SysTick_Handler   stm32f10x_it.o
    0x08001396   0x08001396   0x00000002   PAD
    0x08001398   0x08001398   0x0000003c   Code   RO          761    i.SysTick_Init      delay.o
    0x080013d4   0x080013d4   0x00000060   Code   RO         1333    i.SystemInit        system_stm32f10x.o
    0x08001434   0x08001434   0x00000088   Code   RO         1033    i.USART1_IRQHandler  usart.o
    0x080014bc   0x080014bc   0x00000012   Code   RO          798    i.USART_ClearFlag   stm32f10x_usart.o
    0x080014ce   0x080014ce   0x00000018   Code   RO          802    i.USART_Cmd         stm32f10x_usart.o
    0x080014e6   0x080014e6   0x00000054   Code   RO          806    i.USART_GetITStatus  stm32f10x_usart.o
    0x0800153a   0x0800153a   0x00000002   PAD
    0x0800153c   0x0800153c   0x000000d8   Code   RO          809    i.USART_Init        stm32f10x_usart.o
    0x08001614   0x08001614   0x0000000a   Code   RO          816    i.USART_ReceiveData  stm32f10x_usart.o
    0x0800161e   0x0800161e   0x00000004   Code   RO          136    i.UsageFault_Handler  stm32f10x_it.o
    0x08001622   0x08001622   0x0000000e   Code   RO         1397    i.__scatterload_copy  mc_w.l(handlers.o)
    0x08001630   0x08001630   0x00000002   Code   RO         1398    i.__scatterload_null  mc_w.l(handlers.o)
    0x08001632   0x08001632   0x0000000e   Code   RO         1399    i.__scatterload_zeroinit  mc_w.l(handlers.o)
    0x08001640   0x08001640   0x0000000c   Code   RO         1117    i.delay             st7789v.o
    0x0800164c   0x0800164c   0x00000110   Code   RO            1    i.main              main.o
    0x0800175c   0x0800175c   0x00073288   Data   RO            2    .constdata          main.o
    0x080749e4   0x080749e4   0x00003b24   Data   RO         1118    .constdata          st7789v.o
    0x08078508   0x08078508   0x00000020   Data   RO         1395    Region$$Table       anon$$obj.o


    Execution Region RW_IRAM1 (Exec base: 0x20000000, Load base: 0x08078528, Size: 0x000004e8, Max: 0x00010000, ABSOLUTE)

    Exec Addr    Load Addr    Size         Type   Attr      Idx    E Section Name        Object

    0x20000000   0x08078528   0x00000014   Data   RW          373    .data               stm32f10x_rcc.o
    0x20000014   0x0807853c   0x00000004   Data   RW          762    .data               delay.o
    0x20000018   0x08078540   0x00000002   Data   RW         1039    .data               usart.o
    0x2000001a   0x08078542   0x00000002   PAD
    0x2000001c        -       0x000000c8   Zero   RW         1038    .bss                usart.o
    0x200000e4   0x08078542   0x00000004   PAD
    0x200000e8        -       0x00000400   Zero   RW         1364    STACK               startup_stm32f10x_hd.o


==============================================================================

Image component sizes


      Code (inc. data)   RO Data    RW Data    ZI Data      Debug   Object Name

         0          0          0          0          0         32   core_cm3.o
       168         12          0          4          0       1769   delay.o
       272         40     471688          0          0     243097   main.o
       172         22          0          0          0       2229   misc.o
      3284         82      15140          0          0      21558   st7789v.o
        36          8        304          0       1024        824   startup_stm32f10x_hd.o
       282          0          0          0          0       2631   stm32f10x_gpio.o
        26          0          0          0          0       4078   stm32f10x_it.o
       244         26          0         20          0       4021   stm32f10x_rcc.o
       106          0          0          0          0       3496   stm32f10x_spi.o
       352          6          0          0          0       4963   stm32f10x_usart.o
       328         28          0          0          0       1977   system_stm32f10x.o
       308         22          0          2        200       1946   usart.o

    ----------------------------------------------------------------------
      5590        246     487164         28       1228     292621   Object Totals
         0          0         32          0          0          0   (incl. Generated)
        12          0          0          2          4          0   (incl. Padding)

    ----------------------------------------------------------------------

      Code (inc. data)   RO Data    RW Data    ZI Data      Debug   Library Member Name

         0          0          0          0          0          0   entry.o
         0          0          0          0          0          0   entry10a.o
         0          0          0          0          0          0   entry11a.o
         8          4          0          0          0          0   entry2.o
         4          0          0          0          0          0   entry5.o
         0          0          0          0          0          0   entry7b.o
         0          0          0          0          0          0   entry8b.o
         8          4          0          0          0          0   entry9a.o
        30          0          0          0          0          0   handlers.o
        36          8          0          0          0         68   init.o

    ----------------------------------------------------------------------
        86         16          0          0          0         68   Library Totals
         0          0          0          0          0          0   (incl. Padding)

    ----------------------------------------------------------------------

      Code (inc. data)   RO Data    RW Data    ZI Data      Debug   Library Name

        86         16          0          0          0         68   mc_w.l

    ----------------------------------------------------------------------
        86         16          0          0          0         68   Library Totals

    ----------------------------------------------------------------------

==============================================================================


      Code (inc. data)   RO Data    RW Data    ZI Data      Debug   

      5676        262     487164         28       1228     290137   Grand Totals
      5676        262     487164         28       1228     290137   ELF Image Totals
      5676        262     487164         28          0          0   ROM Totals

==============================================================================

    Total RO  Size (Code + RO Data)               492840 ( 481.29kB)
    Total RW  Size (RW Data + ZI Data)              1256 (   1.23kB)
    Total ROM Size (Code + RO Data + RW Data)     492868 ( 481.32kB)

==============================================================================

