Component: ARM Compiler 5.06 update 6 (build 750) Tool: armlink [4d35ed]

==============================================================================

Section Cross References

    startup_stm32g473xx.o(STACK) refers (Special) to heapauxi.o(.text) for __use_two_region_memory
    startup_stm32g473xx.o(HEAP) refers (Special) to heapauxi.o(.text) for __use_two_region_memory
    startup_stm32g473xx.o(RESET) refers (Special) to heapauxi.o(.text) for __use_two_region_memory
    startup_stm32g473xx.o(RESET) refers to startup_stm32g473xx.o(STACK) for __initial_sp
    startup_stm32g473xx.o(RESET) refers to startup_stm32g473xx.o(.text) for Reset_Handler
    startup_stm32g473xx.o(RESET) refers to stm32g4xx_it.o(i.NMI_Handler) for NMI_Handler
    startup_stm32g473xx.o(RESET) refers to stm32g4xx_it.o(i.HardFault_Handler) for HardFault_Handler
    startup_stm32g473xx.o(RESET) refers to stm32g4xx_it.o(i.MemManage_Handler) for MemManage_Handler
    startup_stm32g473xx.o(RESET) refers to stm32g4xx_it.o(i.BusFault_Handler) for BusFault_Handler
    startup_stm32g473xx.o(RESET) refers to stm32g4xx_it.o(i.UsageFault_Handler) for UsageFault_Handler
    startup_stm32g473xx.o(RESET) refers to stm32g4xx_it.o(i.SVC_Handler) for SVC_Handler
    startup_stm32g473xx.o(RESET) refers to stm32g4xx_it.o(i.DebugMon_Handler) for DebugMon_Handler
    startup_stm32g473xx.o(RESET) refers to stm32g4xx_it.o(i.PendSV_Handler) for PendSV_Handler
    startup_stm32g473xx.o(RESET) refers to stm32g4xx_it.o(i.SysTick_Handler) for SysTick_Handler
    startup_stm32g473xx.o(RESET) refers to sys_timer.o(i.TIM2_IRQHandler) for TIM2_IRQHandler
    startup_stm32g473xx.o(RESET) refers to uart_comm.o(i.USART1_IRQHandler) for USART1_IRQHandler
    startup_stm32g473xx.o(RESET) refers to uart_debug.o(i.USART3_IRQHandler) for USART3_IRQHandler
    startup_stm32g473xx.o(.text) refers (Special) to heapauxi.o(.text) for __use_two_region_memory
    startup_stm32g473xx.o(.text) refers to system_stm32g4xx.o(i.SystemInit) for SystemInit
    startup_stm32g473xx.o(.text) refers to __main.o(!!!main) for __main
    startup_stm32g473xx.o(.text) refers to startup_stm32g473xx.o(HEAP) for Heap_Mem
    startup_stm32g473xx.o(.text) refers to startup_stm32g473xx.o(STACK) for Stack_Mem
    main.o(i.main) refers to init.o(i.Init_Sys) for Init_Sys
    main.o(i.main) refers to init.o(i.IWDG_Init) for IWDG_Init
    main.o(i.main) refers to init.o(i.SystemClock_Config) for SystemClock_Config
    main.o(i.main) refers to init.o(i.Init_Hardware) for Init_Hardware
    main.o(i.main) refers to init.o(i.Init_App) for Init_App
    main.o(i.main) refers to task.o(i.Task1_Handler) for Task1_Handler
    main.o(i.main) refers to task.o(i.Task2_Handler) for Task2_Handler
    main.o(i.main) refers to task.o(i.Task3_Handler) for Task3_Handler
    main.o(i.main) refers to sys_timer.o(.data) for task1_flag
    gpio.o(i.MX_GPIO_Init) refers to rt_memclr_w.o(.text) for __aeabi_memclr4
    gpio.o(i.MX_GPIO_Init) refers to gpio.o(i.LL_AHB2_GRP1_EnableClock) for LL_AHB2_GRP1_EnableClock
    gpio.o(i.MX_GPIO_Init) refers to stm32g4xx_ll_gpio.o(i.LL_GPIO_Init) for LL_GPIO_Init
    adc.o(i.MX_ADC1_Init) refers to rt_memclr_w.o(.text) for __aeabi_memclr4
    adc.o(i.MX_ADC1_Init) refers to adc.o(i.LL_RCC_SetADCClockSource) for LL_RCC_SetADCClockSource
    adc.o(i.MX_ADC1_Init) refers to adc.o(i.LL_AHB2_GRP1_EnableClock) for LL_AHB2_GRP1_EnableClock
    adc.o(i.MX_ADC1_Init) refers to stm32g4xx_ll_gpio.o(i.LL_GPIO_Init) for LL_GPIO_Init
    adc.o(i.MX_ADC1_Init) refers to stm32g4xx_ll_adc.o(i.LL_ADC_Init) for LL_ADC_Init
    adc.o(i.MX_ADC1_Init) refers to stm32g4xx_ll_adc.o(i.LL_ADC_REG_Init) for LL_ADC_REG_Init
    adc.o(i.MX_ADC1_Init) refers to adc.o(i.LL_ADC_SetGainCompensation) for LL_ADC_SetGainCompensation
    adc.o(i.MX_ADC1_Init) refers to adc.o(i.LL_ADC_SetOverSamplingScope) for LL_ADC_SetOverSamplingScope
    adc.o(i.MX_ADC1_Init) refers to stm32g4xx_ll_adc.o(i.LL_ADC_CommonInit) for LL_ADC_CommonInit
    adc.o(i.MX_ADC1_Init) refers to adc.o(i.LL_ADC_EnableInternalRegulator) for LL_ADC_EnableInternalRegulator
    adc.o(i.MX_ADC1_Init) refers to adc.o(i.LL_ADC_REG_SetSequencerRanks) for LL_ADC_REG_SetSequencerRanks
    adc.o(i.MX_ADC1_Init) refers to adc.o(i.LL_ADC_SetChannelSamplingTime) for LL_ADC_SetChannelSamplingTime
    adc.o(i.MX_ADC1_Init) refers to adc.o(i.LL_ADC_SetChannelSingleDiff) for LL_ADC_SetChannelSingleDiff
    adc.o(i.MX_ADC1_Init) refers to system_stm32g4xx.o(.data) for SystemCoreClock
    adc.o(i.MX_ADC2_Init) refers to rt_memclr_w.o(.text) for __aeabi_memclr4
    adc.o(i.MX_ADC2_Init) refers to adc.o(i.LL_RCC_SetADCClockSource) for LL_RCC_SetADCClockSource
    adc.o(i.MX_ADC2_Init) refers to adc.o(i.LL_AHB2_GRP1_EnableClock) for LL_AHB2_GRP1_EnableClock
    adc.o(i.MX_ADC2_Init) refers to stm32g4xx_ll_gpio.o(i.LL_GPIO_Init) for LL_GPIO_Init
[...]
    i.MX_GPIO_Init                           0x080035e4   Section        0  gpio.o(i.MX_GPIO_Init)
    i.MX_TIM2_Init                           0x08003808   Section        0  sys_timer.o(i.MX_TIM2_Init)
    i.MX_USART1_UART_Init                    0x080038a8   Section        0  uart_comm.o(i.MX_USART1_UART_Init)
    MX_USART1_UART_Init                      0x080038a9   Thumb Code   298  uart_comm.o(i.MX_USART1_UART_Init)
    i.MX_USART3_UART_Init                    0x080039e0   Section        0  uart_debug.o(i.MX_USART3_UART_Init)
    MX_USART3_UART_Init                      0x080039e1   Thumb Code   216  uart_debug.o(i.MX_USART3_UART_Init)
    i.MemManage_Handler                      0x08003ac4   Section        0  stm32g4xx_it.o(i.MemManage_Handler)
    i.NMI_Handler                            0x08003ac6   Section        0  stm32g4xx_it.o(i.NMI_Handler)
    i.NVIC_EncodePriority                    0x08003ac8   Section        0  uart_comm.o(i.NVIC_EncodePriority)
    NVIC_EncodePriority                      0x08003ac9   Thumb Code    50  uart_comm.o(i.NVIC_EncodePriority)
    i.PendSV_Handler                         0x08003afa   Section        0  stm32g4xx_it.o(i.PendSV_Handler)
    i.RCC_GetHCLKClockFreq                   0x08003afc   Section        0  stm32g4xx_ll_rcc.o(i.RCC_GetHCLKClockFreq)
    RCC_GetHCLKClockFreq                     0x08003afd   Thumb Code    22  stm32g4xx_ll_rcc.o(i.RCC_GetHCLKClockFreq)
    i.RCC_GetPCLK1ClockFreq                  0x08003b1c   Section        0  stm32g4xx_ll_rcc.o(i.RCC_GetPCLK1ClockFreq)
    RCC_GetPCLK1ClockFreq                    0x08003b1d   Thumb Code    24  stm32g4xx_ll_rcc.o(i.RCC_GetPCLK1ClockFreq)
    i.RCC_GetPCLK2ClockFreq                  0x08003b3c   Section        0  stm32g4xx_ll_rcc.o(i.RCC_GetPCLK2ClockFreq)
    RCC_GetPCLK2ClockFreq                    0x08003b3d   Thumb Code    24  stm32g4xx_ll_rcc.o(i.RCC_GetPCLK2ClockFreq)
    i.RCC_GetSystemClockFreq                 0x08003b5c   Section        0  stm32g4xx_ll_rcc.o(i.RCC_GetSystemClockFreq)
    RCC_GetSystemClockFreq                   0x08003b5d   Thumb Code    88  stm32g4xx_ll_rcc.o(i.RCC_GetSystemClockFreq)
    i.SGM58031_ConvertToVoltage_4096V        0x08003bbc   Section        0  sgm58031.o(i.SGM58031_ConvertToVoltage_4096V)
    i.SGM58031_Init                          0x08003be0   Section        0  sgm58031.o(i.SGM58031_Init)
    i.SGM58031_ReadChannel                   0x08003bec   Section        0  sgm58031.o(i.SGM58031_ReadChannel)
    i.SGM58031_ReadVoltage                   0x08003c40   Section        0  sgm58031.o(i.SGM58031_ReadVoltage)
    i.SVC_Handler                            0x08003cf4   Section        0  stm32g4xx_it.o(i.SVC_Handler)
    i.SysTick_Handler                        0x08003cf6   Section        0  stm32g4xx_it.o(i.SysTick_Handler)
    i.SystemClock_Config                     0x08003cf8   Section        0  init.o(i.SystemClock_Config)
    i.SystemInit                             0x08003db8   Section        0  system_stm32g4xx.o(i.SystemInit)
    i.TIM2_IRQHandler                        0x08003dc8   Section        0  sys_timer.o(i.TIM2_IRQHandler)
    i.Task1_Handler                          0x08003e18   Section        0  task.o(i.Task1_Handler)
    i.Task2_Handler                          0x08003e50   Section        0  task.o(i.Task2_Handler)
    i.Task3_Handler                          0x08003e7c   Section        0  task.o(i.Task3_Handler)
    i.UART1_Init                             0x08003f30   Section        0  uart_comm.o(i.UART1_Init)
    i.UART1_Parse_Data                       0x08003fb0   Section        0  uart_comm.o(i.UART1_Parse_Data)
    i.UART1_Send_IT                          0x08004064   Section        0  uart_comm.o(i.UART1_Send_IT)
    i.UART1_Send_Struct                      0x080040bc   Section        0  uart_comm.o(i.UART1_Send_Struct)
    i.UART_Init                              0x080040ec   Section        0  uart_debug.o(i.UART_Init)
    i.UART_Send_IT                           0x08004128   Section        0  uart_debug.o(i.UART_Send_IT)
    i.USART1_IRQHandler                      0x0800416c   Section        0  uart_comm.o(i.USART1_IRQHandler)
    i.USART3_IRQHandler                      0x08004220   Section        0  uart_debug.o(i.USART3_IRQHandler)
    i.Uart1StartNextTransmission             0x080042d8   Section        0  uart_comm.o(i.Uart1StartNextTransmission)
    Uart1StartNextTransmission               0x080042d9   Thumb Code   106  uart_comm.o(i.Uart1StartNextTransmission)
    i.Uart1TxQueueAdd                        0x08004350   Section        0  uart_comm.o(i.Uart1TxQueueAdd)
    Uart1TxQueueAdd                          0x08004351   Thumb Code    84  uart_comm.o(i.Uart1TxQueueAdd)
    i.Uart1TxQueueIsFull                     0x080043ac   Section        0  uart_comm.o(i.Uart1TxQueueIsFull)
    Uart1TxQueueIsFull                       0x080043ad   Thumb Code    30  uart_comm.o(i.Uart1TxQueueIsFull)
    i.UartStartNextTransmission              0x080043d0   Section        0  uart_debug.o(i.UartStartNextTransmission)
    UartStartNextTransmission                0x080043d1   Thumb Code   110  uart_debug.o(i.UartStartNextTransmission)
    i.UartTxQueueAdd                         0x0800444c   Section        0  uart_debug.o(i.UartTxQueueAdd)
    UartTxQueueAdd                           0x0800444d   Thumb Code    88  uart_debug.o(i.UartTxQueueAdd)
    i.UartTxQueueIsFull                      0x080044ac   Section        0  uart_debug.o(i.UartTxQueueIsFull)
    UartTxQueueIsFull                        0x080044ad   Thumb Code    30  uart_debug.o(i.UartTxQueueIsFull)
    i.UsageFault_Handler                     0x080044d0   Section        0  stm32g4xx_it.o(i.UsageFault_Handler)
    i.__ARM_fpclassify                       0x080044d2   Section        0  fpclassify.o(i.__ARM_fpclassify)
    i.__NVIC_EnableIRQ                       0x08004502   Section        0  uart_comm.o(i.__NVIC_EnableIRQ)
    __NVIC_EnableIRQ                         0x08004503   Thumb Code    26  uart_comm.o(i.__NVIC_EnableIRQ)
    i.__NVIC_SetPriority                     0x0800451c   Section        0  uart_comm.o(i.__NVIC_SetPriority)
    __NVIC_SetPriority                       0x0800451d   Thumb Code    32  uart_comm.o(i.__NVIC_SetPriority)
    i._is_digit                              0x0800453c   Section        0  __printf_wp.o(i._is_digit)
    i.main                                   0x0800454c   Section        0  main.o(i.main)
    locale$$code                             0x0800459c   Section       44  lc_numeric_c.o(locale$$code)
    locale$$code                             0x080045c8   Section       44  lc_ctype_c.o(locale$$code)
    x$fpl$dretinf                            0x080045f4   Section       12  dretinf.o(x$fpl$dretinf)
    $v0                                      0x080045f4   Number         0  dretinf.o(x$fpl$dretinf)
    x$fpl$f2d                                0x08004600   Section       86  f2d.o(x$fpl$f2d)
    $v0                                      0x08004600   Number         0  f2d.o(x$fpl$f2d)
    x$fpl$fnaninf                            0x08004656   Section      140  fnaninf.o(x$fpl$fnaninf)
    $v0                                      0x08004656   Number         0  fnaninf.o(x$fpl$fnaninf)
    x$fpl$fpinit                             0x080046e2   Section       10  fpinit.o(x$fpl$fpinit)
    $v0                                      0x080046e2   Number         0  fpinit.o(x$fpl$fpinit)
    x$fpl$printf1                            0x080046ec   Section        4  printf1.o(x$fpl$printf1)
    $v0                                      0x080046ec   Number         0  printf1.o(x$fpl$printf1)
    x$fpl$printf2                            0x080046f0   Section        4  printf2.o(x$fpl$printf2)
    $v0                                      0x080046f0   Number         0  printf2.o(x$fpl$printf2)
    .constdata                               0x080046f4   Section       48  stm32g4xx_ll_usart.o(.constdata)
    x$fpl$usenofp                            0x080046f4   Section        0  usenofp.o(x$fpl$usenofp)
    USART_PRESCALER_TAB                      0x080046f4   Data          48  stm32g4xx_ll_usart.o(.constdata)
    .constdata                               0x08004724   Section       16  system_stm32g4xx.o(.constdata)
    .constdata                               0x08004734   Section        8  system_stm32g4xx.o(.constdata)
    .constdata                               0x0800473c   Section        8  _printf_wctomb.o(.constdata)
    initial_mbstate                          0x0800473c   Data           8  _printf_wctomb.o(.constdata)
    .constdata                               0x08004744   Section       40  _printf_hex_int_ll_ptr.o(.constdata)
    uc_hextab                                0x08004744   Data          20  _printf_hex_int_ll_ptr.o(.constdata)
    lc_hextab                                0x08004758   Data          20  _printf_hex_int_ll_ptr.o(.constdata)
    .constdata                               0x0800476c   Section       17  __printf_flags_ss_wp.o(.constdata)
    maptable                                 0x0800476c   Data          17  __printf_flags_ss_wp.o(.constdata)
    .constdata                               0x0800477d   Section       38  _printf_fp_hex.o(.constdata)
    lc_hextab                                0x0800477d   Data          19  _printf_fp_hex.o(.constdata)
    uc_hextab                                0x08004790   Data          19  _printf_fp_hex.o(.constdata)
    .constdata                               0x080047a4   Section      148  bigflt0.o(.constdata)
    tenpwrs_x                                0x080047a4   Data          60  bigflt0.o(.constdata)
    tenpwrs_i                                0x080047e0   Data          64  bigflt0.o(.constdata)
    locale$$data                             0x08004858   Section       28  lc_numeric_c.o(locale$$data)
    __lcnum_c_name                           0x0800485c   Data           2  lc_numeric_c.o(locale$$data)
    __lcnum_c_start                          0x08004864   Data           0  lc_numeric_c.o(locale$$data)
    __lcnum_c_point                          0x08004870   Data           0  lc_numeric_c.o(locale$$data)
    __lcnum_c_thousands                      0x08004872   Data           0  lc_numeric_c.o(locale$$data)
    __lcnum_c_grouping                       0x08004873   Data           0  lc_numeric_c.o(locale$$data)
    locale$$data                             0x08004874   Section      272  lc_ctype_c.o(locale$$data)
    __lcnum_c_end                            0x08004874   Data           0  lc_numeric_c.o(locale$$data)
    __lcctype_c_name                         0x08004878   Data           2  lc_ctype_c.o(locale$$data)
    __lcctype_c_start                        0x08004880   Data           0  lc_ctype_c.o(locale$$data)
    __lcctype_c_end                          0x08004984   Data           0  lc_ctype_c.o(locale$$data)
    .data                                    0x20000000   Section        4  system_stm32g4xx.o(.data)
    .data                                    0x20000004   Section       20  sys_timer.o(.data)
    system_tick                              0x20000008   Data           4  sys_timer.o(.data)
    task1_counter                            0x2000000c   Data           4  sys_timer.o(.data)
    task2_counter                            0x20000010   Data           4  sys_timer.o(.data)
    task3_counter                            0x20000014   Data           4  sys_timer.o(.data)
    .data                                    0x20000018   Section        7  uart_comm.o(.data)
    parse_state                              0x2000001a   Data           1  uart_comm.o(.data)
    .data                                    0x2000001f   Section        2  uart_debug.o(.data)
    .data                                    0x20000022   Section        8  common_adc.o(.data)
    g_adc_raw                                0x20000022   Data           8  common_adc.o(.data)
    .bss                                     0x2000002c   Section    11836  uart_comm.o(.bss)
    .bss                                     0x20002e68   Section     7198  uart_debug.o(.bss)
    .bss                                     0x20004a88   Section       16  common_adc.o(.bss)
    g_adc_voltage                            0x20004a88   Data          16  common_adc.o(.bss)
    .bss                                     0x20004a98   Section       14  task.o(.bss)
    sensor_data                              0x20004a98   Data          14  task.o(.bss)
    .bss                                     0x20004aa8   Section       96  libspace.o(.bss)
    HEAP                                     0x20004b08   Section      512  startup_stm32g473xx.o(HEAP)
    Heap_Mem                                 0x20004b08   Data         512  startup_stm32g473xx.o(HEAP)
    STACK                                    0x20004d08   Section     1024  startup_stm32g473xx.o(STACK)
    Stack_Mem                                0x20004d08   Data        1024  startup_stm32g473xx.o(STACK)
    __initial_sp                             0x20005108   Data           0  startup_stm32g473xx.o(STACK)

    Global Symbols

    Symbol Name                              Value     Ov Type        Size  Object(Section)

    BuildAttributes$$THM_ISAv4$E$P$D$K$B$S$7EM$VFPi3$EXTD16$VFPS$VFMA$PE$A:L22UL41UL21$X:L11$S22US41US21$IEEE1$IW$USESV6$~STKCKD$USESV7$~SHL$OTIME$ROPI$IEEEJ$EBA8$UX$STANDARDLIB$REQ8$PRES8$EABIv2 0x00000000   Number         0  anon$$obj.o ABSOLUTE
    __ARM_use_no_argv                        0x00000000   Number         0  main.o ABSOLUTE
    _printf_flags                            0x00000000   Number         0  printf_stubs.o ABSOLUTE
    _printf_return_value                     0x00000000   Number         0  printf_stubs.o ABSOLUTE
    _printf_sizespec                         0x00000000   Number         0  printf_stubs.o ABSOLUTE
    _printf_widthprec                        0x00000000   Number         0  printf_stubs.o ABSOLUTE
    __ARM_exceptions_init                     - Undefined Weak Reference
    __alloca_initialize                       - Undefined Weak Reference
    __arm_preinit_                            - Undefined Weak Reference
    __cpp_initialize__aeabi_                  - Undefined Weak Reference
    __cxa_finalize                            - Undefined Weak Reference
    __sigvec_lookup                           - Undefined Weak Reference
    _atexit_init                              - Undefined Weak Reference
    _call_atexit_fns                          - Undefined Weak Reference
    _clock_init                               - Undefined Weak Reference
    _fp_trap_init                             - Undefined Weak Reference
    _fp_trap_shutdown                         - Undefined Weak Reference
    _get_lc_collate                           - Undefined Weak Reference
    _get_lc_monetary                          - Undefined Weak Reference
    _get_lc_time                              - Undefined Weak Reference
    _getenv_init                              - Undefined Weak Reference
    _handle_redirection                       - Undefined Weak Reference
    _init_alloc                               - Undefined Weak Reference
    _init_user_alloc                          - Undefined Weak Reference
    _initio                                   - Undefined Weak Reference
    _printf_mbtowc                            - Undefined Weak Reference
    _printf_wc                                - Undefined Weak Reference
    _rand_init                                - Undefined Weak Reference
    _signal_finish                            - Undefined Weak Reference
    _signal_init                              - Undefined Weak Reference
    _terminate_alloc                          - Undefined Weak Reference
    _terminate_user_alloc                     - Undefined Weak Reference
    _terminateio                              - Undefined Weak Reference
    __Vectors_Size                           0x000001d8   Number         0  startup_stm32g473xx.o ABSOLUTE
    __Vectors                                0x08000000   Data           4  startup_stm32g473xx.o(RESET)
    __Vectors_End                            0x080001d8   Data           0  startup_stm32g473xx.o(RESET)
    __main                                   0x080001d9   Thumb Code     8  __main.o(!!!main)
    __scatterload                            0x080001e1   Thumb Code     0  __scatter.o(!!!scatter)
    __scatterload_rt2                        0x080001e1   Thumb Code    44  __scatter.o(!!!scatter)
    __scatterload_rt2_thumb_only             0x080001e1   Thumb Code     0  __scatter.o(!!!scatter)
    __scatterload_null                       0x080001ef   Thumb Code     0  __scatter.o(!!!scatter)
    __scatterload_copy                       0x08000215   Thumb Code    26  __scatter_copy.o(!!handler_copy)
    __scatterload_zeroinit                   0x08000231   Thumb Code    28  __scatter_zi.o(!!handler_zi)
    _printf_n                                0x0800024d   Thumb Code     0  _printf_n.o(.ARM.Collect$$_printf_percent$$00000001)
    _printf_percent                          0x0800024d   Thumb Code     0  _printf_percent.o(.ARM.Collect$$_printf_percent$$00000000)
    _printf_p                                0x08000253   Thumb Code     0  _printf_p.o(.ARM.Collect$$_printf_percent$$00000002)
    _printf_f                                0x08000259   Thumb Code     0  _printf_f.o(.ARM.Collect$$_printf_percent$$00000003)
    _printf_e                                0x0800025f   Thumb Code     0  _printf_e.o(.ARM.Collect$$_printf_percent$$00000004)
    _printf_g                                0x08000265   Thumb Code     0  _printf_g.o(.ARM.Collect$$_printf_percent$$00000005)
    _printf_a                                0x0800026b   Thumb Code     0  _printf_a.o(.ARM.Collect$$_printf_percent$$00000006)
    _printf_ll                               0x08000271   Thumb Code     0  _printf_ll.o(.ARM.Collect$$_printf_percent$$00000007)
    _printf_i                                0x0800027b   Thumb Code     0  _printf_i.o(.ARM.Collect$$_printf_percent$$00000008)
    _printf_d                                0x08000281   Thumb Code     0  _printf_d.o(.ARM.Collect$$_printf_percent$$00000009)
    _printf_u                                0x08000287   Thumb Code     0  _printf_u.o(.ARM.Collect$$_printf_percent$$0000000A)
    _printf_o                                0x0800028d   Thumb Code     0  _printf_o.o(.ARM.Collect$$_printf_percent$$0000000B)
    _printf_x                                0x08000293   Thumb Code     0  _printf_x.o(.ARM.Collect$$_printf_percent$$0000000C)
    _printf_lli                              0x08000299   Thumb Code     0  _printf_lli.o(.ARM.Collect$$_printf_percent$$0000000D)
    _printf_lld                              0x0800029f   Thumb Code     0  _printf_lld.o(.ARM.Collect$$_printf_percent$$0000000E)
    _printf_llu                              0x080002a5   Thumb Code     0  _printf_llu.o(.ARM.Collect$$_printf_percent$$0000000F)
    _printf_llo                              0x080002ab   Thumb Code     0  _printf_llo.o(.ARM.Collect$$_printf_percent$$00000010)
    _printf_llx                              0x080002b1   Thumb Code     0  _printf_llx.o(.ARM.Collect$$_printf_percent$$00000011)
    _printf_l                                0x080002b7   Thumb Code     0  _printf_l.o(.ARM.Collect$$_printf_percent$$00000012)
    _printf_c                                0x080002c1   Thumb Code     0  _printf_c.o(.ARM.Collect$$_printf_percent$$00000013)
    _printf_s                                0x080002c7   Thumb Code     0  _printf_s.o(.ARM.Collect$$_printf_percent$$00000014)
    _printf_lc                               0x080002cd   Thumb Code     0  _printf_lc.o(.ARM.Collect$$_printf_percent$$00000015)
    _printf_ls                               0x080002d3   Thumb Code     0  _printf_ls.o(.ARM.Collect$$_printf_percent$$00000016)
    _printf_percent_end                      0x080002d9   Thumb Code     0  _printf_percent_end.o(.ARM.Collect$$_printf_percent$$00000017)
    __rt_lib_init                            0x080002dd   Thumb Code     0  libinit.o(.ARM.Collect$$libinit$$00000000)
    __rt_lib_init_fp_1                       0x080002df   Thumb Code     0  libinit2.o(.ARM.Collect$$libinit$$00000001)
    __rt_lib_init_heap_1                     0x080002e3   Thumb Code     0  libinit2.o(.ARM.Collect$$libinit$$0000000A)
    __rt_lib_init_lc_common                  0x080002e3   Thumb Code     0  libinit2.o(.ARM.Collect$$libinit$$0000000F)
    __rt_lib_init_preinit_1                  0x080002e3   Thumb Code     0  libinit2.o(.ARM.Collect$$libinit$$00000004)
    __rt_lib_init_rand_1                     0x080002e3   Thumb Code     0  libinit2.o(.ARM.Collect$$libinit$$0000000E)
    __rt_lib_init_user_alloc_1               0x080002e3   Thumb Code     0  libinit2.o(.ARM.Collect$$libinit$$0000000C)
    __rt_lib_init_lc_collate_1               0x080002e9   Thumb Code     0  libinit2.o(.ARM.Collect$$libinit$$00000011)
    __rt_lib_init_lc_ctype_2                 0x080002e9   Thumb Code     0  libinit2.o(.ARM.Collect$$libinit$$00000012)
    __rt_lib_init_lc_ctype_1                 0x080002f5   Thumb Code     0  libinit2.o(.ARM.Collect$$libinit$$00000013)
    __rt_lib_init_lc_monetary_1              0x080002f5   Thumb Code     0  libinit2.o(.ARM.Collect$$libinit$$00000015)
    __rt_lib_init_lc_numeric_2               0x080002f5   Thumb Code     0  libinit2.o(.ARM.Collect$$libinit$$00000016)
    __rt_lib_init_alloca_1                   0x080002ff   Thumb Code     0  libinit2.o(.ARM.Collect$$libinit$$0000002E)
    __rt_lib_init_argv_1                     0x080002ff   Thumb Code     0  libinit2.o(.ARM.Collect$$libinit$$0000002C)
    __rt_lib_init_atexit_1                   0x080002ff   Thumb Code     0  libinit2.o(.ARM.Collect$$libinit$$0000001B)
    __rt_lib_init_clock_1                    0x080002ff   Thumb Code     0  libinit2.o(.ARM.Collect$$libinit$$00000021)
    __rt_lib_init_cpp_1                      0x080002ff   Thumb Code     0  libinit2.o(.ARM.Collect$$libinit$$00000032)
    __rt_lib_init_exceptions_1               0x080002ff   Thumb Code     0  libinit2.o(.ARM.Collect$$libinit$$00000030)
    __rt_lib_init_fp_trap_1                  0x080002ff   Thumb Code     0  libinit2.o(.ARM.Collect$$libinit$$0000001F)
    __rt_lib_init_getenv_1                   0x080002ff   Thumb Code     0  libinit2.o(.ARM.Collect$$libinit$$00000023)
    __rt_lib_init_lc_numeric_1               0x080002ff   Thumb Code     0  libinit2.o(.ARM.Collect$$libinit$$00000017)
    __rt_lib_init_lc_time_1                  0x080002ff   Thumb Code     0  libinit2.o(.ARM.Collect$$libinit$$00000019)
    __rt_lib_init_return                     0x080002ff   Thumb Code     0  libinit2.o(.ARM.Collect$$libinit$$00000033)
    __rt_lib_init_signal_1                   0x080002ff   Thumb Code     0  libinit2.o(.ARM.Collect$$libinit$$0000001D)
    __rt_lib_init_stdio_1                    0x080002ff   Thumb Code     0  libinit2.o(.ARM.Collect$$libinit$$00000025)
    __rt_lib_shutdown                        0x08000301   Thumb Code     0  libshutdown.o(.ARM.Collect$$libshutdown$$00000000)
    __rt_lib_shutdown_cpp_1                  0x08000303   Thumb Code     0  libshutdown2.o(.ARM.Collect$$libshutdown$$00000002)
    __rt_lib_shutdown_fp_trap_1              0x08000303   Thumb Code     0  libshutdown2.o(.ARM.Collect$$libshutdown$$00000007)
    __rt_lib_shutdown_heap_1                 0x08000303   Thumb Code     0  libshutdown2.o(.ARM.Collect$$libshutdown$$0000000F)
    __rt_lib_shutdown_return                 0x08000303   Thumb Code     0  libshutdown2.o(.ARM.Collect$$libshutdown$$00000010)
    __rt_lib_shutdown_signal_1               0x08000303   Thumb Code     0  libshutdown2.o(.ARM.Collect$$libshutdown$$0000000A)
    __rt_lib_shutdown_stdio_1                0x08000303   Thumb Code     0  libshutdown2.o(.ARM.Collect$$libshutdown$$00000004)
    __rt_lib_shutdown_user_alloc_1           0x08000303   Thumb Code     0  libshutdown2.o(.ARM.Collect$$libshutdown$$0000000C)
    __rt_entry                               0x08000305   Thumb Code     0  __rtentry.o(.ARM.Collect$$rtentry$$00000000)
    __rt_entry_presh_1                       0x08000305   Thumb Code     0  __rtentry2.o(.ARM.Collect$$rtentry$$00000002)
    __rt_entry_sh                            0x08000305   Thumb Code     0  __rtentry4.o(.ARM.Collect$$rtentry$$00000004)
    __rt_entry_li                            0x0800030b   Thumb Code     0  __rtentry2.o(.ARM.Collect$$rtentry$$0000000A)
    __rt_entry_postsh_1                      0x0800030b   Thumb Code     0  __rtentry2.o(.ARM.Collect$$rtentry$$00000009)
    __rt_entry_main                          0x0800030f   Thumb Code     0  __rtentry2.o(.ARM.Collect$$rtentry$$0000000D)
    __rt_entry_postli_1                      0x0800030f   Thumb Code     0  __rtentry2.o(.ARM.Collect$$rtentry$$0000000C)
    __rt_exit                                0x08000317   Thumb Code     0  rtexit.o(.ARM.Collect$$rtexit$$00000000)
    __rt_exit_ls                             0x08000319   Thumb Code     0  rtexit2.o(.ARM.Collect$$rtexit$$00000003)
    __rt_exit_prels_1                        0x08000319   Thumb Code     0  rtexit2.o(.ARM.Collect$$rtexit$$00000002)
    __rt_exit_exit                           0x0800031d   Thumb Code     0  rtexit2.o(.ARM.Collect$$rtexit$$00000004)
    Reset_Handler                            0x08000325   Thumb Code     8  startup_stm32g473xx.o(.text)
    ADC1_2_IRQHandler                        0x0800033f   Thumb Code     0  startup_stm32g473xx.o(.text)
    ADC3_IRQHandler                          0x0800033f   Thumb Code     0  startup_stm32g473xx.o(.text)
    ADC4_IRQHandler                          0x0800033f   Thumb Code     0  startup_stm32g473xx.o(.text)
    ADC5_IRQHandler                          0x0800033f   Thumb Code     0  startup_stm32g473xx.o(.text)
    COMP1_2_3_IRQHandler                     0x0800033f   Thumb Code     0  startup_stm32g473xx.o(.text)
    COMP4_5_6_IRQHandler                     0x0800033f   Thumb Code     0  startup_stm32g473xx.o(.text)
    COMP7_IRQHandler                         0x0800033f   Thumb Code     0  startup_stm32g473xx.o(.text)
    CORDIC_IRQHandler                        0x0800033f   Thumb Code     0  startup_stm32g473xx.o(.text)
    CRS_IRQHandler                           0x0800033f   Thumb Code     0  startup_stm32g473xx.o(.text)
    DMA1_Channel1_IRQHandler                 0x0800033f   Thumb Code     0  startup_stm32g473xx.o(.text)
    DMA1_Channel2_IRQHandler                 0x0800033f   Thumb Code     0  startup_stm32g473xx.o(.text)
    DMA1_Channel3_IRQHandler                 0x0800033f   Thumb Code     0  startup_stm32g473xx.o(.text)
    DMA1_Channel4_IRQHandler                 0x0800033f   Thumb Code     0  startup_stm32g473xx.o(.text)
    DMA1_Channel5_IRQHandler                 0x0800033f   Thumb Code     0  startup_stm32g473xx.o(.text)
    DMA1_Channel6_IRQHandler                 0x0800033f   Thumb Code     0  startup_stm32g473xx.o(.text)
    DMA1_Channel7_IRQHandler                 0x0800033f   Thumb Code     0  startup_stm32g473xx.o(.text)
    DMA1_Channel8_IRQHandler                 0x0800033f   Thumb Code     0  startup_stm32g473xx.o(.text)
    DMA2_Channel1_IRQHandler                 0x0800033f   Thumb Code     0  startup_stm32g473xx.o(.text)
    DMA2_Channel2_IRQHandler                 0x0800033f   Thumb Code     0  startup_stm32g473xx.o(.text)
    DMA2_Channel3_IRQHandler                 0x0800033f   Thumb Code     0  startup_stm32g473xx.o(.text)
    DMA2_Channel4_IRQHandler                 0x0800033f   Thumb Code     0  startup_stm32g473xx.o(.text)
    DMA2_Channel5_IRQHandler                 0x0800033f   Thumb Code     0  startup_stm32g473xx.o(.text)
    DMA2_Channel6_IRQHandler                 0x0800033f   Thumb Code     0  startup_stm32g473xx.o(.text)
    DMA2_Channel7_IRQHandler                 0x0800033f   Thumb Code     0  startup_stm32g473xx.o(.text)
    DMA2_Channel8_IRQHandler                 0x0800033f   Thumb Code     0  startup_stm32g473xx.o(.text)
    DMAMUX_OVR_IRQHandler                    0x0800033f   Thumb Code     0  startup_stm32g473xx.o(.text)
    EXTI0_IRQHandler                         0x0800033f   Thumb Code     0  startup_stm32g473xx.o(.text)
    EXTI15_10_IRQHandler                     0x0800033f   Thumb Code     0  startup_stm32g473xx.o(.text)
    EXTI1_IRQHandler                         0x0800033f   Thumb Code     0  startup_stm32g473xx.o(.text)
    EXTI2_IRQHandler                         0x0800033f   Thumb Code     0  startup_stm32g473xx.o(.text)
    EXTI3_IRQHandler                         0x0800033f   Thumb Code     0  startup_stm32g473xx.o(.text)
    EXTI4_IRQHandler                         0x0800033f   Thumb Code     0  startup_stm32g473xx.o(.text)
    EXTI9_5_IRQHandler                       0x0800033f   Thumb Code     0  startup_stm32g473xx.o(.text)
    FDCAN1_IT0_IRQHandler                    0x0800033f   Thumb Code     0  startup_stm32g473xx.o(.text)
    FDCAN1_IT1_IRQHandler                    0x0800033f   Thumb Code     0  startup_stm32g473xx.o(.text)
    FDCAN2_IT0_IRQHandler                    0x0800033f   Thumb Code     0  startup_stm32g473xx.o(.text)
    FDCAN2_IT1_IRQHandler                    0x0800033f   Thumb Code     0  startup_stm32g473xx.o(.text)
    FDCAN3_IT0_IRQHandler                    0x0800033f   Thumb Code     0  startup_stm32g473xx.o(.text)
    FDCAN3_IT1_IRQHandler                    0x0800033f   Thumb Code     0  startup_stm32g473xx.o(.text)
    FLASH_IRQHandler                         0x0800033f   Thumb Code     0  startup_stm32g473xx.o(.text)
    FMAC_IRQHandler                          0x0800033f   Thumb Code     0  startup_stm32g473xx.o(.text)
    FMC_IRQHandler                           0x0800033f   Thumb Code     0  startup_stm32g473xx.o(.text)
    FPU_IRQHandler                           0x0800033f   Thumb Code     0  startup_stm32g473xx.o(.text)
    I2C1_ER_IRQHandler                       0x0800033f   Thumb Code     0  startup_stm32g473xx.o(.text)
    I2C1_EV_IRQHandler                       0x0800033f   Thumb Code     0  startup_stm32g473xx.o(.text)
    I2C2_ER_IRQHandler                       0x0800033f   Thumb Code     0  startup_stm32g473xx.o(.text)
    I2C2_EV_IRQHandler                       0x0800033f   Thumb Code     0  startup_stm32g473xx.o(.text)
    I2C3_ER_IRQHandler                       0x0800033f   Thumb Code     0  startup_stm32g473xx.o(.text)
    I2C3_EV_IRQHandler                       0x0800033f   Thumb Code     0  startup_stm32g473xx.o(.text)
    I2C4_ER_IRQHandler                       0x0800033f   Thumb Code     0  startup_stm32g473xx.o(.text)
    I2C4_EV_IRQHandler                       0x0800033f   Thumb Code     0  startup_stm32g473xx.o(.text)
    LPTIM1_IRQHandler                        0x0800033f   Thumb Code     0  startup_stm32g473xx.o(.text)
    LPUART1_IRQHandler                       0x0800033f   Thumb Code     0  startup_stm32g473xx.o(.text)
    PVD_PVM_IRQHandler                       0x0800033f   Thumb Code     0  startup_stm32g473xx.o(.text)
    QUADSPI_IRQHandler                       0x0800033f   Thumb Code     0  startup_stm32g473xx.o(.text)
    RCC_IRQHandler                           0x0800033f   Thumb Code     0  startup_stm32g473xx.o(.text)
    RNG_IRQHandler                           0x0800033f   Thumb Code     0  startup_stm32g473xx.o(.text)
    RTC_Alarm_IRQHandler                     0x0800033f   Thumb Code     0  startup_stm32g473xx.o(.text)
    RTC_TAMP_LSECSS_IRQHandler               0x0800033f   Thumb Code     0  startup_stm32g473xx.o(.text)
    RTC_WKUP_IRQHandler                      0x0800033f   Thumb Code     0  startup_stm32g473xx.o(.text)
    SAI1_IRQHandler                          0x0800033f   Thumb Code     0  startup_stm32g473xx.o(.text)
    SPI1_IRQHandler                          0x0800033f   Thumb Code     0  startup_stm32g473xx.o(.text)
    SPI2_IRQHandler                          0x0800033f   Thumb Code     0  startup_stm32g473xx.o(.text)
    SPI3_IRQHandler                          0x0800033f   Thumb Code     0  startup_stm32g473xx.o(.text)
    SPI4_IRQHandler                          0x0800033f   Thumb Code     0  startup_stm32g473xx.o(.text)
    TIM1_BRK_TIM15_IRQHandler                0x0800033f   Thumb Code     0  startup_stm32g473xx.o(.text)
    TIM1_CC_IRQHandler                       0x0800033f   Thumb Code     0  startup_stm32g473xx.o(.text)
    TIM1_TRG_COM_TIM17_IRQHandler            0x0800033f   Thumb Code     0  startup_stm32g473xx.o(.text)
    TIM1_UP_TIM16_IRQHandler                 0x0800033f   Thumb Code     0  startup_stm32g473xx.o(.text)
    TIM20_BRK_IRQHandler                     0x0800033f   Thumb Code     0  startup_stm32g473xx.o(.text)
    TIM20_CC_IRQHandler                      0x0800033f   Thumb Code     0  startup_stm32g473xx.o(.text)
    TIM20_TRG_COM_IRQHandler                 0x0800033f   Thumb Code     0  startup_stm32g473xx.o(.text)
    TIM20_UP_IRQHandler                      0x0800033f   Thumb Code     0  startup_stm32g473xx.o(.text)
    TIM3_IRQHandler                          0x0800033f   Thumb Code     0  startup_stm32g473xx.o(.text)
    TIM4_IRQHandler                          0x0800033f   Thumb Code     0  startup_stm32g473xx.o(.text)
    TIM5_IRQHandler                          0x0800033f   Thumb Code     0  startup_stm32g473xx.o(.text)
    TIM6_DAC_IRQHandler                      0x0800033f   Thumb Code     0  startup_stm32g473xx.o(.text)
    TIM7_DAC_IRQHandler                      0x0800033f   Thumb Code     0  startup_stm32g473xx.o(.text)
    TIM8_BRK_IRQHandler                      0x0800033f   Thumb Code     0  startup_stm32g473xx.o(.text)
    TIM8_CC_IRQHandler                       0x0800033f   Thumb Code     0  startup_stm32g473xx.o(.text)
    TIM8_TRG_COM_IRQHandler                  0x0800033f   Thumb Code     0  startup_stm32g473xx.o(.text)
    TIM8_UP_IRQHandler                       0x0800033f   Thumb Code     0  startup_stm32g473xx.o(.text)
    UART4_IRQHandler                         0x0800033f   Thumb Code     0  startup_stm32g473xx.o(.text)
    UART5_IRQHandler                         0x0800033f   Thumb Code     0  startup_stm32g473xx.o(.text)
    UCPD1_IRQHandler                         0x0800033f   Thumb Code     0  startup_stm32g473xx.o(.text)
    USART2_IRQHandler                        0x0800033f   Thumb Code     0  startup_stm32g473xx.o(.text)
    USBWakeUp_IRQHandler                     0x0800033f   Thumb Code     0  startup_stm32g473xx.o(.text)
    USB_HP_IRQHandler                        0x0800033f   Thumb Code     0  startup_stm32g473xx.o(.text)
    USB_LP_IRQHandler                        0x0800033f   Thumb Code     0  startup_stm32g473xx.o(.text)
    WWDG_IRQHandler                          0x0800033f   Thumb Code     0  startup_stm32g473xx.o(.text)
    __user_initial_stackheap                 0x08000341   Thumb Code     0  startup_stm32g473xx.o(.text)
    vsnprintf                                0x08000365   Thumb Code    48  vsnprintf.o(.text)
    strlen                                   0x08000399   Thumb Code    62  strlen.o(.text)
    __aeabi_memcpy                           0x080003d7   Thumb Code     0  rt_memcpy_v6.o(.text)
    __rt_memcpy                              0x080003d7   Thumb Code   138  rt_memcpy_v6.o(.text)
    _memcpy_lastbytes                        0x0800043d   Thumb Code     0  rt_memcpy_v6.o(.text)
    __aeabi_memclr                           0x08000461   Thumb Code     0  rt_memclr.o(.text)
    __rt_memclr                              0x08000461   Thumb Code    68  rt_memclr.o(.text)
    _memset                                  0x08000465   Thumb Code     0  rt_memclr.o(.text)
    __aeabi_memclr4                          0x080004a5   Thumb Code     0  rt_memclr_w.o(.text)
    __aeabi_memclr8                          0x080004a5   Thumb Code     0  rt_memclr_w.o(.text)
    __rt_memclr_w                            0x080004a5   Thumb Code    78  rt_memclr_w.o(.text)
    _memset_w                                0x080004a9   Thumb Code     0  rt_memclr_w.o(.text)
    __use_two_region_memory                  0x080004f3   Thumb Code     2  heapauxi.o(.text)
    __rt_heap_escrow$2region                 0x080004f5   Thumb Code     2  heapauxi.o(.text)
    __rt_heap_expand$2region                 0x080004f7   Thumb Code     2  heapauxi.o(.text)
    _printf_pre_padding                      0x080004f9   Thumb Code    44  _printf_pad.o(.text)
    _printf_post_padding                     0x08000525   Thumb Code    34  _printf_pad.o(.text)
    _printf_truncate_signed                  0x08000547   Thumb Code    18  _printf_truncate.o(.text)
    _printf_truncate_unsigned                0x08000559   Thumb Code    18  _printf_truncate.o(.text)
    _printf_str                              0x0800056b   Thumb Code    82  _printf_str.o(.text)
    _printf_int_dec                          0x080005bd   Thumb Code   104  _printf_dec.o(.text)
    _printf_charcount                        0x08000635   Thumb Code    40  _printf_charcount.o(.text)
    _printf_char_common                      0x08000667   Thumb Code    32  _printf_char_common.o(.text)
    _sputc                                   0x0800068d   Thumb Code    10  _sputc.o(.text)
    _snputc                                  0x08000697   Thumb Code    16  _snputc.o(.text)
    _printf_wctomb                           0x080006a9   Thumb Code   182  _printf_wctomb.o(.text)
    _printf_longlong_dec                     0x08000765   Thumb Code   108  _printf_longlong_dec.o(.text)
    _printf_longlong_oct                     0x080007e1   Thumb Code    66  _printf_oct_int_ll.o(.text)
    _printf_int_oct                          0x08000823   Thumb Code    24  _printf_oct_int_ll.o(.text)
    _printf_ll_oct                           0x0800083b   Thumb Code    12  _printf_oct_int_ll.o(.text)
    _printf_longlong_hex                     0x08000851   Thumb Code    86  _printf_hex_int_ll_ptr.o(.text)
    _printf_int_hex                          0x080008a7   Thumb Code    28  _printf_hex_int_ll_ptr.o(.text)
    _printf_ll_hex                           0x080008c3   Thumb Code    12  _printf_hex_int_ll_ptr.o(.text)
    _printf_hex_ptr                          0x080008cf   Thumb Code    18  _printf_hex_int_ll_ptr.o(.text)
    __printf                                 0x080008e5   Thumb Code   388  __printf_flags_ss_wp.o(.text)
    __aeabi_memcpy4                          0x08000a6d   Thumb Code     0  rt_memcpy_w.o(.text)
    __aeabi_memcpy8                          0x08000a6d   Thumb Code     0  rt_memcpy_w.o(.text)
    __rt_memcpy_w                            0x08000a6d   Thumb Code   100  rt_memcpy_w.o(.text)
    _memcpy_lastbytes_aligned                0x08000ab5   Thumb Code     0  rt_memcpy_w.o(.text)
    _ll_udiv10                               0x08000ad1   Thumb Code   138  lludiv10.o(.text)
    _printf_int_common                       0x08000b5b   Thumb Code   178  _printf_intcommon.o(.text)
    __lib_sel_fp_printf                      0x08000c0d   Thumb Code     2  _printf_fp_dec.o(.text)
    _printf_fp_dec_real                      0x08000dbf   Thumb Code   620  _printf_fp_dec.o(.text)
    _printf_fp_hex_real                      0x0800102d   Thumb Code   756  _printf_fp_hex.o(.text)
    _printf_cs_common                        0x08001329   Thumb Code    20  _printf_char.o(.text)
    _printf_char                             0x0800133d   Thumb Code    16  _printf_char.o(.text)
    _printf_string                           0x0800134d   Thumb Code     8  _printf_char.o(.text)
    _printf_lcs_common                       0x08001355   Thumb Code    20  _printf_wchar.o(.text)
    _printf_wchar                            0x08001369   Thumb Code    16  _printf_wchar.o(.text)
    _printf_wstring                          0x08001379   Thumb Code     8  _printf_wchar.o(.text)
    _wcrtomb                                 0x08001381   Thumb Code    64  _wcrtomb.o(.text)
    __user_setup_stackheap                   0x080013c1   Thumb Code    74  sys_stackheap_outer.o(.text)
    __rt_ctype_table                         0x0800140d   Thumb Code    16  rt_ctype_table.o(.text)
    __rt_locale                              0x0800141d   Thumb Code     8  rt_locale_intlibspace.o(.text)
    _printf_fp_infnan                        0x08001425   Thumb Code   112  _printf_fp_infnan.o(.text)
    _btod_etento                             0x080014a5   Thumb Code   224  bigflt0.o(.text)
    exit                                     0x08001589   Thumb Code    18  exit.o(.text)
    __user_libspace                          0x0800159d   Thumb Code     8  libspace.o(.text)
    __user_perproc_libspace                  0x0800159d   Thumb Code     0  libspace.o(.text)
    __user_perthread_libspace                0x0800159d   Thumb Code     0  libspace.o(.text)
    strcmp                                   0x080015a5   Thumb Code   128  strcmpv7m.o(.text)
    _sys_exit                                0x08001625   Thumb Code     8  sys_exit.o(.text)
    __I$use$semihosting                      0x08001631   Thumb Code     0  use_no_semi.o(.text)
    __use_no_semihosting_swi                 0x08001631   Thumb Code     2  use_no_semi.o(.text)
    __semihosting_library_function           0x08001633   Thumb Code     0  indicate_semi.o(.text)
    _btod_d2e                                0x08001633   Thumb Code    62  btod.o(CL$$btod_d2e)
    _d2e_denorm_low                          0x08001671   Thumb Code    70  btod.o(CL$$btod_d2e_denorm_low)
    _d2e_norm_op1                            0x080016b7   Thumb Code    96  btod.o(CL$$btod_d2e_norm_op1)
    __btod_div_common                        0x08001717   Thumb Code   696  btod.o(CL$$btod_div_common)
    _e2e                                     0x08001a4f   Thumb Code   220  btod.o(CL$$btod_e2e)
    _btod_ediv                               0x08001b2b   Thumb Code    42  btod.o(CL$$btod_ediv)
    _btod_emul                               0x08001b55   Thumb Code    42  btod.o(CL$$btod_emul)
    __btod_mult_common                       0x08001b7f   Thumb Code   580  btod.o(CL$$btod_mult_common)
    BusFault_Handler                         0x08001df7   Thumb Code     2  stm32g4xx_it.o(i.BusFault_Handler)
    Common_ADC_GetVoltage                    0x08001df9   Thumb Code    12  common_adc.o(i.Common_ADC_GetVoltage)
    Common_ADC_Init                          0x08001e09   Thumb Code    80  common_adc.o(i.Common_ADC_Init)
    Common_ADC_ManualSample                  0x08001e65   Thumb Code    90  common_adc.o(i.Common_ADC_ManualSample)
    DAC8562_Init                             0x08001edd   Thumb Code   470  dac8562.o(i.DAC8562_Init)
    DAC8562_SetVoltage                       0x0800210d   Thumb Code    64  dac8562.o(i.DAC8562_SetVoltage)
    DWT_Delayms                              0x08002151   Thumb Code    30  dwt_delay.o(i.DWT_Delayms)
    DWT_Init                                 0x08002179   Thumb Code    26  dwt_delay.o(i.DWT_Init)
    DebugMon_Handler                         0x0800219d   Thumb Code     2  stm32g4xx_it.o(i.DebugMon_Handler)
    Debug_printf                             0x080021a1   Thumb Code    82  uart_debug.o(i.Debug_printf)
    HardFault_Handler                        0x080021f9   Thumb Code     2  stm32g4xx_it.o(i.HardFault_Handler)
    I2C1_Init                                0x080021fd   Thumb Code   214  sgm58031.o(i.I2C1_Init)
    I2C_Read16                               0x080022e5   Thumb Code   246  sgm58031.o(i.I2C_Read16)
    I2C_Write16                              0x080023e9   Thumb Code   198  sgm58031.o(i.I2C_Write16)
    IWDG_Init                                0x080024b9   Thumb Code    48  init.o(i.IWDG_Init)
    Init_App                                 0x0800254d   Thumb Code    26  init.o(i.Init_App)
    Init_Hardware                            0x08002581   Thumb Code    52  init.o(i.Init_Hardware)
    Init_Sys                                 0x080025cd   Thumb Code   112  init.o(i.Init_Sys)
    LL_ADC_CommonInit                        0x08002651   Thumb Code    96  stm32g4xx_ll_adc.o(i.LL_ADC_CommonInit)
    LL_ADC_Init                              0x08002701   Thumb Code    42  stm32g4xx_ll_adc.o(i.LL_ADC_Init)
    LL_ADC_REG_Init                          0x0800272d   Thumb Code    78  stm32g4xx_ll_adc.o(i.LL_ADC_REG_Init)
    LL_GPIO_Init                             0x080028fd   Thumb Code   310  stm32g4xx_ll_gpio.o(i.LL_GPIO_Init)
    LL_I2C_Init                              0x08002b15   Thumb Code   104  stm32g4xx_ll_i2c.o(i.LL_I2C_Init)
    LL_Init1msTick                           0x08002b7d   Thumb Code    26  stm32g4xx_ll_utils.o(i.LL_Init1msTick)
    LL_RCC_GetUARTClockFreq                  0x08002b99   Thumb Code   130  stm32g4xx_ll_rcc.o(i.LL_RCC_GetUARTClockFreq)
    LL_RCC_GetUSARTClockFreq                 0x08002c29   Thumb Code   172  stm32g4xx_ll_rcc.o(i.LL_RCC_GetUSARTClockFreq)
    LL_SetSystemCoreClock                    0x08002d51   Thumb Code     6  stm32g4xx_ll_utils.o(i.LL_SetSystemCoreClock)
    LL_USART_Init                            0x08002d5d   Thumb Code   218  stm32g4xx_ll_usart.o(i.LL_USART_Init)
    MX_ADC1_Init                             0x08002e55   Thumb Code   226  adc.o(i.MX_ADC1_Init)
    MX_ADC2_Init                             0x08003055   Thumb Code   200  adc.o(i.MX_ADC2_Init)
    MX_ADC3_Init                             0x0800321d   Thumb Code   224  adc.o(i.MX_ADC3_Init)
    MX_ADC4_Init                             0x0800341d   Thumb Code   200  adc.o(i.MX_ADC4_Init)
    MX_GPIO_Init                             0x080035e5   Thumb Code   540  gpio.o(i.MX_GPIO_Init)
    MX_TIM2_Init                             0x08003809   Thumb Code   140  sys_timer.o(i.MX_TIM2_Init)
    MemManage_Handler                        0x08003ac5   Thumb Code     2  stm32g4xx_it.o(i.MemManage_Handler)
    NMI_Handler                              0x08003ac7   Thumb Code     2  stm32g4xx_it.o(i.NMI_Handler)
    PendSV_Handler                           0x08003afb   Thumb Code     2  stm32g4xx_it.o(i.PendSV_Handler)
    SGM58031_ConvertToVoltage_4096V          0x08003bbd   Thumb Code    26  sgm58031.o(i.SGM58031_ConvertToVoltage_4096V)
    SGM58031_Init                            0x08003be1   Thumb Code    12  sgm58031.o(i.SGM58031_Init)
    SGM58031_ReadChannel                     0x08003bed   Thumb Code    80  sgm58031.o(i.SGM58031_ReadChannel)
    SGM58031_ReadVoltage                     0x08003c41   Thumb Code    90  sgm58031.o(i.SGM58031_ReadVoltage)
    SVC_Handler                              0x08003cf5   Thumb Code     2  stm32g4xx_it.o(i.SVC_Handler)
    SysTick_Handler                          0x08003cf7   Thumb Code     2  stm32g4xx_it.o(i.SysTick_Handler)
    SystemClock_Config                       0x08003cf9   Thumb Code   170  init.o(i.SystemClock_Config)
    SystemInit                               0x08003db9   Thumb Code    12  system_stm32g4xx.o(i.SystemInit)
    TIM2_IRQHandler                          0x08003dc9   Thumb Code    76  sys_timer.o(i.TIM2_IRQHandler)
    Task1_Handler                            0x08003e19   Thumb Code    50  task.o(i.Task1_Handler)
    Task2_Handler                            0x08003e51   Thumb Code    40  task.o(i.Task2_Handler)
    Task3_Handler                            0x08003e7d   Thumb Code   136  task.o(i.Task3_Handler)
    UART1_Init                               0x08003f31   Thumb Code   108  uart_comm.o(i.UART1_Init)
    UART1_Parse_Data                         0x08003fb1   Thumb Code   166  uart_comm.o(i.UART1_Parse_Data)
    UART1_Send_IT                            0x08004065   Thumb Code    76  uart_comm.o(i.UART1_Send_IT)
    UART1_Send_Struct                        0x080040bd   Thumb Code    42  uart_comm.o(i.UART1_Send_Struct)
    UART_Init                                0x080040ed   Thumb Code    52  uart_debug.o(i.UART_Init)
    UART_Send_IT                             0x08004129   Thumb Code    64  uart_debug.o(i.UART_Send_IT)
    USART1_IRQHandler                        0x0800416d   Thumb Code   160  uart_comm.o(i.USART1_IRQHandler)
    USART3_IRQHandler                        0x08004221   Thumb Code   166  uart_debug.o(i.USART3_IRQHandler)
    UsageFault_Handler                       0x080044d1   Thumb Code     2  stm32g4xx_it.o(i.UsageFault_Handler)
    __ARM_fpclassify                         0x080044d3   Thumb Code    48  fpclassify.o(i.__ARM_fpclassify)
    _is_digit                                0x0800453d   Thumb Code    14  __printf_wp.o(i._is_digit)
    main                                     0x0800454d   Thumb Code    66  main.o(i.main)
    _get_lc_numeric                          0x0800459d   Thumb Code    44  lc_numeric_c.o(locale$$code)
    _get_lc_ctype                            0x080045c9   Thumb Code    44  lc_ctype_c.o(locale$$code)
    __fpl_dretinf                            0x080045f5   Thumb Code    12  dretinf.o(x$fpl$dretinf)
    __aeabi_f2d                              0x08004601   Thumb Code     0  f2d.o(x$fpl$f2d)
    _f2d                                     0x08004601   Thumb Code    86  f2d.o(x$fpl$f2d)
    __fpl_fnaninf                            0x08004657   Thumb Code   140  fnaninf.o(x$fpl$fnaninf)
    _fp_init                                 0x080046e3   Thumb Code    10  fpinit.o(x$fpl$fpinit)
    __fplib_config_fpu_vfp                   0x080046eb   Thumb Code     0  fpinit.o(x$fpl$fpinit)
    __fplib_config_pureend_doubles           0x080046eb   Thumb Code     0  fpinit.o(x$fpl$fpinit)
    _printf_fp_dec                           0x080046ed   Thumb Code     4  printf1.o(x$fpl$printf1)
    _printf_fp_hex                           0x080046f1   Thumb Code     4  printf2.o(x$fpl$printf2)
    __I$use$fp                               0x080046f4   Number         0  usenofp.o(x$fpl$usenofp)
    AHBPrescTable                            0x08004724   Data          16  system_stm32g4xx.o(.constdata)
    APBPrescTable                            0x08004734   Data           8  system_stm32g4xx.o(.constdata)
    Region$$Table$$Base                      0x08004838   Number         0  anon$$obj.o(Region$$Table)
    Region$$Table$$Limit                     0x08004858   Number         0  anon$$obj.o(Region$$Table)
    __ctype                                  0x08004881   Data           0  lc_ctype_c.o(locale$$data)
    SystemCoreClock                          0x20000000   Data           4  system_stm32g4xx.o(.data)
    task1_flag                               0x20000004   Data           1  sys_timer.o(.data)
    task2_flag                               0x20000005   Data           1  sys_timer.o(.data)
    task3_flag                               0x20000006   Data           1  sys_timer.o(.data)
    uart1_tx_queue_head                      0x20000018   Data           1  uart_comm.o(.data)
    uart1_tx_queue_tail                      0x20000019   Data           1  uart_comm.o(.data)
    uart_rx_data                             0x2000001b   Data           4  uart_comm.o(.data)
    uart3_tx_queue_head                      0x2000001f   Data           1  uart_debug.o(.data)
    uart3_tx_queue_tail                      0x20000020   Data           1  uart_debug.o(.data)
    uart1_dev                                0x2000002c   Data        1556  uart_comm.o(.bss)
    uart1_tx_queue                           0x20000640   Data       10280  uart_comm.o(.bss)
    uart3_dev                                0x20002e68   Data        2058  uart_debug.o(.bss)
    uart3_tx_queue                           0x20003672   Data        5140  uart_debug.o(.bss)
    __libspace_start                         0x20004aa8   Data          96  libspace.o(.bss)
    __temporary_stack_top$libspace           0x20004b08   Data           0  libspace.o(.bss)



==============================================================================

Memory Map of the image

  Image Entry point : 0x080001d9

  Load Region LR_IROM1 (Base: 0x08000000, Size: 0x000049b0, Max: 0x00020000, ABSOLUTE)

    Execution Region ER_IROM1 (Exec base: 0x08000000, Load base: 0x08000000, Size: 0x00004984, Max: 0x00020000, ABSOLUTE)

    Exec Addr    Load Addr    Size         Type   Attr      Idx    E Section Name        Object

    0x08000000   0x08000000   0x000001d8   Data   RO            3    RESET               startup_stm32g473xx.o
    0x080001d8   0x080001d8   0x00000008   Code   RO         1912  * !!!main             c_w.l(__main.o)
    0x080001e0   0x080001e0   0x00000034   Code   RO         2243    !!!scatter          c_w.l(__scatter.o)
    0x08000214   0x08000214   0x0000001a   Code   RO         2245    !!handler_copy      c_w.l(__scatter_copy.o)
    0x0800022e   0x0800022e   0x00000002   PAD
    0x08000230   0x08000230   0x0000001c   Code   RO         2247    !!handler_zi        c_w.l(__scatter_zi.o)
    0x0800024c   0x0800024c   0x00000000   Code   RO         2000    .ARM.Collect$$_printf_percent$$00000000  c_w.l(_printf_percent.o)
    0x0800024c   0x0800024c   0x00000006   Code   RO         1989    .ARM.Collect$$_printf_percent$$00000001  c_w.l(_printf_n.o)
    0x08000252   0x08000252   0x00000006   Code   RO         1991    .ARM.Collect$$_printf_percent$$00000002  c_w.l(_printf_p.o)
    0x08000258   0x08000258   0x00000006   Code   RO         1996    .ARM.Collect$$_printf_percent$$00000003  c_w.l(_printf_f.o)
    0x0800025e   0x0800025e   0x00000006   Code   RO         1997    .ARM.Collect$$_printf_percent$$00000004  c_w.l(_printf_e.o)
    0x08000264   0x08000264   0x00000006   Code   RO         1998    .ARM.Collect$$_printf_percent$$00000005  c_w.l(_printf_g.o)
    0x0800026a   0x0800026a   0x00000006   Code   RO         1999    .ARM.Collect$$_printf_percent$$00000006  c_w.l(_printf_a.o)
    0x08000270   0x08000270   0x0000000a   Code   RO         2004    .ARM.Collect$$_printf_percent$$00000007  c_w.l(_printf_ll.o)
    0x0800027a   0x0800027a   0x00000006   Code   RO         1993    .ARM.Collect$$_printf_percent$$00000008  c_w.l(_printf_i.o)
    0x08000280   0x08000280   0x00000006   Code   RO         1994    .ARM.Collect$$_printf_percent$$00000009  c_w.l(_printf_d.o)
    0x08000286   0x08000286   0x00000006   Code   RO         1995    .ARM.Collect$$_printf_percent$$0000000A  c_w.l(_printf_u.o)
    0x0800028c   0x0800028c   0x00000006   Code   RO         1992    .ARM.Collect$$_printf_percent$$0000000B  c_w.l(_printf_o.o)
    0x08000292   0x08000292   0x00000006   Code   RO         1990    .ARM.Collect$$_printf_percent$$0000000C  c_w.l(_printf_x.o)
    0x08000298   0x08000298   0x00000006   Code   RO         2001    .ARM.Collect$$_printf_percent$$0000000D  c_w.l(_printf_lli.o)
    0x0800029e   0x0800029e   0x00000006   Code   RO         2002    .ARM.Collect$$_printf_percent$$0000000E  c_w.l(_printf_lld.o)
    0x080002a4   0x080002a4   0x00000006   Code   RO         2003    .ARM.Collect$$_printf_percent$$0000000F  c_w.l(_printf_llu.o)
    0x080002aa   0x080002aa   0x00000006   Code   RO         2008    .ARM.Collect$$_printf_percent$$00000010  c_w.l(_printf_llo.o)
    0x080002b0   0x080002b0   0x00000006   Code   RO         2009    .ARM.Collect$$_printf_percent$$00000011  c_w.l(_printf_llx.o)
    0x080002b6   0x080002b6   0x0000000a   Code   RO         2005    .ARM.Collect$$_printf_percent$$00000012  c_w.l(_printf_l.o)
    0x080002c0   0x080002c0   0x00000006   Code   RO         1987    .ARM.Collect$$_printf_percent$$00000013  c_w.l(_printf_c.o)
    0x080002c6   0x080002c6   0x00000006   Code   RO         1988    .ARM.Collect$$_printf_percent$$00000014  c_w.l(_printf_s.o)
    0x080002cc   0x080002cc   0x00000006   Code   RO         2006    .ARM.Collect$$_printf_percent$$00000015  c_w.l(_printf_lc.o)
    0x080002d2   0x080002d2   0x00000006   Code   RO         2007    .ARM.Collect$$_printf_percent$$00000016  c_w.l(_printf_ls.o)
    0x080002d8   0x080002d8   0x00000004   Code   RO         2055    .ARM.Collect$$_printf_percent$$00000017  c_w.l(_printf_percent_end.o)
    0x080002dc   0x080002dc   0x00000002   Code   RO         2104    .ARM.Collect$$libinit$$00000000  c_w.l(libinit.o)
    0x080002de   0x080002de   0x00000004   Code   RO         2119    .ARM.Collect$$libinit$$00000001  c_w.l(libinit2.o)
    0x080002e2   0x080002e2   0x00000000   Code   RO         2122    .ARM.Collect$$libinit$$00000004  c_w.l(libinit2.o)
    0x080002e2   0x080002e2   0x00000000   Code   RO         2125    .ARM.Collect$$libinit$$0000000A  c_w.l(libinit2.o)
    0x080002e2   0x080002e2   0x00000000   Code   RO         2127    .ARM.Collect$$libinit$$0000000C  c_w.l(libinit2.o)
    0x080002e2   0x080002e2   0x00000000   Code   RO         2129    .ARM.Collect$$libinit$$0000000E  c_w.l(libinit2.o)
    0x080002e2   0x080002e2   0x00000006   Code   RO         2130    .ARM.Collect$$libinit$$0000000F  c_w.l(libinit2.o)
    0x080002e8   0x080002e8   0x00000000   Code   RO         2132    .ARM.Collect$$libinit$$00000011  c_w.l(libinit2.o)
    0x080002e8   0x080002e8   0x0000000c   Code   RO         2133    .ARM.Collect$$libinit$$00000012  c_w.l(libinit2.o)
    0x080002f4   0x080002f4   0x00000000   Code   RO         2134    .ARM.Collect$$libinit$$00000013  c_w.l(libinit2.o)
    0x080002f4   0x080002f4   0x00000000   Code   RO         2136    .ARM.Collect$$libinit$$00000015  c_w.l(libinit2.o)
    0x080002f4   0x080002f4   0x0000000a   Code   RO         2137    .ARM.Collect$$libinit$$00000016  c_w.l(libinit2.o)
    0x080002fe   0x080002fe   0x00000000   Code   RO         2138    .ARM.Collect$$libinit$$00000017  c_w.l(libinit2.o)
    0x080002fe   0x080002fe   0x00000000   Code   RO         2140    .ARM.Collect$$libinit$$00000019  c_w.l(libinit2.o)
    0x080002fe   0x080002fe   0x00000000   Code   RO         2142    .ARM.Collect$$libinit$$0000001B  c_w.l(libinit2.o)
    0x080002fe   0x080002fe   0x00000000   Code   RO         2144    .ARM.Collect$$libinit$$0000001D  c_w.l(libinit2.o)
    0x080002fe   0x080002fe   0x00000000   Code   RO         2146    .ARM.Collect$$libinit$$0000001F  c_w.l(libinit2.o)
    0x080002fe   0x080002fe   0x00000000   Code   RO         2148    .ARM.Collect$$libinit$$00000021  c_w.l(libinit2.o)
    0x080002fe   0x080002fe   0x00000000   Code   RO         2150    .ARM.Collect$$libinit$$00000023  c_w.l(libinit2.o)
    0x080002fe   0x080002fe   0x00000000   Code   RO         2152    .ARM.Collect$$libinit$$00000025  c_w.l(libinit2.o)
    0x080002fe   0x080002fe   0x00000000   Code   RO         2156    .ARM.Collect$$libinit$$0000002C  c_w.l(libinit2.o)
    0x080002fe   0x080002fe   0x00000000   Code   RO         2158    .ARM.Collect$$libinit$$0000002E  c_w.l(libinit2.o)
    0x080002fe   0x080002fe   0x00000000   Code   RO         2160    .ARM.Collect$$libinit$$00000030  c_w.l(libinit2.o)
    0x080002fe   0x080002fe   0x00000000   Code   RO         2162    .ARM.Collect$$libinit$$00000032  c_w.l(libinit2.o)
    0x080002fe   0x080002fe   0x00000002   Code   RO         2163    .ARM.Collect$$libinit$$00000033  c_w.l(libinit2.o)
    0x08000300   0x08000300   0x00000002   Code   RO         2183    .ARM.Collect$$libshutdown$$00000000  c_w.l(libshutdown.o)
    0x08000302   0x08000302   0x00000000   Code   RO         2196    .ARM.Collect$$libshutdown$$00000002  c_w.l(libshutdown2.o)
    0x08000302   0x08000302   0x00000000   Code   RO         2198    .ARM.Collect$$libshutdown$$00000004  c_w.l(libshutdown2.o)
    0x08000302   0x08000302   0x00000000   Code   RO         2201    .ARM.Collect$$libshutdown$$00000007  c_w.l(libshutdown2.o)
    0x08000302   0x08000302   0x00000000   Code   RO         2204    .ARM.Collect$$libshutdown$$0000000A  c_w.l(libshutdown2.o)
    0x08000302   0x08000302   0x00000000   Code   RO         2206    .ARM.Collect$$libshutdown$$0000000C  c_w.l(libshutdown2.o)
    0x08000302   0x08000302   0x00000000   Code   RO         2209    .ARM.Collect$$libshutdown$$0000000F  c_w.l(libshutdown2.o)
    0x08000302   0x08000302   0x00000002   Code   RO         2210    .ARM.Collect$$libshutdown$$00000010  c_w.l(libshutdown2.o)
    0x08000304   0x08000304   0x00000000   Code   RO         1916    .ARM.Collect$$rtentry$$00000000  c_w.l(__rtentry.o)
    0x08000304   0x08000304   0x00000000   Code   RO         2026    .ARM.Collect$$rtentry$$00000002  c_w.l(__rtentry2.o)
    0x08000304   0x08000304   0x00000006   Code   RO         2038    .ARM.Collect$$rtentry$$00000004  c_w.l(__rtentry4.o)
    0x0800030a   0x0800030a   0x00000000   Code   RO         2028    .ARM.Collect$$rtentry$$00000009  c_w.l(__rtentry2.o)
    0x0800030a   0x0800030a   0x00000004   Code   RO         2029    .ARM.Collect$$rtentry$$0000000A  c_w.l(__rtentry2.o)
    0x0800030e   0x0800030e   0x00000000   Code   RO         2031    .ARM.Collect$$rtentry$$0000000C  c_w.l(__rtentry2.o)
    0x0800030e   0x0800030e   0x00000008   Code   RO         2032    .ARM.Collect$$rtentry$$0000000D  c_w.l(__rtentry2.o)
    0x08000316   0x08000316   0x00000002   Code   RO         2112    .ARM.Collect$$rtexit$$00000000  c_w.l(rtexit.o)
    0x08000318   0x08000318   0x00000000   Code   RO         2165    .ARM.Collect$$rtexit$$00000002  c_w.l(rtexit2.o)
    0x08000318   0x08000318   0x00000004   Code   RO         2166    .ARM.Collect$$rtexit$$00000003  c_w.l(rtexit2.o)
    0x0800031c   0x0800031c   0x00000006   Code   RO         2167    .ARM.Collect$$rtexit$$00000004  c_w.l(rtexit2.o)
    0x08000322   0x08000322   0x00000002   PAD
    0x08000324   0x08000324   0x00000040   Code   RO            4    .text               startup_stm32g473xx.o
    0x08000364   0x08000364   0x00000034   Code   RO         1900    .text               c_w.l(vsnprintf.o)
    0x08000398   0x08000398   0x0000003e   Code   RO         1902    .text               c_w.l(strlen.o)
    0x080003d6   0x080003d6   0x0000008a   Code   RO         1904    .text               c_w.l(rt_memcpy_v6.o)
    0x08000460   0x08000460   0x00000044   Code   RO         1906    .text               c_w.l(rt_memclr.o)
    0x080004a4   0x080004a4   0x0000004e   Code   RO         1908    .text               c_w.l(rt_memclr_w.o)
    0x080004f2   0x080004f2   0x00000006   Code   RO         1910    .text               c_w.l(heapauxi.o)
    0x080004f8   0x080004f8   0x0000004e   Code   RO         1919    .text               c_w.l(_printf_pad.o)
    0x08000546   0x08000546   0x00000024   Code   RO         1921    .text               c_w.l(_printf_truncate.o)
    0x0800056a   0x0800056a   0x00000052   Code   RO         1923    .text               c_w.l(_printf_str.o)
    0x080005bc   0x080005bc   0x00000078   Code   RO         1925    .text               c_w.l(_printf_dec.o)
    0x08000634   0x08000634   0x00000028   Code   RO         1927    .text               c_w.l(_printf_charcount.o)
    0x0800065c   0x0800065c   0x00000030   Code   RO         1929    .text               c_w.l(_printf_char_common.o)
    0x0800068c   0x0800068c   0x0000000a   Code   RO         1931    .text               c_w.l(_sputc.o)
    0x08000696   0x08000696   0x00000010   Code   RO         1933    .text               c_w.l(_snputc.o)
    0x080006a6   0x080006a6   0x00000002   PAD
    0x080006a8   0x080006a8   0x000000bc   Code   RO         1935    .text               c_w.l(_printf_wctomb.o)
    0x08000764   0x08000764   0x0000007c   Code   RO         1938    .text               c_w.l(_printf_longlong_dec.o)
    0x080007e0   0x080007e0   0x00000070   Code   RO         1944    .text               c_w.l(_printf_oct_int_ll.o)
    0x08000850   0x08000850   0x00000094   Code   RO         1964    .text               c_w.l(_printf_hex_int_ll_ptr.o)
    0x080008e4   0x080008e4   0x00000188   Code   RO         1984    .text               c_w.l(__printf_flags_ss_wp.o)
    0x08000a6c   0x08000a6c   0x00000064   Code   RO         2010    .text               c_w.l(rt_memcpy_w.o)
    0x08000ad0   0x08000ad0   0x0000008a   Code   RO         2040    .text               c_w.l(lludiv10.o)
    0x08000b5a   0x08000b5a   0x000000b2   Code   RO         2042    .text               c_w.l(_printf_intcommon.o)
    0x08000c0c   0x08000c0c   0x0000041e   Code   RO         2044    .text               c_w.l(_printf_fp_dec.o)
    0x0800102a   0x0800102a   0x00000002   PAD
    0x0800102c   0x0800102c   0x000002fc   Code   RO         2046    .text               c_w.l(_printf_fp_hex.o)
    0x08001328   0x08001328   0x0000002c   Code   RO         2051    .text               c_w.l(_printf_char.o)
    0x08001354   0x08001354   0x0000002c   Code   RO         2053    .text               c_w.l(_printf_wchar.o)
    0x08001380   0x08001380   0x00000040   Code   RO         2056    .text               c_w.l(_wcrtomb.o)
    0x080013c0   0x080013c0   0x0000004a   Code   RO         2058    .text               c_w.l(sys_stackheap_outer.o)
    0x0800140a   0x0800140a   0x00000002   PAD
    0x0800140c   0x0800140c   0x00000010   Code   RO         2060    .text               c_w.l(rt_ctype_table.o)
    0x0800141c   0x0800141c   0x00000008   Code   RO         2065    .text               c_w.l(rt_locale_intlibspace.o)
    0x08001424   0x08001424   0x00000080   Code   RO         2067    .text               c_w.l(_printf_fp_infnan.o)
    0x080014a4   0x080014a4   0x000000e4   Code   RO         2069    .text               c_w.l(bigflt0.o)
    0x08001588   0x08001588   0x00000012   Code   RO         2097    .text               c_w.l(exit.o)
    0x0800159a   0x0800159a   0x00000002   PAD
    0x0800159c   0x0800159c   0x00000008   Code   RO         2109    .text               c_w.l(libspace.o)
    0x080015a4   0x080015a4   0x00000080   Code   RO         2117    .text               c_w.l(strcmpv7m.o)
    0x08001624   0x08001624   0x0000000c   Code   RO         2175    .text               c_w.l(sys_exit.o)
    0x08001630   0x08001630   0x00000002   Code   RO         2186    .text               c_w.l(use_no_semi.o)
    0x08001632   0x08001632   0x00000000   Code   RO         2188    .text               c_w.l(indicate_semi.o)
    0x08001632   0x08001632   0x0000003e   Code   RO         2072    CL$$btod_d2e        c_w.l(btod.o)
    0x08001670   0x08001670   0x00000046   Code   RO         2074    CL$$btod_d2e_denorm_low  c_w.l(btod.o)
    0x080016b6   0x080016b6   0x00000060   Code   RO         2073    CL$$btod_d2e_norm_op1  c_w.l(btod.o)
    0x08001716   0x08001716   0x00000338   Code   RO         2082    CL$$btod_div_common  c_w.l(btod.o)
    0x08001a4e   0x08001a4e   0x000000dc   Code   RO         2079    CL$$btod_e2e        c_w.l(btod.o)
    0x08001b2a   0x08001b2a   0x0000002a   Code   RO         2076    CL$$btod_ediv       c_w.l(btod.o)
    0x08001b54   0x08001b54   0x0000002a   Code   RO         2075    CL$$btod_emul       c_w.l(btod.o)
    0x08001b7e   0x08001b7e   0x00000244   Code   RO         2081    CL$$btod_mult_common  c_w.l(btod.o)
    0x08001dc2   0x08001dc2   0x00000002   PAD
    0x08001dc4   0x08001dc4   0x00000024   Code   RO         1734    i.ADC_ReadSingle    common_adc.o
    0x08001de8   0x08001de8   0x0000000e   Code   RO         1735    i.ADC_WaitForReady  common_adc.o
    0x08001df6   0x08001df6   0x00000002   Code   RO          303    i.BusFault_Handler  stm32g4xx_it.o
    0x08001df8   0x08001df8   0x00000010   Code   RO         1737    i.Common_ADC_GetVoltage  common_adc.o
    0x08001e08   0x08001e08   0x0000005c   Code   RO         1738    i.Common_ADC_Init   common_adc.o
    0x08001e64   0x08001e64   0x00000078   Code   RO         1739    i.Common_ADC_ManualSample  common_adc.o
    0x08001edc   0x08001edc   0x000001f4   Code   RO         1668    i.DAC8562_Init      dac8562.o
    0x080020d0   0x080020d0   0x0000003c   Code   RO         1669    i.DAC8562_SendCommand  dac8562.o
    0x0800210c   0x0800210c   0x00000044   Code   RO         1670    i.DAC8562_SetVoltage  dac8562.o
    0x08002150   0x08002150   0x00000028   Code   RO         1299    i.DWT_Delayms       dwt_delay.o
    0x08002178   0x08002178   0x00000024   Code   RO         1302    i.DWT_Init          dwt_delay.o
    0x0800219c   0x0800219c   0x00000002   Code   RO          304    i.DebugMon_Handler  stm32g4xx_it.o
    0x0800219e   0x0800219e   0x00000002   PAD
    0x080021a0   0x080021a0   0x00000058   Code   RO         1487    i.Debug_printf      uart_debug.o
    0x080021f8   0x080021f8   0x00000002   Code   RO          305    i.HardFault_Handler  stm32g4xx_it.o
    0x080021fa   0x080021fa   0x00000002   PAD
    0x080021fc   0x080021fc   0x000000e8   Code   RO         1574    i.I2C1_Init         sgm58031.o
    0x080022e4   0x080022e4   0x00000104   Code   RO         1575    i.I2C_Read16        sgm58031.o
    0x080023e8   0x080023e8   0x000000d0   Code   RO         1576    i.I2C_Write16       sgm58031.o
    0x080024b8   0x080024b8   0x00000034   Code   RO         1230    i.IWDG_Init         init.o
    0x080024ec   0x080024ec   0x00000060   Code   RO         1488    i.InitHardUart      uart_debug.o
    0x0800254c   0x0800254c   0x00000034   Code   RO         1231    i.Init_App          init.o
    0x08002580   0x08002580   0x0000004c   Code   RO         1232    i.Init_Hardware     init.o
    0x080025cc   0x080025cc   0x00000084   Code   RO         1233    i.Init_Sys          init.o
    0x08002650   0x08002650   0x00000078   Code   RO          561    i.LL_ADC_CommonInit  stm32g4xx_ll_adc.o
    0x080026c8   0x080026c8   0x00000010   Code   RO         1740    i.LL_ADC_Enable     common_adc.o
    0x080026d8   0x080026d8   0x00000014   Code   RO          215    i.LL_ADC_EnableInternalRegulator  adc.o
    0x080026ec   0x080026ec   0x00000014   Code   RO         1741    i.LL_ADC_EnableInternalRegulator  common_adc.o
    0x08002700   0x08002700   0x0000002a   Code   RO          566    i.LL_ADC_Init       stm32g4xx_ll_adc.o
    0x0800272a   0x0800272a   0x00000002   PAD
    0x0800272c   0x0800272c   0x00000054   Code   RO          567    i.LL_ADC_REG_Init   stm32g4xx_ll_adc.o
    0x08002780   0x08002780   0x00000022   Code   RO          216    i.LL_ADC_REG_SetSequencerRanks  adc.o
    0x080027a2   0x080027a2   0x00000022   Code   RO         1742    i.LL_ADC_REG_SetSequencerRanks  common_adc.o
    0x080027c4   0x080027c4   0x0000001e   Code   RO          217    i.LL_ADC_SetChannelSamplingTime  adc.o
    0x080027e2   0x080027e2   0x0000001e   Code   RO         1743    i.LL_ADC_SetChannelSamplingTime  common_adc.o
    0x08002800   0x08002800   0x00000020   Code   RO          218    i.LL_ADC_SetChannelSingleDiff  adc.o
    0x08002820   0x08002820   0x00000020   Code   RO         1744    i.LL_ADC_SetChannelSingleDiff  common_adc.o
    0x08002840   0x08002840   0x00000020   Code   RO          219    i.LL_ADC_SetGainCompensation  adc.o
    0x08002860   0x08002860   0x00000020   Code   RO         1745    i.LL_ADC_SetGainCompensation  common_adc.o
    0x08002880   0x08002880   0x0000000e   Code   RO          220    i.LL_ADC_SetOverSamplingScope  adc.o
    0x0800288e   0x0800288e   0x0000000e   Code   RO         1746    i.LL_ADC_SetOverSamplingScope  common_adc.o
    0x0800289c   0x0800289c   0x00000018   Code   RO          180    i.LL_AHB2_GRP1_EnableClock  gpio.o
    0x080028b4   0x080028b4   0x00000018   Code   RO          221    i.LL_AHB2_GRP1_EnableClock  adc.o
    0x080028cc   0x080028cc   0x00000018   Code   RO         1577    i.LL_AHB2_GRP1_EnableClock  sgm58031.o
    0x080028e4   0x080028e4   0x00000018   Code   RO         1747    i.LL_AHB2_GRP1_EnableClock  common_adc.o
    0x080028fc   0x080028fc   0x00000136   Code   RO          511    i.LL_GPIO_Init      stm32g4xx_ll_gpio.o
    0x08002a32   0x08002a32   0x00000026   Code   RO         1671    i.LL_GPIO_SetAFPin_0_7  dac8562.o
    0x08002a58   0x08002a58   0x00000026   Code   RO         1672    i.LL_GPIO_SetPinMode  dac8562.o
    0x08002a7e   0x08002a7e   0x0000000c   Code   RO         1673    i.LL_GPIO_SetPinOutputType  dac8562.o
    0x08002a8a   0x08002a8a   0x00000026   Code   RO         1674    i.LL_GPIO_SetPinPull  dac8562.o
    0x08002ab0   0x08002ab0   0x00000026   Code   RO         1675    i.LL_GPIO_SetPinSpeed  dac8562.o
    0x08002ad6   0x08002ad6   0x00000002   PAD
    0x08002ad8   0x08002ad8   0x0000003c   Code   RO         1578    i.LL_I2C_HandleTransfer  sgm58031.o
    0x08002b14   0x08002b14   0x00000068   Code   RO          986    i.LL_I2C_Init       stm32g4xx_ll_i2c.o
    0x08002b7c   0x08002b7c   0x0000001a   Code   RO          378    i.LL_Init1msTick    stm32g4xx_ll_utils.o
    0x08002b96   0x08002b96   0x00000002   PAD
    0x08002b98   0x08002b98   0x00000090   Code   RO         1040    i.LL_RCC_GetUARTClockFreq  stm32g4xx_ll_rcc.o
    0x08002c28   0x08002c28   0x000000b4   Code   RO         1041    i.LL_RCC_GetUSARTClockFreq  stm32g4xx_ll_rcc.o
    0x08002cdc   0x08002cdc   0x00000010   Code   RO         1043    i.LL_RCC_HSI_IsReady  stm32g4xx_ll_rcc.o
    0x08002cec   0x08002cec   0x00000010   Code   RO         1044    i.LL_RCC_LSE_IsReady  stm32g4xx_ll_rcc.o
    0x08002cfc   0x08002cfc   0x00000020   Code   RO          222    i.LL_RCC_SetADCClockSource  adc.o
    0x08002d1c   0x08002d1c   0x00000020   Code   RO         1748    i.LL_RCC_SetADCClockSource  common_adc.o
    0x08002d3c   0x08002d3c   0x00000014   Code   RO         1234    i.LL_RCC_SetAHBPrescaler  init.o
    0x08002d50   0x08002d50   0x0000000c   Code   RO          384    i.LL_SetSystemCoreClock  stm32g4xx_ll_utils.o
    0x08002d5c   0x08002d5c   0x000000f8   Code   RO          722    i.LL_USART_Init     stm32g4xx_ll_usart.o
    0x08002e54   0x08002e54   0x00000100   Code   RO          223    i.MX_ADC1_Init      adc.o
    0x08002f54   0x08002f54   0x00000100   Code   RO         1749    i.MX_ADC1_Init      common_adc.o
    0x08003054   0x08003054   0x000000e4   Code   RO          224    i.MX_ADC2_Init      adc.o
    0x08003138   0x08003138   0x000000e4   Code   RO         1750    i.MX_ADC2_Init      common_adc.o
    0x0800321c   0x0800321c   0x00000100   Code   RO          225    i.MX_ADC3_Init      adc.o
    0x0800331c   0x0800331c   0x00000100   Code   RO         1751    i.MX_ADC3_Init      common_adc.o
    0x0800341c   0x0800341c   0x000000e4   Code   RO          226    i.MX_ADC4_Init      adc.o
    0x08003500   0x08003500   0x000000e4   Code   RO         1752    i.MX_ADC4_Init      common_adc.o
    0x080035e4   0x080035e4   0x00000224   Code   RO          181    i.MX_GPIO_Init      gpio.o
    0x08003808   0x08003808   0x000000a0   Code   RO         1341    i.MX_TIM2_Init      sys_timer.o
    0x080038a8   0x080038a8   0x00000138   Code   RO         1384    i.MX_USART1_UART_Init  uart_comm.o
    0x080039e0   0x080039e0   0x000000e4   Code   RO         1489    i.MX_USART3_UART_Init  uart_debug.o
    0x08003ac4   0x08003ac4   0x00000002   Code   RO          306    i.MemManage_Handler  stm32g4xx_it.o
    0x08003ac6   0x08003ac6   0x00000002   Code   RO          307    i.NMI_Handler       stm32g4xx_it.o
    0x08003ac8   0x08003ac8   0x00000032   Code   RO         1385    i.NVIC_EncodePriority  uart_comm.o
    0x08003afa   0x08003afa   0x00000002   Code   RO          308    i.PendSV_Handler    stm32g4xx_it.o
    0x08003afc   0x08003afc   0x00000020   Code   RO         1047    i.RCC_GetHCLKClockFreq  stm32g4xx_ll_rcc.o
    0x08003b1c   0x08003b1c   0x00000020   Code   RO         1048    i.RCC_GetPCLK1ClockFreq  stm32g4xx_ll_rcc.o
    0x08003b3c   0x08003b3c   0x00000020   Code   RO         1049    i.RCC_GetPCLK2ClockFreq  stm32g4xx_ll_rcc.o
    0x08003b5c   0x08003b5c   0x00000060   Code   RO         1050    i.RCC_GetSystemClockFreq  stm32g4xx_ll_rcc.o
    0x08003bbc   0x08003bbc   0x00000024   Code   RO         1580    i.SGM58031_ConvertToVoltage_4096V  sgm58031.o
    0x08003be0   0x08003be0   0x0000000c   Code   RO         1581    i.SGM58031_Init     sgm58031.o
    0x08003bec   0x08003bec   0x00000054   Code   RO         1583    i.SGM58031_ReadChannel  sgm58031.o
    0x08003c40   0x08003c40   0x000000b4   Code   RO         1585    i.SGM58031_ReadVoltage  sgm58031.o
    0x08003cf4   0x08003cf4   0x00000002   Code   RO          309    i.SVC_Handler       stm32g4xx_it.o
    0x08003cf6   0x08003cf6   0x00000002   Code   RO          310    i.SysTick_Handler   stm32g4xx_it.o
    0x08003cf8   0x08003cf8   0x000000c0   Code   RO         1235    i.SystemClock_Config  init.o
    0x08003db8   0x08003db8   0x00000010   Code   RO         1193    i.SystemInit        system_stm32g4xx.o
    0x08003dc8   0x08003dc8   0x00000050   Code   RO         1342    i.TIM2_IRQHandler   sys_timer.o
    0x08003e18   0x08003e18   0x00000038   Code   RO         1857    i.Task1_Handler     task.o
    0x08003e50   0x08003e50   0x0000002c   Code   RO         1858    i.Task2_Handler     task.o
    0x08003e7c   0x08003e7c   0x000000b4   Code   RO         1859    i.Task3_Handler     task.o
    0x08003f30   0x08003f30   0x00000080   Code   RO         1386    i.UART1_Init        uart_comm.o
    0x08003fb0   0x08003fb0   0x000000b4   Code   RO         1387    i.UART1_Parse_Data  uart_comm.o
    0x08004064   0x08004064   0x00000058   Code   RO         1388    i.UART1_Send_IT     uart_comm.o
    0x080040bc   0x080040bc   0x00000030   Code   RO         1389    i.UART1_Send_Struct  uart_comm.o
    0x080040ec   0x080040ec   0x0000003c   Code   RO         1490    i.UART_Init         uart_debug.o
    0x08004128   0x08004128   0x00000044   Code   RO         1491    i.UART_Send_IT      uart_debug.o
    0x0800416c   0x0800416c   0x000000b4   Code   RO         1390    i.USART1_IRQHandler  uart_comm.o
    0x08004220   0x08004220   0x000000b8   Code   RO         1492    i.USART3_IRQHandler  uart_debug.o
    0x080042d8   0x080042d8   0x00000078   Code   RO         1391    i.Uart1StartNextTransmission  uart_comm.o
    0x08004350   0x08004350   0x0000005c   Code   RO         1392    i.Uart1TxQueueAdd   uart_comm.o
    0x080043ac   0x080043ac   0x00000024   Code   RO         1393    i.Uart1TxQueueIsFull  uart_comm.o
    0x080043d0   0x080043d0   0x0000007c   Code   RO         1493    i.UartStartNextTransmission  uart_debug.o
    0x0800444c   0x0800444c   0x00000060   Code   RO         1494    i.UartTxQueueAdd    uart_debug.o
    0x080044ac   0x080044ac   0x00000024   Code   RO         1495    i.UartTxQueueIsFull  uart_debug.o
    0x080044d0   0x080044d0   0x00000002   Code   RO          311    i.UsageFault_Handler  stm32g4xx_it.o
    0x080044d2   0x080044d2   0x00000030   Code   RO         2107    i.__ARM_fpclassify  m_wm.l(fpclassify.o)
    0x08004502   0x08004502   0x0000001a   Code   RO         1394    i.__NVIC_EnableIRQ  uart_comm.o
    0x0800451c   0x0800451c   0x00000020   Code   RO         1395    i.__NVIC_SetPriority  uart_comm.o
    0x0800453c   0x0800453c   0x0000000e   Code   RO         1977    i._is_digit         c_w.l(__printf_wp.o)
    0x0800454a   0x0800454a   0x00000002   PAD
    0x0800454c   0x0800454c   0x00000050   Code   RO           14    i.main              main.o
    0x0800459c   0x0800459c   0x0000002c   Code   RO         2095    locale$$code        c_w.l(lc_numeric_c.o)
    0x080045c8   0x080045c8   0x0000002c   Code   RO         2115    locale$$code        c_w.l(lc_ctype_c.o)
    0x080045f4   0x080045f4   0x0000000c   Code   RO         2012    x$fpl$dretinf       fz_wm.l(dretinf.o)
    0x08004600   0x08004600   0x00000056   Code   RO         1914    x$fpl$f2d           fz_wm.l(f2d.o)
    0x08004656   0x08004656   0x0000008c   Code   RO         2014    x$fpl$fnaninf       fz_wm.l(fnaninf.o)
    0x080046e2   0x080046e2   0x0000000a   Code   RO         2173    x$fpl$fpinit        fz_wm.l(fpinit.o)
    0x080046ec   0x080046ec   0x00000004   Code   RO         2016    x$fpl$printf1       fz_wm.l(printf1.o)
    0x080046f0   0x080046f0   0x00000004   Code   RO         2018    x$fpl$printf2       fz_wm.l(printf2.o)
    0x080046f4   0x080046f4   0x00000000   Code   RO         2024    x$fpl$usenofp       fz_wm.l(usenofp.o)
    0x080046f4   0x080046f4   0x00000030   Data   RO          724    .constdata          stm32g4xx_ll_usart.o
    0x08004724   0x08004724   0x00000010   Data   RO         1194    .constdata          system_stm32g4xx.o
    0x08004734   0x08004734   0x00000008   Data   RO         1195    .constdata          system_stm32g4xx.o
    0x0800473c   0x0800473c   0x00000008   Data   RO         1936    .constdata          c_w.l(_printf_wctomb.o)
    0x08004744   0x08004744   0x00000028   Data   RO         1965    .constdata          c_w.l(_printf_hex_int_ll_ptr.o)
    0x0800476c   0x0800476c   0x00000011   Data   RO         1985    .constdata          c_w.l(__printf_flags_ss_wp.o)
    0x0800477d   0x0800477d   0x00000026   Data   RO         2047    .constdata          c_w.l(_printf_fp_hex.o)
    0x080047a3   0x080047a3   0x00000001   PAD
    0x080047a4   0x080047a4   0x00000094   Data   RO         2070    .constdata          c_w.l(bigflt0.o)
    0x08004838   0x08004838   0x00000020   Data   RO         2241    Region$$Table       anon$$obj.o
    0x08004858   0x08004858   0x0000001c   Data   RO         2094    locale$$data        c_w.l(lc_numeric_c.o)
    0x08004874   0x08004874   0x00000110   Data   RO         2114    locale$$data        c_w.l(lc_ctype_c.o)


    Execution Region RW_IRAM1 (Exec base: 0x20000000, Load base: 0x08004984, Size: 0x00005108, Max: 0x00020000, ABSOLUTE)

    Exec Addr    Load Addr    Size         Type   Attr      Idx    E Section Name        Object

    0x20000000   0x08004984   0x00000004   Data   RW         1196    .data               system_stm32g4xx.o
    0x20000004   0x08004988   0x00000014   Data   RW         1343    .data               sys_timer.o
    0x20000018   0x0800499c   0x00000007   Data   RW         1397    .data               uart_comm.o
    0x2000001f   0x080049a3   0x00000002   Data   RW         1497    .data               uart_debug.o
    0x20000021   0x080049a5   0x00000001   PAD
    0x20000022   0x080049a6   0x00000008   Data   RW         1754    .data               common_adc.o
    0x2000002a   0x080049ae   0x00000002   PAD
    0x2000002c        -       0x00002e3c   Zero   RW         1396    .bss                uart_comm.o
    0x20002e68        -       0x00001c1e   Zero   RW         1496    .bss                uart_debug.o
    0x20004a86   0x080049ae   0x00000002   PAD
    0x20004a88        -       0x00000010   Zero   RW         1753    .bss                common_adc.o
    0x20004a98        -       0x0000000e   Zero   RW         1860    .bss                task.o
    0x20004aa6   0x080049ae   0x00000002   PAD
    0x20004aa8        -       0x00000060   Zero   RW         2110    .bss                c_w.l(libspace.o)
    0x20004b08        -       0x00000200   Zero   RW            2    HEAP                startup_stm32g473xx.o
    0x20004d08        -       0x00000400   Zero   RW            1    STACK               startup_stm32g473xx.o


==============================================================================

Image component sizes


      Code (inc. data)   RO Data    RW Data    ZI Data      Debug   Object Name

      1186        138          0          0          0      97624   adc.o
      1480        196          0          8         16      78736   common_adc.o
       792         40          0          0          0      23036   dac8562.o
        76         20          0          0          0       1025   dwt_delay.o
       572         14          0          0          0      12135   gpio.o
       524        102          0          0          0      73782   init.o
        80         14          0          0          0     518931   main.o
      1096        156          0          0          0      43983   sgm58031.o
        64         26        472          0       1536        860   startup_stm32g473xx.o
        18          0          0          0          0       4298   stm32g4xx_it.o
       246         30          0          0          0      81096   stm32g4xx_ll_adc.o
       310          0          0          0          0       7371   stm32g4xx_ll_gpio.o
       104          0          0          0          0      14574   stm32g4xx_ll_i2c.o
       548         66          0          0          0      30665   stm32g4xx_ll_rcc.o
       248         30         48          0          0      27388   stm32g4xx_ll_usart.o
        38          6          0          0          0      17525   stm32g4xx_ll_utils.o
       240         24          0         20          0      89867   sys_timer.o
        16          4         24          4          0       1175   system_stm32g4xx.o
       280         54          0          0         14       3844   task.o
      1292        114          0          7      11836      93747   uart_comm.o
       980         90          0          2       7198      38697   uart_debug.o

    ----------------------------------------------------------------------
     10200       1124        576         44      20604    1260359   Object Totals
         0          0         32          0          0          0   (incl. Generated)
        10          0          0          3          4          0   (incl. Padding)

    ----------------------------------------------------------------------

      Code (inc. data)   RO Data    RW Data    ZI Data      Debug   Library Member Name

         8          0          0          0          0         68   __main.o
       392          4         17          0          0         92   __printf_flags_ss_wp.o
        14          0          0          0          0         68   __printf_wp.o
         0          0          0          0          0          0   __rtentry.o
        12          0          0          0          0          0   __rtentry2.o
         6          0          0          0          0          0   __rtentry4.o
        52          8          0          0          0          0   __scatter.o
        26          0          0          0          0          0   __scatter_copy.o
        28          0          0          0          0          0   __scatter_zi.o
         6          0          0          0          0          0   _printf_a.o
         6          0          0          0          0          0   _printf_c.o
        44          0          0          0          0        108   _printf_char.o
        48          6          0          0          0         96   _printf_char_common.o
        40          0          0          0          0         68   _printf_charcount.o
         6          0          0          0          0          0   _printf_d.o
       120         16          0          0          0         92   _printf_dec.o
         6          0          0          0          0          0   _printf_e.o
         6          0          0          0          0          0   _printf_f.o
      1054          0          0          0          0        216   _printf_fp_dec.o
       764          8         38          0          0        100   _printf_fp_hex.o
       128         16          0          0          0         84   _printf_fp_infnan.o
         6          0          0          0          0          0   _printf_g.o
       148          4         40          0          0        160   _printf_hex_int_ll_ptr.o
         6          0          0          0          0          0   _printf_i.o
       178          0          0          0          0         88   _printf_intcommon.o
        10          0          0          0          0          0   _printf_l.o
         6          0          0          0          0          0   _printf_lc.o
        10          0          0          0          0          0   _printf_ll.o
         6          0          0          0          0          0   _printf_lld.o
         6          0          0          0          0          0   _printf_lli.o
         6          0          0          0          0          0   _printf_llo.o
         6          0          0          0          0          0   _printf_llu.o
         6          0          0          0          0          0   _printf_llx.o
       124         16          0          0          0         92   _printf_longlong_dec.o
         6          0          0          0          0          0   _printf_ls.o
         6          0          0          0          0          0   _printf_n.o
         6          0          0          0          0          0   _printf_o.o
       112         10          0          0          0        124   _printf_oct_int_ll.o
         6          0          0          0          0          0   _printf_p.o
        78          0          0          0          0        108   _printf_pad.o
         0          0          0          0          0          0   _printf_percent.o
         4          0          0          0          0          0   _printf_percent_end.o
         6          0          0          0          0          0   _printf_s.o
        82          0          0          0          0         80   _printf_str.o
        36          0          0          0          0         84   _printf_truncate.o
         6          0          0          0          0          0   _printf_u.o
        44          0          0          0          0        108   _printf_wchar.o
       188          6          8          0          0         92   _printf_wctomb.o
         6          0          0          0          0          0   _printf_x.o
        16          0          0          0          0         68   _snputc.o
        10          0          0          0          0         68   _sputc.o
        64          0          0          0          0         92   _wcrtomb.o
       228          4        148          0          0         96   bigflt0.o
      1936        128          0          0          0        672   btod.o
        18          0          0          0          0         80   exit.o
         6          0          0          0          0        152   heapauxi.o
         0          0          0          0          0          0   indicate_semi.o
        44         10        272          0          0         76   lc_ctype_c.o
        44         10         28          0          0         76   lc_numeric_c.o
         2          0          0          0          0          0   libinit.o
        34          0          0          0          0          0   libinit2.o
         2          0          0          0          0          0   libshutdown.o
         2          0          0          0          0          0   libshutdown2.o
         8          4          0          0         96         68   libspace.o
       138          0          0          0          0         80   lludiv10.o
        16          4          0          0          0         76   rt_ctype_table.o
         8          4          0          0          0         68   rt_locale_intlibspace.o
        68          0          0          0          0         68   rt_memclr.o
        78          0          0          0          0         80   rt_memclr_w.o
       138          0          0          0          0         68   rt_memcpy_v6.o
       100          0          0          0          0         80   rt_memcpy_w.o
         2          0          0          0          0          0   rtexit.o
        10          0          0          0          0          0   rtexit2.o
       128          0          0          0          0         68   strcmpv7m.o
        62          0          0          0          0         76   strlen.o
        12          4          0          0          0         68   sys_exit.o
        74          0          0          0          0         80   sys_stackheap_outer.o
         2          0          0          0          0         68   use_no_semi.o
        52          4          0          0          0         80   vsnprintf.o
        12          0          0          0          0        116   dretinf.o
        86          4          0          0          0        132   f2d.o
       140          4          0          0          0        132   fnaninf.o
        10          0          0          0          0        116   fpinit.o
         4          0          0          0          0        116   printf1.o
         4          0          0          0          0        116   printf2.o
         0          0          0          0          0          0   usenofp.o
        48          0          0          0          0        124   fpclassify.o

    ----------------------------------------------------------------------
      7492        274        552          0         96       5188   Library Totals
        16          0          1          0          0          0   (incl. Padding)

    ----------------------------------------------------------------------

      Code (inc. data)   RO Data    RW Data    ZI Data      Debug   Library Name

      7172        266        551          0         96       4336   c_w.l
       256          8          0          0          0        728   fz_wm.l
        48          0          0          0          0        124   m_wm.l

    ----------------------------------------------------------------------
      7492        274        552          0         96       5188   Library Totals

    ----------------------------------------------------------------------

==============================================================================


      Code (inc. data)   RO Data    RW Data    ZI Data      Debug   

     17692       1398       1128         44      20700    1252355   Grand Totals
     17692       1398       1128         44      20700    1252355   ELF Image Totals
     17692       1398       1128         44          0          0   ROM Totals

==============================================================================

    Total RO  Size (Code + RO Data)                18820 (  18.38kB)
    Total RW  Size (RW Data + ZI Data)             20744 (  20.26kB)
    Total ROM Size (Code + RO Data + RW Data)      18864 (  18.42kB)

==============================================================================

