Component: ARM Compiler 5.06 update 6 (build 750) Tool: armlink [4d35ed]

==============================================================================

Section Cross References

    startup_stm32g473xx.o(STACK) refers (Special) to heapauxi.o(.text) for __use_two_region_memory
    startup_stm32g473xx.o(HEAP) refers (Special) to heapauxi.o(.text) for __use_two_region_memory
    startup_stm32g473xx.o(RESET) refers (Special) to heapauxi.o(.text) for __use_two_region_memory
    startup_stm32g473xx.o(RESET) refers to startup_stm32g473xx.o(STACK) for __initial_sp
    startup_stm32g473xx.o(RESET) refers to startup_stm32g473xx.o(.text) for Reset_Handler
    startup_stm32g473xx.o(RESET) refers to stm32g4xx_it.o(i.NMI_Handler) for NMI_Handler
    startup_stm32g473xx.o(RESET) refers to stm32g4xx_it.o(i.HardFault_Handler) for HardFault_Handler
    startup_stm32g473xx.o(RESET) refers to stm32g4xx_it.o(i.MemManage_Handler) for MemManage_Handler
    startup_stm32g473xx.o(RESET) refers to stm32g4xx_it.o(i.BusFault_Handler) for BusFault_Handler
    startup_stm32g473xx.o(RESET) refers to stm32g4xx_it.o(i.UsageFault_Handler) for UsageFault_Handler
    startup_stm32g473xx.o(RESET) refers to port.o(.emb_text) for SVC_Handler
    startup_stm32g473xx.o(RESET) refers to stm32g4xx_it.o(i.DebugMon_Handler) for DebugMon_Handler
    startup_stm32g473xx.o(RESET) refers to port.o(i.SysTick_Handler) for SysTick_Handler
    startup_stm32g473xx.o(RESET) refers to stm32g4xx_it.o(i.USB_LP_IRQHandler) for USB_LP_IRQHandler
    startup_stm32g473xx.o(RESET) refers to uart_comm.o(i.USART1_IRQHandler) for USART1_IRQHandler
    startup_stm32g473xx.o(RESET) refers to uart_debug.o(i.USART3_IRQHandler) for USART3_IRQHandler
    startup_stm32g473xx.o(.text) refers (Special) to heapauxi.o(.text) for __use_two_region_memory
    startup_stm32g473xx.o(.text) refers to system_stm32g4xx.o(i.SystemInit) for SystemInit
    startup_stm32g473xx.o(.text) refers to __main.o(!!!main) for __main
    startup_stm32g473xx.o(.text) refers to startup_stm32g473xx.o(HEAP) for Heap_Mem
    startup_stm32g473xx.o(.text) refers to startup_stm32g473xx.o(STACK) for Stack_Mem
    main.o(i.main) refers to init.o(i.SystemClock_Config) for SystemClock_Config
    main.o(i.main) refers to init.o(i.Init_Hardware) for Init_Hardware
    main.o(i.main) refers to init.o(i.Init_App) for Init_App
    main.o(i.main) refers to task_init.o(i.Watchdog_task_create) for Watchdog_task_create
    main.o(i.main) refers to task_init.o(i.Debug_uart_task_create) for Debug_uart_task_create
    main.o(i.main) refers to task_init.o(i.Monitor_task_create) for Monitor_task_create
    main.o(i.main) refers to task_init.o(i.Comm_task_create) for Comm_task_create
    main.o(i.main) refers to task_init.o(i.TFT_task_create) for TFT_task_create
    main.o(i.main) refers to task_init.o(i.Storage_task_create) for Storage_task_create
    main.o(i.main) refers to task_init.o(i.Key_task_create) for Key_task_create
    main.o(i.main) refers to tasks.o(i.vTaskStartScheduler) for vTaskStartScheduler
    main.o(i.main) refers to init.o(.data) for S_F
    main.o(i.vApplicationMallocFailedHook) refers to uart_debug.o(i.fr_printf) for fr_printf
    main.o(i.vApplicationStackOverflowHook) refers to uart_debug.o(i.fr_printf) for fr_printf
    gpio.o(i.MX_GPIO_Init) refers to rt_memclr_w.o(.text) for __aeabi_memclr4
    gpio.o(i.MX_GPIO_Init) refers to gpio.o(i.LL_AHB2_GRP1_EnableClock) for LL_AHB2_GRP1_EnableClock
    gpio.o(i.MX_GPIO_Init) refers to stm32g4xx_ll_gpio.o(i.LL_GPIO_Init) for LL_GPIO_Init
    i2c.o(i.MX_I2C1_Init) refers to rt_memclr_w.o(.text) for __aeabi_memclr4
    i2c.o(i.MX_I2C1_Init) refers to i2c.o(i.LL_AHB2_GRP1_EnableClock) for LL_AHB2_GRP1_EnableClock
    i2c.o(i.MX_I2C1_Init) refers to stm32g4xx_ll_gpio.o(i.LL_GPIO_Init) for LL_GPIO_Init
    i2c.o(i.MX_I2C1_Init) refers to stm32g4xx_ll_i2c.o(i.LL_I2C_Init) for LL_I2C_Init
    spi.o(i.MX_SPI1_Init) refers to rt_memclr_w.o(.text) for __aeabi_memclr4
    spi.o(i.MX_SPI1_Init) refers to stm32g4xx_ll_gpio.o(i.LL_GPIO_Init) for LL_GPIO_Init
    spi.o(i.MX_SPI1_Init) refers to stm32g4xx_ll_spi.o(i.LL_SPI_Init) for LL_SPI_Init
    tim.o(i.LL_TIM_IC_SetActiveInput) refers to tim.o(.constdata) for .constdata
    tim.o(i.LL_TIM_IC_SetFilter) refers to tim.o(.constdata) for .constdata
    tim.o(i.LL_TIM_IC_SetPolarity) refers to tim.o(.constdata) for .constdata
    tim.o(i.LL_TIM_IC_SetPrescaler) refers to tim.o(.constdata) for .constdata
    tim.o(i.MX_TIM15_Init) refers to rt_memclr_w.o(.text) for __aeabi_memclr4
    tim.o(i.MX_TIM15_Init) refers to tim.o(i.LL_AHB2_GRP1_EnableClock) for LL_AHB2_GRP1_EnableClock
    tim.o(i.MX_TIM15_Init) refers to stm32g4xx_ll_gpio.o(i.LL_GPIO_Init) for LL_GPIO_Init
    tim.o(i.MX_TIM15_Init) refers to stm32g4xx_ll_tim.o(i.LL_TIM_Init) for LL_TIM_Init
    tim.o(i.MX_TIM15_Init) refers to tim.o(i.LL_TIM_IC_SetActiveInput) for LL_TIM_IC_SetActiveInput
[...]
    _printf_int_oct                          0x08000ae7   Thumb Code    24  _printf_oct_int_ll.o(.text)
    _printf_ll_oct                           0x08000aff   Thumb Code    12  _printf_oct_int_ll.o(.text)
    _printf_longlong_hex                     0x08000b15   Thumb Code    86  _printf_hex_int_ll_ptr.o(.text)
    _printf_int_hex                          0x08000b6b   Thumb Code    28  _printf_hex_int_ll_ptr.o(.text)
    _printf_ll_hex                           0x08000b87   Thumb Code    12  _printf_hex_int_ll_ptr.o(.text)
    _printf_hex_ptr                          0x08000b93   Thumb Code    18  _printf_hex_int_ll_ptr.o(.text)
    __printf                                 0x08000ba9   Thumb Code   388  __printf_flags_ss_wp.o(.text)
    _strtoul                                 0x08000d31   Thumb Code   158  _strtoul.o(.text)
    __aeabi_memcpy4                          0x08000dcf   Thumb Code     0  rt_memcpy_w.o(.text)
    __aeabi_memcpy8                          0x08000dcf   Thumb Code     0  rt_memcpy_w.o(.text)
    __rt_memcpy_w                            0x08000dcf   Thumb Code   100  rt_memcpy_w.o(.text)
    _memcpy_lastbytes_aligned                0x08000e17   Thumb Code     0  rt_memcpy_w.o(.text)
    __user_libspace                          0x08000e35   Thumb Code     8  libspace.o(.text)
    __user_perproc_libspace                  0x08000e35   Thumb Code     0  libspace.o(.text)
    __user_perthread_libspace                0x08000e35   Thumb Code     0  libspace.o(.text)
    __rt_locale                              0x08000e3d   Thumb Code     8  rt_locale_intlibspace.o(.text)
    _ll_udiv10                               0x08000e45   Thumb Code   138  lludiv10.o(.text)
    _printf_int_common                       0x08000ecf   Thumb Code   178  _printf_intcommon.o(.text)
    __lib_sel_fp_printf                      0x08000f81   Thumb Code     2  _printf_fp_dec.o(.text)
    _printf_fp_dec_real                      0x08001133   Thumb Code   620  _printf_fp_dec.o(.text)
    _printf_fp_hex_real                      0x080013a1   Thumb Code   756  _printf_fp_hex.o(.text)
    _printf_cs_common                        0x0800169d   Thumb Code    20  _printf_char.o(.text)
    _printf_char                             0x080016b1   Thumb Code    16  _printf_char.o(.text)
    _printf_string                           0x080016c1   Thumb Code     8  _printf_char.o(.text)
    _printf_lcs_common                       0x080016c9   Thumb Code    20  _printf_wchar.o(.text)
    _printf_wchar                            0x080016dd   Thumb Code    16  _printf_wchar.o(.text)
    _printf_wstring                          0x080016ed   Thumb Code     8  _printf_wchar.o(.text)
    _chval                                   0x080016f5   Thumb Code    28  _chval.o(.text)
    _wcrtomb                                 0x08001711   Thumb Code    64  _wcrtomb.o(.text)
    __user_setup_stackheap                   0x08001751   Thumb Code    74  sys_stackheap_outer.o(.text)
    _printf_fp_infnan                        0x0800179d   Thumb Code   112  _printf_fp_infnan.o(.text)
    _btod_etento                             0x0800181d   Thumb Code   224  bigflt0.o(.text)
    exit                                     0x08001901   Thumb Code    18  exit.o(.text)
    _sys_exit                                0x08001915   Thumb Code     8  sys_exit.o(.text)
    __I$use$semihosting                      0x08001921   Thumb Code     0  use_no_semi.o(.text)
    __use_no_semihosting_swi                 0x08001921   Thumb Code     2  use_no_semi.o(.text)
    __semihosting_library_function           0x08001923   Thumb Code     0  indicate_semi.o(.text)
    _btod_d2e                                0x08001923   Thumb Code    62  btod.o(CL$$btod_d2e)
    _d2e_denorm_low                          0x08001961   Thumb Code    70  btod.o(CL$$btod_d2e_denorm_low)
    _d2e_norm_op1                            0x080019a7   Thumb Code    96  btod.o(CL$$btod_d2e_norm_op1)
    __btod_div_common                        0x08001a07   Thumb Code   696  btod.o(CL$$btod_div_common)
    _e2e                                     0x08001d3f   Thumb Code   220  btod.o(CL$$btod_e2e)
    _btod_ediv                               0x08001e1b   Thumb Code    42  btod.o(CL$$btod_ediv)
    _btod_emul                               0x08001e45   Thumb Code    42  btod.o(CL$$btod_emul)
    __btod_mult_common                       0x08001e6f   Thumb Code   580  btod.o(CL$$btod_mult_common)
    BusFault_Handler                         0x080020b3   Thumb Code     2  stm32g4xx_it.o(i.BusFault_Handler)
    Comm_task_create                         0x080020fd   Thumb Code    56  task_init.o(i.Comm_task_create)
    CommandProcessorInit                     0x08002179   Thumb Code    18  debug.o(i.CommandProcessorInit)
    DebugMon_Handler                         0x08002195   Thumb Code     2  stm32g4xx_it.o(i.DebugMon_Handler)
    Debug_uart_task_create                   0x08002199   Thumb Code    54  task_init.o(i.Debug_uart_task_create)
    DefaultErrorHandler                      0x0800221d   Thumb Code     8  debug.o(i.DefaultErrorHandler)
    Error_Handler                            0x08002231   Thumb Code    10  init.o(i.Error_Handler)
    HAL_Init                                 0x0800224d   Thumb Code    30  stm32g4xx_hal.o(i.HAL_Init)
    HAL_InitTick                             0x0800226d   Thumb Code    58  stm32g4xx_hal.o(i.HAL_InitTick)
    HAL_MspInit                              0x080022b1   Thumb Code    42  stm32g4xx_hal_msp.o(i.HAL_MspInit)
    HAL_NVIC_EnableIRQ                       0x080022e1   Thumb Code    26  stm32g4xx_hal_cortex.o(i.HAL_NVIC_EnableIRQ)
    HAL_NVIC_SetPriority                     0x080022fd   Thumb Code    60  stm32g4xx_hal_cortex.o(i.HAL_NVIC_SetPriority)
    HAL_NVIC_SetPriorityGrouping             0x0800233d   Thumb Code    26  stm32g4xx_hal_cortex.o(i.HAL_NVIC_SetPriorityGrouping)
    HAL_PCDEx_ActivateLPM                    0x08002361   Thumb Code    36  stm32g4xx_hal_pcd_ex.o(i.HAL_PCDEx_ActivateLPM)
    HAL_PCDEx_LPM_Callback                   0x08002385   Thumb Code    64  usbd_conf.o(i.HAL_PCDEx_LPM_Callback)
    HAL_PCDEx_PMAConfig                      0x080023c9   Thumb Code    60  stm32g4xx_hal_pcd_ex.o(i.HAL_PCDEx_PMAConfig)
    HAL_PCD_DataInStageCallback              0x08002405   Thumb Code    18  usbd_conf.o(i.HAL_PCD_DataInStageCallback)
    HAL_PCD_DataOutStageCallback             0x08002417   Thumb Code    20  usbd_conf.o(i.HAL_PCD_DataOutStageCallback)
    HAL_PCD_EP_Close                         0x0800242b   Thumb Code    74  stm32g4xx_hal_pcd.o(i.HAL_PCD_EP_Close)
    HAL_PCD_EP_ClrStall                      0x08002475   Thumb Code    90  stm32g4xx_hal_pcd.o(i.HAL_PCD_EP_ClrStall)
    HAL_PCD_EP_GetRxCount                    0x0800292b   Thumb Code    18  stm32g4xx_hal_pcd.o(i.HAL_PCD_EP_GetRxCount)
    HAL_PCD_EP_Open                          0x0800293d   Thumb Code    92  stm32g4xx_hal_pcd.o(i.HAL_PCD_EP_Open)
    HAL_PCD_EP_Receive                       0x08002999   Thumb Code    46  stm32g4xx_hal_pcd.o(i.HAL_PCD_EP_Receive)
    HAL_PCD_EP_SetStall                      0x080029c7   Thumb Code    94  stm32g4xx_hal_pcd.o(i.HAL_PCD_EP_SetStall)
    HAL_PCD_EP_Transmit                      0x08002a25   Thumb Code    46  stm32g4xx_hal_pcd.o(i.HAL_PCD_EP_Transmit)
    HAL_PCD_IRQHandler                       0x08002a53   Thumb Code   330  stm32g4xx_hal_pcd.o(i.HAL_PCD_IRQHandler)
    HAL_PCD_Init                             0x08002b9d   Thumb Code   156  stm32g4xx_hal_pcd.o(i.HAL_PCD_Init)
    HAL_PCD_MspInit                          0x08002c39   Thumb Code    62  usbd_conf.o(i.HAL_PCD_MspInit)
    HAL_PCD_ResetCallback                    0x08002c81   Thumb Code    38  usbd_conf.o(i.HAL_PCD_ResetCallback)
    HAL_PCD_ResumeCallback                   0x08002ca9   Thumb Code    34  usbd_conf.o(i.HAL_PCD_ResumeCallback)
    HAL_PCD_SOFCallback                      0x08002cd1   Thumb Code     8  usbd_conf.o(i.HAL_PCD_SOFCallback)
    HAL_PCD_SetAddress                       0x08002cd9   Thumb Code    38  stm32g4xx_hal_pcd.o(i.HAL_PCD_SetAddress)
    HAL_PCD_SetupStageCallback               0x08002cff   Thumb Code    14  usbd_conf.o(i.HAL_PCD_SetupStageCallback)
    HAL_PCD_Start                            0x08002d0d   Thumb Code    42  stm32g4xx_hal_pcd.o(i.HAL_PCD_Start)
    HAL_PCD_SuspendCallback                  0x08002d39   Thumb Code    30  usbd_conf.o(i.HAL_PCD_SuspendCallback)
    HAL_PWREx_DisableUCPDDeadBattery         0x08002d5d   Thumb Code    12  stm32g4xx_hal_pwr_ex.o(i.HAL_PWREx_DisableUCPDDeadBattery)
    HAL_SYSTICK_Config                       0x08002d6d   Thumb Code    40  stm32g4xx_hal_cortex.o(i.HAL_SYSTICK_Config)
    HardFault_Handler                        0x08002f5d   Thumb Code     2  stm32g4xx_it.o(i.HardFault_Handler)
    IWDG_Init                                0x08002f61   Thumb Code    48  watchdog.o(i.IWDG_Init)
    Init_App                                 0x08003085   Thumb Code    24  init.o(i.Init_App)
    Init_Hardware                            0x080030b1   Thumb Code    62  init.o(i.Init_Hardware)
    Key_Init                                 0x08003165   Thumb Code    54  key.o(i.Key_Init)
    Key_Scan                                 0x080031a5   Thumb Code    82  key.o(i.Key_Scan)
    Key_task_create                          0x08003201   Thumb Code    54  task_init.o(i.Key_task_create)
    LL_GPIO_Init                             0x080032ed   Thumb Code   310  stm32g4xx_ll_gpio.o(i.LL_GPIO_Init)
    LL_I2C_Init                              0x0800346d   Thumb Code   104  stm32g4xx_ll_i2c.o(i.LL_I2C_Init)
    LL_RCC_GetUARTClockFreq                  0x080034d5   Thumb Code   130  stm32g4xx_ll_rcc.o(i.LL_RCC_GetUARTClockFreq)
    LL_RCC_GetUSARTClockFreq                 0x08003565   Thumb Code   172  stm32g4xx_ll_rcc.o(i.LL_RCC_GetUSARTClockFreq)
    LL_SPI_Init                              0x08003665   Thumb Code   118  stm32g4xx_ll_spi.o(i.LL_SPI_Init)
    LL_SetSystemCoreClock                    0x080036dd   Thumb Code     6  stm32g4xx_ll_utils.o(i.LL_SetSystemCoreClock)
    LL_TIM_Init                              0x080038cd   Thumb Code   176  stm32g4xx_ll_tim.o(i.LL_TIM_Init)
    LL_USART_Init                            0x080039a1   Thumb Code   218  stm32g4xx_ll_usart.o(i.LL_USART_Init)
    M24C64_CheckReady                        0x08003acd   Thumb Code    88  m24c64.o(i.M24C64_CheckReady)
    MX_GPIO_Init                             0x08003b2d   Thumb Code   366  gpio.o(i.MX_GPIO_Init)
    MX_I2C1_Init                             0x08003ca5   Thumb Code   190  i2c.o(i.MX_I2C1_Init)
    MX_SPI1_Init                             0x08003d75   Thumb Code   204  spi.o(i.MX_SPI1_Init)
    MX_TIM15_Init                            0x08003e49   Thumb Code   276  tim.o(i.MX_TIM15_Init)
    MX_TIM2_Init                             0x08003f75   Thumb Code   226  tim.o(i.MX_TIM2_Init)
    MX_TIM3_Init                             0x08004061   Thumb Code   228  tim.o(i.MX_TIM3_Init)
    MX_USART1_UART_Init                      0x08004155   Thumb Code   260  usart.o(i.MX_USART1_UART_Init)
    MX_USART3_UART_Init                      0x08004269   Thumb Code   212  usart.o(i.MX_USART3_UART_Init)
    MX_USB_Device_Init                       0x08004349   Thumb Code    66  usb_device.o(i.MX_USB_Device_Init)
    MemManage_Handler                        0x0800439d   Thumb Code     2  stm32g4xx_it.o(i.MemManage_Handler)
    Monitor_task_create                      0x0800439f   Thumb Code     2  task_init.o(i.Monitor_task_create)
    NMI_Handler                              0x080043a1   Thumb Code     2  stm32g4xx_it.o(i.NMI_Handler)
    ProcessCommand                           0x080046e5   Thumb Code   106  debug.o(i.ProcessCommand)
    RegisterAllCommands                      0x08004829   Thumb Code    30  commandhandlers.o(i.RegisterAllCommands)
    RegisterCommand                          0x08004879   Thumb Code    96  debug.o(i.RegisterCommand)
    ST7789_Clear                             0x08004915   Thumb Code    24  st7789.o(i.ST7789_Clear)
    ST7789_Fill                              0x0800492d   Thumb Code   110  st7789.o(i.ST7789_Fill)
    ST7789_Init                              0x080049a1   Thumb Code   326  st7789.o(i.ST7789_Init)
    ST7789_SetWindow                         0x08004b2d   Thumb Code   218  st7789.o(i.ST7789_SetWindow)
    ST7789_WriteCmd                          0x08004c0d   Thumb Code    24  st7789.o(i.ST7789_WriteCmd)
    ST7789_WriteData                         0x08004c25   Thumb Code    72  st7789.o(i.ST7789_WriteData)
    ST7789_WriteDataByte                     0x08004c71   Thumb Code    24  st7789.o(i.ST7789_WriteDataByte)
    Storage_task_create                      0x08004c95   Thumb Code    54  task_init.o(i.Storage_task_create)
    SysTick_Handler                          0x08004d15   Thumb Code    38  port.o(i.SysTick_Handler)
    SystemClock_Config                       0x08004d41   Thumb Code   204  init.o(i.SystemClock_Config)
    SystemInit                               0x08004e29   Thumb Code    12  system_stm32g4xx.o(i.SystemInit)
    TFT_task_create                          0x08004e39   Thumb Code    54  task_init.o(i.TFT_task_create)
    TriggerCommandProcessing                 0x08004ead   Thumb Code    16  debug.o(i.TriggerCommandProcessing)
    UART1_Init                               0x08004ebd   Thumb Code    46  uart_comm.o(i.UART1_Init)
    UART1_Parse_Data                         0x08004f09   Thumb Code   158  uart_comm.o(i.UART1_Parse_Data)
    UART1_Send_IT                            0x08004fb5   Thumb Code   174  uart_comm.o(i.UART1_Send_IT)
    UART1_Send_Struct                        0x08005089   Thumb Code    36  uart_comm.o(i.UART1_Send_Struct)
    UART_Init                                0x080050b1   Thumb Code    64  uart_debug.o(i.UART_Init)
    UART_Send_IT                             0x080050f9   Thumb Code   210  uart_debug.o(i.UART_Send_IT)
    USART1_IRQHandler                        0x080051e1   Thumb Code   164  uart_comm.o(i.USART1_IRQHandler)
    USART3_IRQHandler                        0x0800528d   Thumb Code   126  uart_debug.o(i.USART3_IRQHandler)
    USBD_CDC_ConfigStrDescriptor             0x08005315   Thumb Code    16  usbd_desc.o(i.USBD_CDC_ConfigStrDescriptor)
    USBD_CDC_DeviceDescriptor                0x08005405   Thumb Code     8  usbd_desc.o(i.USBD_CDC_DeviceDescriptor)
    USBD_CDC_GetDeviceQualifierDescriptor    0x08005441   Thumb Code     8  usbd_cdc.o(i.USBD_CDC_GetDeviceQualifierDescriptor)
    USBD_CDC_InterfaceStrDescriptor          0x08005515   Thumb Code    16  usbd_desc.o(i.USBD_CDC_InterfaceStrDescriptor)
    USBD_CDC_LangIDStrDescriptor             0x08005539   Thumb Code     8  usbd_desc.o(i.USBD_CDC_LangIDStrDescriptor)
    USBD_CDC_ManufacturerStrDescriptor       0x08005545   Thumb Code    16  usbd_desc.o(i.USBD_CDC_ManufacturerStrDescriptor)
    USBD_CDC_ProductStrDescriptor            0x0800556d   Thumb Code    16  usbd_desc.o(i.USBD_CDC_ProductStrDescriptor)
    USBD_CDC_ReceivePacket                   0x08005599   Thumb Code    40  usbd_cdc.o(i.USBD_CDC_ReceivePacket)
    USBD_CDC_RegisterInterface               0x080055c1   Thumb Code    14  usbd_cdc.o(i.USBD_CDC_RegisterInterface)
    USBD_CDC_SerialStrDescriptor             0x080055d1   Thumb Code    48  usbd_desc.o(i.USBD_CDC_SerialStrDescriptor)
    USBD_CDC_SetRxBuffer                     0x08005609   Thumb Code    18  usbd_cdc.o(i.USBD_CDC_SetRxBuffer)
    USBD_CDC_SetTxBuffer                     0x0800561b   Thumb Code    22  usbd_cdc.o(i.USBD_CDC_SetTxBuffer)
    USBD_ClrClassConfig                      0x080056ef   Thumb Code    16  usbd_core.o(i.USBD_ClrClassConfig)
    USBD_CtlContinueRx                       0x080056ff   Thumb Code    16  usbd_ioreq.o(i.USBD_CtlContinueRx)
    USBD_CtlContinueSendData                 0x0800570f   Thumb Code    16  usbd_ioreq.o(i.USBD_CtlContinueSendData)
    USBD_CtlError                            0x0800571f   Thumb Code    22  usbd_ctlreq.o(i.USBD_CtlError)
    USBD_CtlPrepareRx                        0x08005735   Thumb Code    30  usbd_ioreq.o(i.USBD_CtlPrepareRx)
    USBD_CtlReceiveStatus                    0x08005753   Thumb Code    22  usbd_ioreq.o(i.USBD_CtlReceiveStatus)
    USBD_CtlSendData                         0x08005769   Thumb Code    26  usbd_ioreq.o(i.USBD_CtlSendData)
    USBD_CtlSendStatus                       0x08005783   Thumb Code    22  usbd_ioreq.o(i.USBD_CtlSendStatus)
    USBD_GetString                           0x08005893   Thumb Code    72  usbd_ctlreq.o(i.USBD_GetString)
    USBD_Init                                0x080058f3   Thumb Code    38  usbd_core.o(i.USBD_Init)
    USBD_LL_ClearStallEP                     0x08005919   Thumb Code    18  usbd_conf.o(i.USBD_LL_ClearStallEP)
    USBD_LL_CloseEP                          0x0800592b   Thumb Code    18  usbd_conf.o(i.USBD_LL_CloseEP)
    USBD_LL_DataInStage                      0x0800593d   Thumb Code   168  usbd_core.o(i.USBD_LL_DataInStage)
    USBD_LL_DataOutStage                     0x080059e5   Thumb Code   108  usbd_core.o(i.USBD_LL_DataOutStage)
    USBD_LL_GetRxDataSize                    0x08005a51   Thumb Code     8  usbd_conf.o(i.USBD_LL_GetRxDataSize)
    USBD_LL_Init                             0x08005a59   Thumb Code   124  usbd_conf.o(i.USBD_LL_Init)
    USBD_LL_IsStallEP                        0x08005add   Thumb Code    30  usbd_conf.o(i.USBD_LL_IsStallEP)
    USBD_LL_OpenEP                           0x08005afb   Thumb Code    24  usbd_conf.o(i.USBD_LL_OpenEP)
    USBD_LL_PrepareReceive                   0x08005b13   Thumb Code    18  usbd_conf.o(i.USBD_LL_PrepareReceive)
    USBD_LL_Reset                            0x08005b25   Thumb Code    90  usbd_core.o(i.USBD_LL_Reset)
    USBD_LL_Resume                           0x08005b7f   Thumb Code    20  usbd_core.o(i.USBD_LL_Resume)
    USBD_LL_SOF                              0x08005b93   Thumb Code    32  usbd_core.o(i.USBD_LL_SOF)
    USBD_LL_SetSpeed                         0x08005bb3   Thumb Code     6  usbd_core.o(i.USBD_LL_SetSpeed)
    USBD_LL_SetUSBAddress                    0x08005bb9   Thumb Code    18  usbd_conf.o(i.USBD_LL_SetUSBAddress)
    USBD_LL_SetupStage                       0x08005bcb   Thumb Code    96  usbd_core.o(i.USBD_LL_SetupStage)
    USBD_LL_StallEP                          0x08005c2b   Thumb Code    18  usbd_conf.o(i.USBD_LL_StallEP)
    USBD_LL_Start                            0x08005c3d   Thumb Code    18  usbd_conf.o(i.USBD_LL_Start)
    USBD_LL_Suspend                          0x08005c4f   Thumb Code    18  usbd_core.o(i.USBD_LL_Suspend)
    USBD_LL_Transmit                         0x08005c61   Thumb Code    18  usbd_conf.o(i.USBD_LL_Transmit)
    USBD_ParseSetupRequest                   0x08005c73   Thumb Code    44  usbd_ctlreq.o(i.USBD_ParseSetupRequest)
    USBD_RegisterClass                       0x08005c9f   Thumb Code    36  usbd_core.o(i.USBD_RegisterClass)
    USBD_SetClassConfig                      0x08005cc3   Thumb Code    20  usbd_core.o(i.USBD_SetClassConfig)
    USBD_Start                               0x08005d95   Thumb Code     4  usbd_core.o(i.USBD_Start)
    USBD_StdDevReq                           0x08005d99   Thumb Code   276  usbd_ctlreq.o(i.USBD_StdDevReq)
    USBD_StdEPReq                            0x08005ead   Thumb Code   320  usbd_ctlreq.o(i.USBD_StdEPReq)
    USBD_StdItfReq                           0x08005fed   Thumb Code    82  usbd_ctlreq.o(i.USBD_StdItfReq)
    USBD_static_free                         0x0800603f   Thumb Code     2  usbd_conf.o(i.USBD_static_free)
    USBD_static_malloc                       0x08006041   Thumb Code     4  usbd_conf.o(i.USBD_static_malloc)
    USB_ActivateEndpoint                     0x08006049   Thumb Code   874  stm32g4xx_ll_usb.o(i.USB_ActivateEndpoint)
    USB_DeactivateEndpoint                   0x080063b3   Thumb Code   270  stm32g4xx_ll_usb.o(i.USB_DeactivateEndpoint)
    USB_DevConnect                           0x080064c1   Thumb Code    14  stm32g4xx_ll_usb.o(i.USB_DevConnect)
    USB_DevInit                              0x080064cf   Thumb Code    18  stm32g4xx_ll_usb.o(i.USB_DevInit)
    USB_DisableGlobalInt                     0x080064e1   Thumb Code    16  stm32g4xx_ll_usb.o(i.USB_DisableGlobalInt)
    USB_EPClearStall                         0x080064f1   Thumb Code   112  stm32g4xx_ll_usb.o(i.USB_EPClearStall)
    USB_EPSetStall                           0x08006561   Thumb Code    50  stm32g4xx_ll_usb.o(i.USB_EPSetStall)
    USB_EPStartXfer                          0x08006595   Thumb Code   878  stm32g4xx_ll_usb.o(i.USB_EPStartXfer)
    USB_EnableGlobalInt                      0x08006903   Thumb Code    18  stm32g4xx_ll_usb.o(i.USB_EnableGlobalInt)
    USB_LP_IRQHandler                        0x08006915   Thumb Code     6  stm32g4xx_it.o(i.USB_LP_IRQHandler)
    USB_ReadInterrupts                       0x08006921   Thumb Code     6  stm32g4xx_ll_usb.o(i.USB_ReadInterrupts)
    USB_ReadPMA                              0x08006927   Thumb Code    40  stm32g4xx_ll_usb.o(i.USB_ReadPMA)
    USB_SetDevAddress                        0x0800694f   Thumb Code    12  stm32g4xx_ll_usb.o(i.USB_SetDevAddress)
    USB_WritePMA                             0x0800695d   Thumb Code    38  stm32g4xx_ll_usb.o(i.USB_WritePMA)
    UsageFault_Handler                       0x08006983   Thumb Code     2  stm32g4xx_it.o(i.UsageFault_Handler)
    Watchdog_task_create                     0x08006985   Thumb Code    62  task_init.o(i.Watchdog_task_create)
    __ARM_fpclassify                         0x08006a15   Thumb Code    48  fpclassify.o(i.__ARM_fpclassify)
    _is_digit                                0x08006a65   Thumb Code    14  __printf_wp.o(i._is_digit)
    fr_printf                                0x08006a75   Thumb Code    76  uart_debug.o(i.fr_printf)
    main                                     0x08006ac5   Thumb Code    52  main.o(i.main)
    pvPortMalloc                             0x08006f5d   Thumb Code   200  heap_4.o(i.pvPortMalloc)
    pvTaskIncrementMutexHeldCount            0x08007029   Thumb Code    18  tasks.o(i.pvTaskIncrementMutexHeldCount)
    pxPortInitialiseStack                    0x08007041   Thumb Code    40  port.o(i.pxPortInitialiseStack)
    uxListRemove                             0x0800706d   Thumb Code    38  list.o(i.uxListRemove)
    vApplicationIdleHook                     0x08007093   Thumb Code     2  main.o(i.vApplicationIdleHook)
    vApplicationMallocFailedHook             0x08007095   Thumb Code     8  main.o(i.vApplicationMallocFailedHook)
    vApplicationStackOverflowHook            0x080070b9   Thumb Code     8  main.o(i.vApplicationStackOverflowHook)
    vApplicationTickHook                     0x080070e5   Thumb Code     2  main.o(i.vApplicationTickHook)
    vKeyScanTask                             0x080070e7   Thumb Code    12  key.o(i.vKeyScanTask)
    vListInitialise                          0x080070f3   Thumb Code    22  list.o(i.vListInitialise)
    vListInitialiseItem                      0x08007109   Thumb Code     6  list.o(i.vListInitialiseItem)
    vListInsert                              0x0800710f   Thumb Code    48  list.o(i.vListInsert)
    vPortEnterCritical                       0x08007141   Thumb Code    54  port.o(i.vPortEnterCritical)
    vPortExitCritical                        0x08007181   Thumb Code    34  port.o(i.vPortExitCritical)
    vPortFree                                0x080071a9   Thumb Code    94  heap_4.o(i.vPortFree)
    vPortSetupTimerInterrupt                 0x0800720d   Thumb Code    32  port.o(i.vPortSetupTimerInterrupt)
    vStorageTask                             0x08007231   Thumb Code    12  m24c64.o(i.vStorageTask)
    vTFTTask                                 0x0800723d   Thumb Code    46  st7789.o(i.vTFTTask)
    vTaskDelay                               0x0800726d   Thumb Code    66  tasks.o(i.vTaskDelay)
    vTaskInternalSetTimeOutState             0x080072b9   Thumb Code    12  tasks.o(i.vTaskInternalSetTimeOutState)
    vTaskMissedYield                         0x080072c9   Thumb Code     8  tasks.o(i.vTaskMissedYield)
    vTaskPlaceOnEventList                    0x080072d5   Thumb Code    44  tasks.o(i.vTaskPlaceOnEventList)
    vTaskPriorityDisinheritAfterTimeout      0x08007305   Thumb Code   186  tasks.o(i.vTaskPriorityDisinheritAfterTimeout)
    vTaskStartScheduler                      0x080073c9   Thumb Code    86  tasks.o(i.vTaskStartScheduler)
    vTaskSuspendAll                          0x08007431   Thumb Code    10  tasks.o(i.vTaskSuspendAll)
    vTaskSwitchContext                       0x08007441   Thumb Code   126  tasks.o(i.vTaskSwitchContext)
    vUart1ProcessTask                        0x080074c9   Thumb Code    28  uart_comm.o(i.vUart1ProcessTask)
    vUartProcessTask                         0x080074e9   Thumb Code   100  uart_debug.o(i.vUartProcessTask)
    vWatchdogTask                            0x08007559   Thumb Code    16  watchdog.o(i.vWatchdogTask)
    xPortStartScheduler                      0x0800756d   Thumb Code   222  port.o(i.xPortStartScheduler)
    xQueueCreateMutex                        0x08007661   Thumb Code    36  queue.o(i.xQueueCreateMutex)
    xQueueGenericCreate                      0x08007685   Thumb Code    94  queue.o(i.xQueueGenericCreate)
    xQueueGenericReset                       0x080076e5   Thumb Code   172  queue.o(i.xQueueGenericReset)
    xQueueGenericSend                        0x08007795   Thumb Code   320  queue.o(i.xQueueGenericSend)
    xQueueSemaphoreTake                      0x080078d9   Thumb Code   328  queue.o(i.xQueueSemaphoreTake)
    xTaskCheckForTimeOut                     0x08007a25   Thumb Code   118  tasks.o(i.xTaskCheckForTimeOut)
    xTaskCreate                              0x08007aa1   Thumb Code    92  tasks.o(i.xTaskCreate)
    xTaskIncrementTick                       0x08007afd   Thumb Code   324  tasks.o(i.xTaskIncrementTick)
    xTaskPriorityDisinherit                  0x08007c49   Thumb Code   174  tasks.o(i.xTaskPriorityDisinherit)
    xTaskPriorityInherit                     0x08007d01   Thumb Code   168  tasks.o(i.xTaskPriorityInherit)
    xTaskRemoveFromEventList                 0x08007db1   Thumb Code   210  tasks.o(i.xTaskRemoveFromEventList)
    xTaskResumeAll                           0x08007e8d   Thumb Code   286  tasks.o(i.xTaskResumeAll)
    _get_lc_ctype                            0x08007fb9   Thumb Code    44  lc_ctype_c.o(locale$$code)
    _get_lc_numeric                          0x08007fe5   Thumb Code    44  lc_numeric_c.o(locale$$code)
    _fp_init                                 0x08008011   Thumb Code    10  fpinit.o(x$fpl$fpinit)
    __fplib_config_fpu_vfp                   0x08008019   Thumb Code     0  fpinit.o(x$fpl$fpinit)
    __fplib_config_pureend_doubles           0x08008019   Thumb Code     0  fpinit.o(x$fpl$fpinit)
    _printf_fp_dec                           0x0800801b   Thumb Code     4  printf1.o(x$fpl$printf1)
    _printf_fp_hex                           0x0800801f   Thumb Code     4  printf2.o(x$fpl$printf2)
    __I$use$fp                               0x08008022   Number         0  usenofp.o(x$fpl$usenofp)
    AHBPrescTable                            0x08008070   Data          16  system_stm32g4xx.o(.constdata)
    APBPrescTable                            0x08008080   Data           8  system_stm32g4xx.o(.constdata)
    Region$$Table$$Base                      0x080081b4   Number         0  anon$$obj.o(Region$$Table)
    Region$$Table$$Limit                     0x080081d4   Number         0  anon$$obj.o(Region$$Table)
    __ctype                                  0x080081e1   Data           0  lc_ctype_c.o(locale$$data)
    CDC_Desc                                 0x20000000   Data          32  usbd_desc.o(.data)
    USBD_LangIDDesc                          0x20000020   Data           4  usbd_desc.o(.data)
    USBD_CDC_DeviceDesc                      0x20000024   Data          18  usbd_desc.o(.data)
    USBD_StringSerial                        0x20000038   Data          26  usbd_desc.o(.data)
    USBD_Interface_fops_FS                   0x20000054   Data          20  usbd_cdc_if.o(.data)
    uwTickPrio                               0x20000068   Data           4  stm32g4xx_hal.o(.data)
    uwTickFreq                               0x2000006c   Data           4  stm32g4xx_hal.o(.data)
    uwTick                                   0x20000070   Data           4  stm32g4xx_hal.o(.data)
    SystemCoreClock                          0x20000074   Data           4  system_stm32g4xx.o(.data)
    USBD_CDC                                 0x20000154   Data          56  usbd_cdc.o(.data)
    pxCurrentTCB                             0x200001b4   Data           4  tasks.o(.data)
    uxTopUsedPriority                        0x200001e4   Data           4  tasks.o(.data)
    ua                                       0x200001fd   Data           4  uart_comm.o(.data)
    uart_rx_data                             0x20000208   Data           6  uart_comm.o(.data)
    S_F                                      0x2000020e   Data           1  init.o(.data)
    xReturn                                  0x20000210   Data           4  task_init.o(.data)
    hpcd_USB_FS                              0x2000043c   Data         732  usbd_conf.o(.bss)
    hUsbDeviceFS                             0x20000718   Data         720  usb_device.o(.bss)
    USBD_StrDesc                             0x200009e8   Data         512  usbd_desc.o(.bss)
    UserRxBufferFS                           0x20000be8   Data        2048  usbd_cdc_if.o(.bss)
    UserTxBufferFS                           0x200013e8   Data        2048  usbd_cdc_if.o(.bss)
    uart3_dev                                0x200094b0   Data        1546  uart_debug.o(.bss)
    uart1_dev                                0x20009b18   Data        2642  uart_comm.o(.bss)
    __libspace_start                         0x2000a5ec   Data          96  libspace.o(.bss)
    __temporary_stack_top$libspace           0x2000a64c   Data           0  libspace.o(.bss)



==============================================================================

Memory Map of the image

  Image Entry point : 0x080001d9

  Load Region LR_IROM1 (Base: 0x08000000, Size: 0x0000851c, Max: 0x00020000, ABSOLUTE, COMPRESSED[0x000083d4])

    Execution Region ER_IROM1 (Exec base: 0x08000000, Load base: 0x08000000, Size: 0x00008300, Max: 0x00020000, ABSOLUTE)

    Exec Addr    Load Addr    Size         Type   Attr      Idx    E Section Name        Object

    0x08000000   0x08000000   0x000001d8   Data   RO            3    RESET               startup_stm32g473xx.o
    0x080001d8   0x080001d8   0x00000008   Code   RO         5858  * !!!main             c_w.l(__main.o)
    0x080001e0   0x080001e0   0x00000034   Code   RO         6192    !!!scatter          c_w.l(__scatter.o)
    0x08000214   0x08000214   0x0000005a   Code   RO         6190    !!dczerorl2         c_w.l(__dczerorl2.o)
    0x0800026e   0x0800026e   0x00000002   PAD
    0x08000270   0x08000270   0x0000001c   Code   RO         6194    !!handler_zi        c_w.l(__scatter_zi.o)
    0x0800028c   0x0800028c   0x00000000   Code   RO         5951    .ARM.Collect$$_printf_percent$$00000000  c_w.l(_printf_percent.o)
    0x0800028c   0x0800028c   0x00000006   Code   RO         5940    .ARM.Collect$$_printf_percent$$00000001  c_w.l(_printf_n.o)
    0x08000292   0x08000292   0x00000006   Code   RO         5942    .ARM.Collect$$_printf_percent$$00000002  c_w.l(_printf_p.o)
    0x08000298   0x08000298   0x00000006   Code   RO         5947    .ARM.Collect$$_printf_percent$$00000003  c_w.l(_printf_f.o)
    0x0800029e   0x0800029e   0x00000006   Code   RO         5948    .ARM.Collect$$_printf_percent$$00000004  c_w.l(_printf_e.o)
    0x080002a4   0x080002a4   0x00000006   Code   RO         5949    .ARM.Collect$$_printf_percent$$00000005  c_w.l(_printf_g.o)
    0x080002aa   0x080002aa   0x00000006   Code   RO         5950    .ARM.Collect$$_printf_percent$$00000006  c_w.l(_printf_a.o)
    0x080002b0   0x080002b0   0x0000000a   Code   RO         5955    .ARM.Collect$$_printf_percent$$00000007  c_w.l(_printf_ll.o)
    0x080002ba   0x080002ba   0x00000006   Code   RO         5944    .ARM.Collect$$_printf_percent$$00000008  c_w.l(_printf_i.o)
    0x080002c0   0x080002c0   0x00000006   Code   RO         5945    .ARM.Collect$$_printf_percent$$00000009  c_w.l(_printf_d.o)
    0x080002c6   0x080002c6   0x00000006   Code   RO         5946    .ARM.Collect$$_printf_percent$$0000000A  c_w.l(_printf_u.o)
    0x080002cc   0x080002cc   0x00000006   Code   RO         5943    .ARM.Collect$$_printf_percent$$0000000B  c_w.l(_printf_o.o)
    0x080002d2   0x080002d2   0x00000006   Code   RO         5941    .ARM.Collect$$_printf_percent$$0000000C  c_w.l(_printf_x.o)
    0x080002d8   0x080002d8   0x00000006   Code   RO         5952    .ARM.Collect$$_printf_percent$$0000000D  c_w.l(_printf_lli.o)
    0x080002de   0x080002de   0x00000006   Code   RO         5953    .ARM.Collect$$_printf_percent$$0000000E  c_w.l(_printf_lld.o)
    0x080002e4   0x080002e4   0x00000006   Code   RO         5954    .ARM.Collect$$_printf_percent$$0000000F  c_w.l(_printf_llu.o)
    0x080002ea   0x080002ea   0x00000006   Code   RO         5959    .ARM.Collect$$_printf_percent$$00000010  c_w.l(_printf_llo.o)
    0x080002f0   0x080002f0   0x00000006   Code   RO         5960    .ARM.Collect$$_printf_percent$$00000011  c_w.l(_printf_llx.o)
    0x080002f6   0x080002f6   0x0000000a   Code   RO         5956    .ARM.Collect$$_printf_percent$$00000012  c_w.l(_printf_l.o)
    0x08000300   0x08000300   0x00000006   Code   RO         5938    .ARM.Collect$$_printf_percent$$00000013  c_w.l(_printf_c.o)
    0x08000306   0x08000306   0x00000006   Code   RO         5939    .ARM.Collect$$_printf_percent$$00000014  c_w.l(_printf_s.o)
    0x0800030c   0x0800030c   0x00000006   Code   RO         5957    .ARM.Collect$$_printf_percent$$00000015  c_w.l(_printf_lc.o)
    0x08000312   0x08000312   0x00000006   Code   RO         5958    .ARM.Collect$$_printf_percent$$00000016  c_w.l(_printf_ls.o)
    0x08000318   0x08000318   0x00000004   Code   RO         6011    .ARM.Collect$$_printf_percent$$00000017  c_w.l(_printf_percent_end.o)
    0x0800031c   0x0800031c   0x00000002   Code   RO         6058    .ARM.Collect$$libinit$$00000000  c_w.l(libinit.o)
    0x0800031e   0x0800031e   0x00000004   Code   RO         6059    .ARM.Collect$$libinit$$00000001  c_w.l(libinit2.o)
    0x08000322   0x08000322   0x00000000   Code   RO         6062    .ARM.Collect$$libinit$$00000004  c_w.l(libinit2.o)
    0x08000322   0x08000322   0x00000000   Code   RO         6065    .ARM.Collect$$libinit$$0000000A  c_w.l(libinit2.o)
    0x08000322   0x08000322   0x00000000   Code   RO         6067    .ARM.Collect$$libinit$$0000000C  c_w.l(libinit2.o)
    0x08000322   0x08000322   0x00000000   Code   RO         6069    .ARM.Collect$$libinit$$0000000E  c_w.l(libinit2.o)
    0x08000322   0x08000322   0x00000006   Code   RO         6070    .ARM.Collect$$libinit$$0000000F  c_w.l(libinit2.o)
    0x08000328   0x08000328   0x00000000   Code   RO         6072    .ARM.Collect$$libinit$$00000011  c_w.l(libinit2.o)
    0x08000328   0x08000328   0x0000000c   Code   RO         6073    .ARM.Collect$$libinit$$00000012  c_w.l(libinit2.o)
    0x08000334   0x08000334   0x00000000   Code   RO         6074    .ARM.Collect$$libinit$$00000013  c_w.l(libinit2.o)
    0x08000334   0x08000334   0x00000000   Code   RO         6076    .ARM.Collect$$libinit$$00000015  c_w.l(libinit2.o)
    0x08000334   0x08000334   0x0000000a   Code   RO         6077    .ARM.Collect$$libinit$$00000016  c_w.l(libinit2.o)
    0x0800033e   0x0800033e   0x00000000   Code   RO         6078    .ARM.Collect$$libinit$$00000017  c_w.l(libinit2.o)
    0x0800033e   0x0800033e   0x00000000   Code   RO         6080    .ARM.Collect$$libinit$$00000019  c_w.l(libinit2.o)
    0x0800033e   0x0800033e   0x00000000   Code   RO         6082    .ARM.Collect$$libinit$$0000001B  c_w.l(libinit2.o)
    0x0800033e   0x0800033e   0x00000000   Code   RO         6084    .ARM.Collect$$libinit$$0000001D  c_w.l(libinit2.o)
    0x0800033e   0x0800033e   0x00000000   Code   RO         6086    .ARM.Collect$$libinit$$0000001F  c_w.l(libinit2.o)
    0x0800033e   0x0800033e   0x00000000   Code   RO         6088    .ARM.Collect$$libinit$$00000021  c_w.l(libinit2.o)
    0x0800033e   0x0800033e   0x00000000   Code   RO         6090    .ARM.Collect$$libinit$$00000023  c_w.l(libinit2.o)
    0x0800033e   0x0800033e   0x00000000   Code   RO         6092    .ARM.Collect$$libinit$$00000025  c_w.l(libinit2.o)
    0x0800033e   0x0800033e   0x00000000   Code   RO         6096    .ARM.Collect$$libinit$$0000002C  c_w.l(libinit2.o)
    0x0800033e   0x0800033e   0x00000000   Code   RO         6098    .ARM.Collect$$libinit$$0000002E  c_w.l(libinit2.o)
    0x0800033e   0x0800033e   0x00000000   Code   RO         6100    .ARM.Collect$$libinit$$00000030  c_w.l(libinit2.o)
    0x0800033e   0x0800033e   0x00000000   Code   RO         6102    .ARM.Collect$$libinit$$00000032  c_w.l(libinit2.o)
    0x0800033e   0x0800033e   0x00000002   Code   RO         6103    .ARM.Collect$$libinit$$00000033  c_w.l(libinit2.o)
    0x08000340   0x08000340   0x00000002   Code   RO         6138    .ARM.Collect$$libshutdown$$00000000  c_w.l(libshutdown.o)
    0x08000342   0x08000342   0x00000000   Code   RO         6149    .ARM.Collect$$libshutdown$$00000002  c_w.l(libshutdown2.o)
    0x08000342   0x08000342   0x00000000   Code   RO         6151    .ARM.Collect$$libshutdown$$00000004  c_w.l(libshutdown2.o)
    0x08000342   0x08000342   0x00000000   Code   RO         6154    .ARM.Collect$$libshutdown$$00000007  c_w.l(libshutdown2.o)
    0x08000342   0x08000342   0x00000000   Code   RO         6157    .ARM.Collect$$libshutdown$$0000000A  c_w.l(libshutdown2.o)
    0x08000342   0x08000342   0x00000000   Code   RO         6159    .ARM.Collect$$libshutdown$$0000000C  c_w.l(libshutdown2.o)
    0x08000342   0x08000342   0x00000000   Code   RO         6162    .ARM.Collect$$libshutdown$$0000000F  c_w.l(libshutdown2.o)
    0x08000342   0x08000342   0x00000002   Code   RO         6163    .ARM.Collect$$libshutdown$$00000010  c_w.l(libshutdown2.o)
    0x08000344   0x08000344   0x00000000   Code   RO         5860    .ARM.Collect$$rtentry$$00000000  c_w.l(__rtentry.o)
    0x08000344   0x08000344   0x00000000   Code   RO         5977    .ARM.Collect$$rtentry$$00000002  c_w.l(__rtentry2.o)
    0x08000344   0x08000344   0x00000006   Code   RO         5989    .ARM.Collect$$rtentry$$00000004  c_w.l(__rtentry4.o)
    0x0800034a   0x0800034a   0x00000000   Code   RO         5979    .ARM.Collect$$rtentry$$00000009  c_w.l(__rtentry2.o)
    0x0800034a   0x0800034a   0x00000004   Code   RO         5980    .ARM.Collect$$rtentry$$0000000A  c_w.l(__rtentry2.o)
    0x0800034e   0x0800034e   0x00000000   Code   RO         5982    .ARM.Collect$$rtentry$$0000000C  c_w.l(__rtentry2.o)
    0x0800034e   0x0800034e   0x00000008   Code   RO         5983    .ARM.Collect$$rtentry$$0000000D  c_w.l(__rtentry2.o)
    0x08000356   0x08000356   0x00000002   Code   RO         6109    .ARM.Collect$$rtexit$$00000000  c_w.l(rtexit.o)
    0x08000358   0x08000358   0x00000000   Code   RO         6116    .ARM.Collect$$rtexit$$00000002  c_w.l(rtexit2.o)
    0x08000358   0x08000358   0x00000004   Code   RO         6117    .ARM.Collect$$rtexit$$00000003  c_w.l(rtexit2.o)
    0x0800035c   0x0800035c   0x00000006   Code   RO         6118    .ARM.Collect$$rtexit$$00000004  c_w.l(rtexit2.o)
    0x08000362   0x08000362   0x00000002   PAD
    0x08000364   0x08000364   0x000000be   Code   RO         4252    .emb_text           port.o
    0x08000422   0x08000422   0x00000002   PAD
    0x08000424   0x08000424   0x00000040   Code   RO            4    .text               startup_stm32g473xx.o
    0x08000464   0x08000464   0x00000034   Code   RO         5834    .text               c_w.l(vsnprintf.o)
    0x08000498   0x08000498   0x00000070   Code   RO         5836    .text               c_w.l(strtol.o)
    0x08000508   0x08000508   0x00000014   Code   RO         5838    .text               c_w.l(strchr.o)
    0x0800051c   0x0800051c   0x0000003e   Code   RO         5840    .text               c_w.l(strlen.o)
    0x0800055a   0x0800055a   0x00000096   Code   RO         5842    .text               c_w.l(strncmp.o)
    0x080005f0   0x080005f0   0x0000008a   Code   RO         5844    .text               c_w.l(rt_memcpy_v6.o)
    0x0800067a   0x0800067a   0x00000010   Code   RO         5848    .text               c_w.l(aeabi_memset.o)
    0x0800068a   0x0800068a   0x00000044   Code   RO         5850    .text               c_w.l(rt_memclr.o)
    0x080006ce   0x080006ce   0x0000004e   Code   RO         5852    .text               c_w.l(rt_memclr_w.o)
    0x0800071c   0x0800071c   0x00000080   Code   RO         5854    .text               c_w.l(strcmpv7m.o)
    0x0800079c   0x0800079c   0x00000006   Code   RO         5856    .text               c_w.l(heapauxi.o)
    0x080007a2   0x080007a2   0x00000002   PAD
    0x080007a4   0x080007a4   0x00000010   Code   RO         5861    .text               c_w.l(rt_ctype_table.o)
    0x080007b4   0x080007b4   0x00000008   Code   RO         5866    .text               c_w.l(rt_errno_addr_intlibspace.o)
    0x080007bc   0x080007bc   0x0000004e   Code   RO         5870    .text               c_w.l(_printf_pad.o)
    0x0800080a   0x0800080a   0x00000024   Code   RO         5872    .text               c_w.l(_printf_truncate.o)
    0x0800082e   0x0800082e   0x00000052   Code   RO         5874    .text               c_w.l(_printf_str.o)
    0x08000880   0x08000880   0x00000078   Code   RO         5876    .text               c_w.l(_printf_dec.o)
    0x080008f8   0x080008f8   0x00000028   Code   RO         5878    .text               c_w.l(_printf_charcount.o)
    0x08000920   0x08000920   0x00000030   Code   RO         5880    .text               c_w.l(_printf_char_common.o)
    0x08000950   0x08000950   0x0000000a   Code   RO         5882    .text               c_w.l(_sputc.o)
    0x0800095a   0x0800095a   0x00000010   Code   RO         5884    .text               c_w.l(_snputc.o)
    0x0800096a   0x0800096a   0x00000002   PAD
    0x0800096c   0x0800096c   0x000000bc   Code   RO         5886    .text               c_w.l(_printf_wctomb.o)
    0x08000a28   0x08000a28   0x0000007c   Code   RO         5889    .text               c_w.l(_printf_longlong_dec.o)
    0x08000aa4   0x08000aa4   0x00000070   Code   RO         5895    .text               c_w.l(_printf_oct_int_ll.o)
    0x08000b14   0x08000b14   0x00000094   Code   RO         5915    .text               c_w.l(_printf_hex_int_ll_ptr.o)
    0x08000ba8   0x08000ba8   0x00000188   Code   RO         5935    .text               c_w.l(__printf_flags_ss_wp.o)
    0x08000d30   0x08000d30   0x0000009e   Code   RO         5961    .text               c_w.l(_strtoul.o)
    0x08000dce   0x08000dce   0x00000064   Code   RO         5963    .text               c_w.l(rt_memcpy_w.o)
    0x08000e32   0x08000e32   0x00000002   PAD
    0x08000e34   0x08000e34   0x00000008   Code   RO         5973    .text               c_w.l(libspace.o)
    0x08000e3c   0x08000e3c   0x00000008   Code   RO         5994    .text               c_w.l(rt_locale_intlibspace.o)
    0x08000e44   0x08000e44   0x0000008a   Code   RO         5996    .text               c_w.l(lludiv10.o)
    0x08000ece   0x08000ece   0x000000b2   Code   RO         5998    .text               c_w.l(_printf_intcommon.o)
    0x08000f80   0x08000f80   0x0000041e   Code   RO         6000    .text               c_w.l(_printf_fp_dec.o)
    0x0800139e   0x0800139e   0x00000002   PAD
    0x080013a0   0x080013a0   0x000002fc   Code   RO         6002    .text               c_w.l(_printf_fp_hex.o)
    0x0800169c   0x0800169c   0x0000002c   Code   RO         6007    .text               c_w.l(_printf_char.o)
    0x080016c8   0x080016c8   0x0000002c   Code   RO         6009    .text               c_w.l(_printf_wchar.o)
    0x080016f4   0x080016f4   0x0000001c   Code   RO         6012    .text               c_w.l(_chval.o)
    0x08001710   0x08001710   0x00000040   Code   RO         6014    .text               c_w.l(_wcrtomb.o)
    0x08001750   0x08001750   0x0000004a   Code   RO         6019    .text               c_w.l(sys_stackheap_outer.o)
    0x0800179a   0x0800179a   0x00000002   PAD
    0x0800179c   0x0800179c   0x00000080   Code   RO         6021    .text               c_w.l(_printf_fp_infnan.o)
    0x0800181c   0x0800181c   0x000000e4   Code   RO         6023    .text               c_w.l(bigflt0.o)
    0x08001900   0x08001900   0x00000012   Code   RO         6051    .text               c_w.l(exit.o)
    0x08001912   0x08001912   0x00000002   PAD
    0x08001914   0x08001914   0x0000000c   Code   RO         6128    .text               c_w.l(sys_exit.o)
    0x08001920   0x08001920   0x00000002   Code   RO         6139    .text               c_w.l(use_no_semi.o)
    0x08001922   0x08001922   0x00000000   Code   RO         6141    .text               c_w.l(indicate_semi.o)
    0x08001922   0x08001922   0x0000003e   Code   RO         6026    CL$$btod_d2e        c_w.l(btod.o)
    0x08001960   0x08001960   0x00000046   Code   RO         6028    CL$$btod_d2e_denorm_low  c_w.l(btod.o)
    0x080019a6   0x080019a6   0x00000060   Code   RO         6027    CL$$btod_d2e_norm_op1  c_w.l(btod.o)
    0x08001a06   0x08001a06   0x00000338   Code   RO         6036    CL$$btod_div_common  c_w.l(btod.o)
    0x08001d3e   0x08001d3e   0x000000dc   Code   RO         6033    CL$$btod_e2e        c_w.l(btod.o)
    0x08001e1a   0x08001e1a   0x0000002a   Code   RO         6030    CL$$btod_ediv       c_w.l(btod.o)
    0x08001e44   0x08001e44   0x0000002a   Code   RO         6029    CL$$btod_emul       c_w.l(btod.o)
    0x08001e6e   0x08001e6e   0x00000244   Code   RO         6035    CL$$btod_mult_common  c_w.l(btod.o)
    0x080020b2   0x080020b2   0x00000002   Code   RO          492    i.BusFault_Handler  stm32g4xx_it.o
    0x080020b4   0x080020b4   0x00000004   Code   RO          993    i.CDC_Control_FS    usbd_cdc_if.o
    0x080020b8   0x080020b8   0x00000004   Code   RO          994    i.CDC_DeInit_FS     usbd_cdc_if.o
    0x080020bc   0x080020bc   0x00000024   Code   RO          995    i.CDC_Init_FS       usbd_cdc_if.o
    0x080020e0   0x080020e0   0x00000018   Code   RO          996    i.CDC_Receive_FS    usbd_cdc_if.o
    0x080020f8   0x080020f8   0x00000004   Code   RO          997    i.CDC_TransmitCplt_FS  usbd_cdc_if.o
    0x080020fc   0x080020fc   0x0000007c   Code   RO         5594    i.Comm_task_create  task_init.o
    0x08002178   0x08002178   0x0000001c   Code   RO         5657    i.CommandProcessorInit  debug.o
    0x08002194   0x08002194   0x00000002   Code   RO          493    i.DebugMon_Handler  stm32g4xx_it.o
    0x08002196   0x08002196   0x00000002   PAD
    0x08002198   0x08002198   0x00000084   Code   RO         5595    i.Debug_uart_task_create  task_init.o
    0x0800221c   0x0800221c   0x00000014   Code   RO         5658    i.DefaultErrorHandler  debug.o
    0x08002230   0x08002230   0x0000001c   Code   RO         5534    i.Error_Handler     init.o
    0x0800224c   0x0800224c   0x0000001e   Code   RO         1724    i.HAL_Init          stm32g4xx_hal.o
    0x0800226a   0x0800226a   0x00000002   PAD
    0x0800226c   0x0800226c   0x00000044   Code   RO         1725    i.HAL_InitTick      stm32g4xx_hal.o
    0x080022b0   0x080022b0   0x00000030   Code   RO          616    i.HAL_MspInit       stm32g4xx_hal_msp.o
    0x080022e0   0x080022e0   0x0000001a   Code   RO         3087    i.HAL_NVIC_EnableIRQ  stm32g4xx_hal_cortex.o
    0x080022fa   0x080022fa   0x00000002   PAD
    0x080022fc   0x080022fc   0x00000040   Code   RO         3093    i.HAL_NVIC_SetPriority  stm32g4xx_hal_cortex.o
    0x0800233c   0x0800233c   0x00000024   Code   RO         3094    i.HAL_NVIC_SetPriorityGrouping  stm32g4xx_hal_cortex.o
    0x08002360   0x08002360   0x00000024   Code   RO         1464    i.HAL_PCDEx_ActivateLPM  stm32g4xx_hal_pcd_ex.o
    0x08002384   0x08002384   0x00000044   Code   RO          640    i.HAL_PCDEx_LPM_Callback  usbd_conf.o
    0x080023c8   0x080023c8   0x0000003c   Code   RO         1470    i.HAL_PCDEx_PMAConfig  stm32g4xx_hal_pcd_ex.o
    0x08002404   0x08002404   0x00000012   Code   RO          642    i.HAL_PCD_DataInStageCallback  usbd_conf.o
    0x08002416   0x08002416   0x00000014   Code   RO          643    i.HAL_PCD_DataOutStageCallback  usbd_conf.o
    0x0800242a   0x0800242a   0x0000004a   Code   RO         1242    i.HAL_PCD_EP_Close  stm32g4xx_hal_pcd.o
    0x08002474   0x08002474   0x0000005a   Code   RO         1243    i.HAL_PCD_EP_ClrStall  stm32g4xx_hal_pcd.o
    0x080024ce   0x080024ce   0x000000dc   Code   RO         1244    i.HAL_PCD_EP_DB_Receive  stm32g4xx_hal_pcd.o
    0x080025aa   0x080025aa   0x00000380   Code   RO         1245    i.HAL_PCD_EP_DB_Transmit  stm32g4xx_hal_pcd.o
    0x0800292a   0x0800292a   0x00000012   Code   RO         1247    i.HAL_PCD_EP_GetRxCount  stm32g4xx_hal_pcd.o
    0x0800293c   0x0800293c   0x0000005c   Code   RO         1248    i.HAL_PCD_EP_Open   stm32g4xx_hal_pcd.o
    0x08002998   0x08002998   0x0000002e   Code   RO         1249    i.HAL_PCD_EP_Receive  stm32g4xx_hal_pcd.o
    0x080029c6   0x080029c6   0x0000005e   Code   RO         1250    i.HAL_PCD_EP_SetStall  stm32g4xx_hal_pcd.o
    0x08002a24   0x08002a24   0x0000002e   Code   RO         1251    i.HAL_PCD_EP_Transmit  stm32g4xx_hal_pcd.o
    0x08002a52   0x08002a52   0x0000014a   Code   RO         1253    i.HAL_PCD_IRQHandler  stm32g4xx_hal_pcd.o
    0x08002b9c   0x08002b9c   0x0000009c   Code   RO         1256    i.HAL_PCD_Init      stm32g4xx_hal_pcd.o
    0x08002c38   0x08002c38   0x00000048   Code   RO          648    i.HAL_PCD_MspInit   usbd_conf.o
    0x08002c80   0x08002c80   0x00000026   Code   RO          649    i.HAL_PCD_ResetCallback  usbd_conf.o
    0x08002ca6   0x08002ca6   0x00000002   PAD
    0x08002ca8   0x08002ca8   0x00000028   Code   RO          650    i.HAL_PCD_ResumeCallback  usbd_conf.o
    0x08002cd0   0x08002cd0   0x00000008   Code   RO          651    i.HAL_PCD_SOFCallback  usbd_conf.o
    0x08002cd8   0x08002cd8   0x00000026   Code   RO         1262    i.HAL_PCD_SetAddress  stm32g4xx_hal_pcd.o
    0x08002cfe   0x08002cfe   0x0000000e   Code   RO          652    i.HAL_PCD_SetupStageCallback  usbd_conf.o
    0x08002d0c   0x08002d0c   0x0000002a   Code   RO         1264    i.HAL_PCD_Start     stm32g4xx_hal_pcd.o
    0x08002d36   0x08002d36   0x00000002   PAD
    0x08002d38   0x08002d38   0x00000024   Code   RO          653    i.HAL_PCD_SuspendCallback  usbd_conf.o
    0x08002d5c   0x08002d5c   0x00000010   Code   RO         2853    i.HAL_PWREx_DisableUCPDDeadBattery  stm32g4xx_hal_pwr_ex.o
    0x08002d6c   0x08002d6c   0x00000028   Code   RO         3098    i.HAL_SYSTICK_Config  stm32g4xx_hal_cortex.o
    0x08002d94   0x08002d94   0x00000088   Code   RO         5795    i.HandleSetA        commandhandlers.o
    0x08002e1c   0x08002e1c   0x00000088   Code   RO         5796    i.HandleSetB        commandhandlers.o
    0x08002ea4   0x08002ea4   0x000000b8   Code   RO         5797    i.HandleSetGather   commandhandlers.o
    0x08002f5c   0x08002f5c   0x00000002   Code   RO          494    i.HardFault_Handler  stm32g4xx_it.o
    0x08002f5e   0x08002f5e   0x00000002   PAD
    0x08002f60   0x08002f60   0x00000034   Code   RO         5753    i.IWDG_Init         watchdog.o
    0x08002f94   0x08002f94   0x0000006c   Code   RO         5168    i.InitHardUart      uart_debug.o
    0x08003000   0x08003000   0x00000084   Code   RO         5458    i.InitHardUart1     uart_comm.o
    0x08003084   0x08003084   0x0000002c   Code   RO         5535    i.Init_App          init.o
    0x080030b0   0x080030b0   0x0000007c   Code   RO         5536    i.Init_Hardware     init.o
    0x0800312c   0x0800312c   0x00000038   Code   RO          907    i.IntToUnicode      usbd_desc.o
    0x08003164   0x08003164   0x00000040   Code   RO         5394    i.Key_Init          key.o
    0x080031a4   0x080031a4   0x0000005c   Code   RO         5397    i.Key_Scan          key.o
    0x08003200   0x08003200   0x00000074   Code   RO         5596    i.Key_task_create   task_init.o
    0x08003274   0x08003274   0x00000018   Code   RO          315    i.LL_AHB2_GRP1_EnableClock  gpio.o
    0x0800328c   0x0800328c   0x00000018   Code   RO          350    i.LL_AHB2_GRP1_EnableClock  i2c.o
    0x080032a4   0x080032a4   0x00000018   Code   RO          418    i.LL_AHB2_GRP1_EnableClock  tim.o
    0x080032bc   0x080032bc   0x00000018   Code   RO          556    i.LL_AHB2_GRP1_EnableClock  usart.o
    0x080032d4   0x080032d4   0x00000018   Code   RO          419    i.LL_APB1_GRP1_EnableClock  tim.o
    0x080032ec   0x080032ec   0x00000136   Code   RO         1183    i.LL_GPIO_Init      stm32g4xx_ll_gpio.o
    0x08003422   0x08003422   0x0000000e   Code   RO         5398    i.LL_GPIO_IsInputPinSet  key.o
    0x08003430   0x08003430   0x0000003c   Code   RO         5325    i.LL_I2C_HandleTransfer  m24c64.o
    0x0800346c   0x0800346c   0x00000068   Code   RO         3228    i.LL_I2C_Init       stm32g4xx_ll_i2c.o
    0x080034d4   0x080034d4   0x00000090   Code   RO         3599    i.LL_RCC_GetUARTClockFreq  stm32g4xx_ll_rcc.o
    0x08003564   0x08003564   0x000000b4   Code   RO         3600    i.LL_RCC_GetUSARTClockFreq  stm32g4xx_ll_rcc.o
    0x08003618   0x08003618   0x00000010   Code   RO         3602    i.LL_RCC_HSI_IsReady  stm32g4xx_ll_rcc.o
    0x08003628   0x08003628   0x00000010   Code   RO         3603    i.LL_RCC_LSE_IsReady  stm32g4xx_ll_rcc.o
    0x08003638   0x08003638   0x00000014   Code   RO         5537    i.LL_RCC_SetAHBPrescaler  init.o
    0x0800364c   0x0800364c   0x00000018   Code   RO          557    i.LL_RCC_SetUSARTClockSource  usart.o
    0x08003664   0x08003664   0x00000076   Code   RO         3323    i.LL_SPI_Init       stm32g4xx_ll_spi.o
    0x080036da   0x080036da   0x00000002   PAD
    0x080036dc   0x080036dc   0x0000000c   Code   RO         1056    i.LL_SetSystemCoreClock  stm32g4xx_ll_utils.o
    0x080036e8   0x080036e8   0x0000007c   Code   RO          420    i.LL_TIM_IC_SetActiveInput  tim.o
    0x08003764   0x08003764   0x0000007c   Code   RO          421    i.LL_TIM_IC_SetFilter  tim.o
    0x080037e0   0x080037e0   0x00000070   Code   RO          422    i.LL_TIM_IC_SetPolarity  tim.o
    0x08003850   0x08003850   0x0000007c   Code   RO          423    i.LL_TIM_IC_SetPrescaler  tim.o
    0x080038cc   0x080038cc   0x000000d4   Code   RO         3397    i.LL_TIM_Init       stm32g4xx_ll_tim.o
    0x080039a0   0x080039a0   0x000000f8   Code   RO         3528    i.LL_USART_Init     stm32g4xx_ll_usart.o
    0x08003a98   0x08003a98   0x0000001a   Code   RO          558    i.LL_USART_SetRXFIFOThreshold  usart.o
    0x08003ab2   0x08003ab2   0x00000002   PAD
    0x08003ab4   0x08003ab4   0x00000016   Code   RO          559    i.LL_USART_SetTXFIFOThreshold  usart.o
    0x08003aca   0x08003aca   0x00000002   PAD
    0x08003acc   0x08003acc   0x00000060   Code   RO         5326    i.M24C64_CheckReady  m24c64.o
    0x08003b2c   0x08003b2c   0x00000178   Code   RO          316    i.MX_GPIO_Init      gpio.o
    0x08003ca4   0x08003ca4   0x000000d0   Code   RO          351    i.MX_I2C1_Init      i2c.o
    0x08003d74   0x08003d74   0x000000d4   Code   RO          388    i.MX_SPI1_Init      spi.o
    0x08003e48   0x08003e48   0x0000012c   Code   RO          424    i.MX_TIM15_Init     tim.o
    0x08003f74   0x08003f74   0x000000ec   Code   RO          425    i.MX_TIM2_Init      tim.o
    0x08004060   0x08004060   0x000000f4   Code   RO          426    i.MX_TIM3_Init      tim.o
    0x08004154   0x08004154   0x00000114   Code   RO          560    i.MX_USART1_UART_Init  usart.o
    0x08004268   0x08004268   0x000000e0   Code   RO          561    i.MX_USART3_UART_Init  usart.o
    0x08004348   0x08004348   0x00000054   Code   RO          872    i.MX_USB_Device_Init  usb_device.o
    0x0800439c   0x0800439c   0x00000002   Code   RO          495    i.MemManage_Handler  stm32g4xx_it.o
    0x0800439e   0x0800439e   0x00000002   Code   RO         5597    i.Monitor_task_create  task_init.o
    0x080043a0   0x080043a0   0x00000002   Code   RO          496    i.NMI_Handler       stm32g4xx_it.o
    0x080043a2   0x080043a2   0x00000342   Code   RO         1267    i.PCD_EP_ISR_Handler  stm32g4xx_hal_pcd.o
    0x080046e4   0x080046e4   0x00000084   Code   RO         5659    i.ProcessCommand    debug.o
    0x08004768   0x08004768   0x00000020   Code   RO         3606    i.RCC_GetHCLKClockFreq  stm32g4xx_ll_rcc.o
    0x08004788   0x08004788   0x00000020   Code   RO         3607    i.RCC_GetPCLK1ClockFreq  stm32g4xx_ll_rcc.o
    0x080047a8   0x080047a8   0x00000020   Code   RO         3608    i.RCC_GetPCLK2ClockFreq  stm32g4xx_ll_rcc.o
    0x080047c8   0x080047c8   0x00000060   Code   RO         3609    i.RCC_GetSystemClockFreq  stm32g4xx_ll_rcc.o
    0x08004828   0x08004828   0x00000050   Code   RO         5798    i.RegisterAllCommands  commandhandlers.o
    0x08004878   0x08004878   0x0000009c   Code   RO         5660    i.RegisterCommand   debug.o
    0x08004914   0x08004914   0x00000018   Code   RO         5253    i.ST7789_Clear      st7789.o
    0x0800492c   0x0800492c   0x00000074   Code   RO         5254    i.ST7789_Fill       st7789.o
    0x080049a0   0x080049a0   0x0000016c   Code   RO         5255    i.ST7789_Init       st7789.o
    0x08004b0c   0x08004b0c   0x00000020   Code   RO         5256    i.ST7789_SPI_WriteByte  st7789.o
    0x08004b2c   0x08004b2c   0x000000e0   Code   RO         5257    i.ST7789_SetWindow  st7789.o
    0x08004c0c   0x08004c0c   0x00000018   Code   RO         5258    i.ST7789_WriteCmd   st7789.o
    0x08004c24   0x08004c24   0x0000004c   Code   RO         5259    i.ST7789_WriteData  st7789.o
    0x08004c70   0x08004c70   0x00000018   Code   RO         5260    i.ST7789_WriteDataByte  st7789.o
    0x08004c88   0x08004c88   0x0000000a   Code   RO         3927    i.SWAPBYTE          usbd_ctlreq.o
    0x08004c92   0x08004c92   0x00000002   PAD
    0x08004c94   0x08004c94   0x00000080   Code   RO         5598    i.Storage_task_create  task_init.o
    0x08004d14   0x08004d14   0x0000002c   Code   RO         4253    i.SysTick_Handler   port.o
    0x08004d40   0x08004d40   0x000000e8   Code   RO         5538    i.SystemClock_Config  init.o
    0x08004e28   0x08004e28   0x00000010   Code   RO         3752    i.SystemInit        system_stm32g4xx.o
    0x08004e38   0x08004e38   0x00000074   Code   RO         5599    i.TFT_task_create   task_init.o
    0x08004eac   0x08004eac   0x00000010   Code   RO         5662    i.TriggerCommandProcessing  debug.o
    0x08004ebc   0x08004ebc   0x0000004c   Code   RO         5459    i.UART1_Init        uart_comm.o
    0x08004f08   0x08004f08   0x000000ac   Code   RO         5460    i.UART1_Parse_Data  uart_comm.o
    0x08004fb4   0x08004fb4   0x000000d4   Code   RO         5461    i.UART1_Send_IT     uart_comm.o
    0x08005088   0x08005088   0x00000028   Code   RO         5462    i.UART1_Send_Struct  uart_comm.o
    0x080050b0   0x080050b0   0x00000048   Code   RO         5169    i.UART_Init         uart_debug.o
    0x080050f8   0x080050f8   0x000000e8   Code   RO         5170    i.UART_Send_IT      uart_debug.o
    0x080051e0   0x080051e0   0x000000ac   Code   RO         5463    i.USART1_IRQHandler  uart_comm.o
    0x0800528c   0x0800528c   0x00000088   Code   RO         5171    i.USART3_IRQHandler  uart_debug.o
    0x08005314   0x08005314   0x00000020   Code   RO          908    i.USBD_CDC_ConfigStrDescriptor  usbd_desc.o
    0x08005334   0x08005334   0x0000005e   Code   RO         4060    i.USBD_CDC_DataIn   usbd_cdc.o
    0x08005392   0x08005392   0x0000002a   Code   RO         4061    i.USBD_CDC_DataOut  usbd_cdc.o
    0x080053bc   0x080053bc   0x00000048   Code   RO         4062    i.USBD_CDC_DeInit   usbd_cdc.o
    0x08005404   0x08005404   0x0000000c   Code   RO          909    i.USBD_CDC_DeviceDescriptor  usbd_desc.o
    0x08005410   0x08005410   0x0000002e   Code   RO         4063    i.USBD_CDC_EP0_RxReady  usbd_cdc.o
    0x0800543e   0x0800543e   0x00000002   PAD
    0x08005440   0x08005440   0x0000000c   Code   RO         4064    i.USBD_CDC_GetDeviceQualifierDescriptor  usbd_cdc.o
    0x0800544c   0x0800544c   0x0000000c   Code   RO         4065    i.USBD_CDC_GetFSCfgDesc  usbd_cdc.o
    0x08005458   0x08005458   0x0000000c   Code   RO         4066    i.USBD_CDC_GetHSCfgDesc  usbd_cdc.o
    0x08005464   0x08005464   0x0000000c   Code   RO         4067    i.USBD_CDC_GetOtherSpeedCfgDesc  usbd_cdc.o
    0x08005470   0x08005470   0x000000a2   Code   RO         4068    i.USBD_CDC_Init     usbd_cdc.o
    0x08005512   0x08005512   0x00000002   PAD
    0x08005514   0x08005514   0x00000024   Code   RO          910    i.USBD_CDC_InterfaceStrDescriptor  usbd_desc.o
    0x08005538   0x08005538   0x0000000c   Code   RO          911    i.USBD_CDC_LangIDStrDescriptor  usbd_desc.o
    0x08005544   0x08005544   0x00000028   Code   RO          912    i.USBD_CDC_ManufacturerStrDescriptor  usbd_desc.o
    0x0800556c   0x0800556c   0x0000002c   Code   RO          913    i.USBD_CDC_ProductStrDescriptor  usbd_desc.o
    0x08005598   0x08005598   0x00000028   Code   RO         4069    i.USBD_CDC_ReceivePacket  usbd_cdc.o
    0x080055c0   0x080055c0   0x0000000e   Code   RO         4070    i.USBD_CDC_RegisterInterface  usbd_cdc.o
    0x080055ce   0x080055ce   0x00000002   PAD
    0x080055d0   0x080055d0   0x00000038   Code   RO          914    i.USBD_CDC_SerialStrDescriptor  usbd_desc.o
    0x08005608   0x08005608   0x00000012   Code   RO         4071    i.USBD_CDC_SetRxBuffer  usbd_cdc.o
    0x0800561a   0x0800561a   0x00000016   Code   RO         4072    i.USBD_CDC_SetTxBuffer  usbd_cdc.o
    0x08005630   0x08005630   0x000000be   Code   RO         4073    i.USBD_CDC_Setup    usbd_cdc.o
    0x080056ee   0x080056ee   0x00000010   Code   RO         3789    i.USBD_ClrClassConfig  usbd_core.o
    0x080056fe   0x080056fe   0x00000010   Code   RO         4000    i.USBD_CtlContinueRx  usbd_ioreq.o
    0x0800570e   0x0800570e   0x00000010   Code   RO         4001    i.USBD_CtlContinueSendData  usbd_ioreq.o
    0x0800571e   0x0800571e   0x00000016   Code   RO         3928    i.USBD_CtlError     usbd_ctlreq.o
    0x08005734   0x08005734   0x0000001e   Code   RO         4002    i.USBD_CtlPrepareRx  usbd_ioreq.o
    0x08005752   0x08005752   0x00000016   Code   RO         4003    i.USBD_CtlReceiveStatus  usbd_ioreq.o
    0x08005768   0x08005768   0x0000001a   Code   RO         4004    i.USBD_CtlSendData  usbd_ioreq.o
    0x08005782   0x08005782   0x00000016   Code   RO         4005    i.USBD_CtlSendStatus  usbd_ioreq.o
    0x08005798   0x08005798   0x000000fa   Code   RO         3929    i.USBD_GetDescriptor  usbd_ctlreq.o
    0x08005892   0x08005892   0x00000048   Code   RO         3930    i.USBD_GetString    usbd_ctlreq.o
    0x080058da   0x080058da   0x00000018   Code   RO          654    i.USBD_Get_USB_Status  usbd_conf.o
    0x080058f2   0x080058f2   0x00000026   Code   RO         3791    i.USBD_Init         usbd_core.o
    0x08005918   0x08005918   0x00000012   Code   RO          655    i.USBD_LL_ClearStallEP  usbd_conf.o
    0x0800592a   0x0800592a   0x00000012   Code   RO          656    i.USBD_LL_CloseEP   usbd_conf.o
    0x0800593c   0x0800593c   0x000000a8   Code   RO         3792    i.USBD_LL_DataInStage  usbd_core.o
    0x080059e4   0x080059e4   0x0000006c   Code   RO         3793    i.USBD_LL_DataOutStage  usbd_core.o
    0x08005a50   0x08005a50   0x00000008   Code   RO          660    i.USBD_LL_GetRxDataSize  usbd_conf.o
    0x08005a58   0x08005a58   0x00000084   Code   RO          661    i.USBD_LL_Init      usbd_conf.o
    0x08005adc   0x08005adc   0x0000001e   Code   RO          662    i.USBD_LL_IsStallEP  usbd_conf.o
    0x08005afa   0x08005afa   0x00000018   Code   RO          663    i.USBD_LL_OpenEP    usbd_conf.o
    0x08005b12   0x08005b12   0x00000012   Code   RO          664    i.USBD_LL_PrepareReceive  usbd_conf.o
    0x08005b24   0x08005b24   0x0000005a   Code   RO         3798    i.USBD_LL_Reset     usbd_core.o
    0x08005b7e   0x08005b7e   0x00000014   Code   RO         3799    i.USBD_LL_Resume    usbd_core.o
    0x08005b92   0x08005b92   0x00000020   Code   RO         3800    i.USBD_LL_SOF       usbd_core.o
    0x08005bb2   0x08005bb2   0x00000006   Code   RO         3801    i.USBD_LL_SetSpeed  usbd_core.o
    0x08005bb8   0x08005bb8   0x00000012   Code   RO          665    i.USBD_LL_SetUSBAddress  usbd_conf.o
    0x08005bca   0x08005bca   0x00000060   Code   RO         3802    i.USBD_LL_SetupStage  usbd_core.o
    0x08005c2a   0x08005c2a   0x00000012   Code   RO          666    i.USBD_LL_StallEP   usbd_conf.o
    0x08005c3c   0x08005c3c   0x00000012   Code   RO          667    i.USBD_LL_Start     usbd_conf.o
    0x08005c4e   0x08005c4e   0x00000012   Code   RO         3803    i.USBD_LL_Suspend   usbd_core.o
    0x08005c60   0x08005c60   0x00000012   Code   RO          669    i.USBD_LL_Transmit  usbd_conf.o
    0x08005c72   0x08005c72   0x0000002c   Code   RO         3931    i.USBD_ParseSetupRequest  usbd_ctlreq.o
    0x08005c9e   0x08005c9e   0x00000024   Code   RO         3804    i.USBD_RegisterClass  usbd_core.o
    0x08005cc2   0x08005cc2   0x00000014   Code   RO         3806    i.USBD_SetClassConfig  usbd_core.o
    0x08005cd6   0x08005cd6   0x00000002   PAD
    0x08005cd8   0x08005cd8   0x000000bc   Code   RO         3932    i.USBD_SetConfig    usbd_ctlreq.o
    0x08005d94   0x08005d94   0x00000004   Code   RO         3807    i.USBD_Start        usbd_core.o
    0x08005d98   0x08005d98   0x00000114   Code   RO         3933    i.USBD_StdDevReq    usbd_ctlreq.o
    0x08005eac   0x08005eac   0x00000140   Code   RO         3934    i.USBD_StdEPReq     usbd_ctlreq.o
    0x08005fec   0x08005fec   0x00000052   Code   RO         3935    i.USBD_StdItfReq    usbd_ctlreq.o
    0x0800603e   0x0800603e   0x00000002   Code   RO          670    i.USBD_static_free  usbd_conf.o
    0x08006040   0x08006040   0x00000008   Code   RO          671    i.USBD_static_malloc  usbd_conf.o
    0x08006048   0x08006048   0x0000036a   Code   RO         1529    i.USB_ActivateEndpoint  stm32g4xx_ll_usb.o
    0x080063b2   0x080063b2   0x0000010e   Code   RO         1533    i.USB_DeactivateEndpoint  stm32g4xx_ll_usb.o
    0x080064c0   0x080064c0   0x0000000e   Code   RO         1534    i.USB_DevConnect    stm32g4xx_ll_usb.o
    0x080064ce   0x080064ce   0x00000012   Code   RO         1536    i.USB_DevInit       stm32g4xx_ll_usb.o
    0x080064e0   0x080064e0   0x00000010   Code   RO         1537    i.USB_DisableGlobalInt  stm32g4xx_ll_usb.o
    0x080064f0   0x080064f0   0x00000070   Code   RO         1538    i.USB_EPClearStall  stm32g4xx_ll_usb.o
    0x08006560   0x08006560   0x00000032   Code   RO         1539    i.USB_EPSetStall    stm32g4xx_ll_usb.o
    0x08006592   0x08006592   0x00000002   PAD
    0x08006594   0x08006594   0x0000036e   Code   RO         1540    i.USB_EPStartXfer   stm32g4xx_ll_usb.o
    0x08006902   0x08006902   0x00000012   Code   RO         1542    i.USB_EnableGlobalInt  stm32g4xx_ll_usb.o
    0x08006914   0x08006914   0x0000000c   Code   RO          497    i.USB_LP_IRQHandler  stm32g4xx_it.o
    0x08006920   0x08006920   0x00000006   Code   RO         1545    i.USB_ReadInterrupts  stm32g4xx_ll_usb.o
    0x08006926   0x08006926   0x00000028   Code   RO         1546    i.USB_ReadPMA       stm32g4xx_ll_usb.o
    0x0800694e   0x0800694e   0x0000000c   Code   RO         1548    i.USB_SetDevAddress  stm32g4xx_ll_usb.o
    0x0800695a   0x0800695a   0x00000002   PAD
    0x0800695c   0x0800695c   0x00000026   Code   RO         1550    i.USB_WritePMA      stm32g4xx_ll_usb.o
    0x08006982   0x08006982   0x00000002   Code   RO          498    i.UsageFault_Handler  stm32g4xx_it.o
    0x08006984   0x08006984   0x00000090   Code   RO         5600    i.Watchdog_task_create  task_init.o
    0x08006a14   0x08006a14   0x00000030   Code   RO         6107    i.__ARM_fpclassify  m_wm.l(fpclassify.o)
    0x08006a44   0x08006a44   0x00000020   Code   RO         3100    i.__NVIC_SetPriority  stm32g4xx_hal_cortex.o
    0x08006a64   0x08006a64   0x0000000e   Code   RO         5928    i._is_digit         c_w.l(__printf_wp.o)
    0x08006a72   0x08006a72   0x00000002   PAD
    0x08006a74   0x08006a74   0x00000050   Code   RO         5172    i.fr_printf         uart_debug.o
    0x08006ac4   0x08006ac4   0x00000038   Code   RO           13    i.main              main.o
    0x08006afc   0x08006afc   0x00000088   Code   RO         4824    i.prvAddCurrentTaskToDelayedList  tasks.o
    0x08006b84   0x08006b84   0x000000f0   Code   RO         4825    i.prvAddNewTaskToReadyList  tasks.o
    0x08006c74   0x08006c74   0x0000006c   Code   RO         4477    i.prvCopyDataToQueue  queue.o
    0x08006ce0   0x08006ce0   0x00000014   Code   RO         4826    i.prvDeleteTCB      tasks.o
    0x08006cf4   0x08006cf4   0x00000044   Code   RO         4163    i.prvHeapInit       heap_4.o
    0x08006d38   0x08006d38   0x00000064   Code   RO         4827    i.prvIdleTask       tasks.o
    0x08006d9c   0x08006d9c   0x000000a6   Code   RO         4828    i.prvInitialiseNewTask  tasks.o
    0x08006e42   0x08006e42   0x00000002   PAD
    0x08006e44   0x08006e44   0x0000004c   Code   RO         4164    i.prvInsertBlockIntoFreeList  heap_4.o
    0x08006e90   0x08006e90   0x0000001c   Code   RO         4478    i.prvIsQueueEmpty   queue.o
    0x08006eac   0x08006eac   0x0000001c   Code   RO         4830    i.prvResetNextTaskUnblockTime  tasks.o
    0x08006ec8   0x08006ec8   0x00000028   Code   RO         4254    i.prvTaskExitError  port.o
    0x08006ef0   0x08006ef0   0x0000006a   Code   RO         4479    i.prvUnlockQueue    queue.o
    0x08006f5a   0x08006f5a   0x00000002   PAD
    0x08006f5c   0x08006f5c   0x000000cc   Code   RO         4166    i.pvPortMalloc      heap_4.o
    0x08007028   0x08007028   0x00000018   Code   RO         4832    i.pvTaskIncrementMutexHeldCount  tasks.o
    0x08007040   0x08007040   0x0000002c   Code   RO         4255    i.pxPortInitialiseStack  port.o
    0x0800706c   0x0800706c   0x00000026   Code   RO         4436    i.uxListRemove      list.o
    0x08007092   0x08007092   0x00000002   Code   RO           14    i.vApplicationIdleHook  main.o
    0x08007094   0x08007094   0x00000024   Code   RO           15    i.vApplicationMallocFailedHook  main.o
    0x080070b8   0x080070b8   0x0000002c   Code   RO           16    i.vApplicationStackOverflowHook  main.o
    0x080070e4   0x080070e4   0x00000002   Code   RO           17    i.vApplicationTickHook  main.o
    0x080070e6   0x080070e6   0x0000000c   Code   RO         5399    i.vKeyScanTask      key.o
    0x080070f2   0x080070f2   0x00000016   Code   RO         4437    i.vListInitialise   list.o
    0x08007108   0x08007108   0x00000006   Code   RO         4438    i.vListInitialiseItem  list.o
    0x0800710e   0x0800710e   0x00000030   Code   RO         4439    i.vListInsert       list.o
    0x0800713e   0x0800713e   0x00000002   PAD
    0x08007140   0x08007140   0x00000040   Code   RO         4257    i.vPortEnterCritical  port.o
    0x08007180   0x08007180   0x00000028   Code   RO         4258    i.vPortExitCritical  port.o
    0x080071a8   0x080071a8   0x00000064   Code   RO         4167    i.vPortFree         heap_4.o
    0x0800720c   0x0800720c   0x00000024   Code   RO         4259    i.vPortSetupTimerInterrupt  port.o
    0x08007230   0x08007230   0x0000000c   Code   RO         5332    i.vStorageTask      m24c64.o
    0x0800723c   0x0800723c   0x0000002e   Code   RO         5261    i.vTFTTask          st7789.o
    0x0800726a   0x0800726a   0x00000002   PAD
    0x0800726c   0x0800726c   0x0000004c   Code   RO         4841    i.vTaskDelay        tasks.o
    0x080072b8   0x080072b8   0x00000010   Code   RO         4846    i.vTaskInternalSetTimeOutState  tasks.o
    0x080072c8   0x080072c8   0x0000000c   Code   RO         4847    i.vTaskMissedYield  tasks.o
    0x080072d4   0x080072d4   0x00000030   Code   RO         4848    i.vTaskPlaceOnEventList  tasks.o
    0x08007304   0x08007304   0x000000c4   Code   RO         4850    i.vTaskPriorityDisinheritAfterTimeout  tasks.o
    0x080073c8   0x080073c8   0x00000068   Code   RO         4856    i.vTaskStartScheduler  tasks.o
    0x08007430   0x08007430   0x00000010   Code   RO         4858    i.vTaskSuspendAll   tasks.o
    0x08007440   0x08007440   0x00000088   Code   RO         4859    i.vTaskSwitchContext  tasks.o
    0x080074c8   0x080074c8   0x00000020   Code   RO         5464    i.vUart1ProcessTask  uart_comm.o
    0x080074e8   0x080074e8   0x00000070   Code   RO         5173    i.vUartProcessTask  uart_debug.o
    0x08007558   0x08007558   0x00000014   Code   RO         5754    i.vWatchdogTask     watchdog.o
    0x0800756c   0x0800756c   0x000000f4   Code   RO         4261    i.xPortStartScheduler  port.o
    0x08007660   0x08007660   0x00000024   Code   RO         4490    i.xQueueCreateMutex  queue.o
    0x08007684   0x08007684   0x0000005e   Code   RO         4491    i.xQueueGenericCreate  queue.o
    0x080076e2   0x080076e2   0x00000002   PAD
    0x080076e4   0x080076e4   0x000000b0   Code   RO         4492    i.xQueueGenericReset  queue.o
    0x08007794   0x08007794   0x00000144   Code   RO         4493    i.xQueueGenericSend  queue.o
    0x080078d8   0x080078d8   0x0000014c   Code   RO         4503    i.xQueueSemaphoreTake  queue.o
    0x08007a24   0x08007a24   0x0000007c   Code   RO         4861    i.xTaskCheckForTimeOut  tasks.o
    0x08007aa0   0x08007aa0   0x0000005c   Code   RO         4862    i.xTaskCreate       tasks.o
    0x08007afc   0x08007afc   0x0000014c   Code   RO         4871    i.xTaskIncrementTick  tasks.o
    0x08007c48   0x08007c48   0x000000b8   Code   RO         4872    i.xTaskPriorityDisinherit  tasks.o
    0x08007d00   0x08007d00   0x000000b0   Code   RO         4873    i.xTaskPriorityInherit  tasks.o
    0x08007db0   0x08007db0   0x000000dc   Code   RO         4874    i.xTaskRemoveFromEventList  tasks.o
    0x08007e8c   0x08007e8c   0x0000012c   Code   RO         4875    i.xTaskResumeAll    tasks.o
    0x08007fb8   0x08007fb8   0x0000002c   Code   RO         6017    locale$$code        c_w.l(lc_ctype_c.o)
    0x08007fe4   0x08007fe4   0x0000002c   Code   RO         6049    locale$$code        c_w.l(lc_numeric_c.o)
    0x08008010   0x08008010   0x0000000a   Code   RO         6113    x$fpl$fpinit        fz_wm.l(fpinit.o)
    0x0800801a   0x0800801a   0x00000004   Code   RO         5965    x$fpl$printf1       fz_wm.l(printf1.o)
    0x0800801e   0x0800801e   0x00000004   Code   RO         5967    x$fpl$printf2       fz_wm.l(printf2.o)
    0x08008022   0x08008022   0x00000000   Code   RO         6106    x$fpl$usenofp       fz_wm.l(usenofp.o)
    0x08008022   0x08008022   0x0000001e   Data   RO          427    .constdata          tim.o
    0x08008040   0x08008040   0x00000030   Data   RO         3530    .constdata          stm32g4xx_ll_usart.o
    0x08008070   0x08008070   0x00000010   Data   RO         3753    .constdata          system_stm32g4xx.o
    0x08008080   0x08008080   0x00000008   Data   RO         3754    .constdata          system_stm32g4xx.o
    0x08008088   0x08008088   0x00000030   Data   RO         5401    .constdata          key.o
    0x080080b8   0x080080b8   0x00000008   Data   RO         5887    .constdata          c_w.l(_printf_wctomb.o)
    0x080080c0   0x080080c0   0x00000028   Data   RO         5916    .constdata          c_w.l(_printf_hex_int_ll_ptr.o)
    0x080080e8   0x080080e8   0x00000011   Data   RO         5936    .constdata          c_w.l(__printf_flags_ss_wp.o)
    0x080080f9   0x080080f9   0x00000026   Data   RO         6003    .constdata          c_w.l(_printf_fp_hex.o)
    0x0800811f   0x0800811f   0x00000001   PAD
    0x08008120   0x08008120   0x00000094   Data   RO         6024    .constdata          c_w.l(bigflt0.o)
    0x080081b4   0x080081b4   0x00000020   Data   RO         6188    Region$$Table       anon$$obj.o
    0x080081d4   0x080081d4   0x00000110   Data   RO         6016    locale$$data        c_w.l(lc_ctype_c.o)
    0x080082e4   0x080082e4   0x0000001c   Data   RO         6048    locale$$data        c_w.l(lc_numeric_c.o)


    Execution Region RW_IRAM1 (Exec base: 0x20000000, Load base: 0x08008300, Size: 0x0000ac50, Max: 0x00020000, ABSOLUTE, COMPRESSED[0x000000d4])

    Exec Addr    Load Addr    Size         Type   Attr      Idx    E Section Name        Object

    0x20000000   COMPRESSED   0x00000020   Data   RW          916    .data               usbd_desc.o
    0x20000020   COMPRESSED   0x00000032   Data   RW          917    .data               usbd_desc.o
    0x20000052   COMPRESSED   0x00000002   PAD
    0x20000054   COMPRESSED   0x00000014   Data   RW         1000    .data               usbd_cdc_if.o
    0x20000068   COMPRESSED   0x0000000c   Data   RW         1744    .data               stm32g4xx_hal.o
    0x20000074   COMPRESSED   0x00000004   Data   RW         3755    .data               system_stm32g4xx.o
    0x20000078   COMPRESSED   0x00000001   Data   RW         3936    .data               usbd_ctlreq.o
    0x20000079   COMPRESSED   0x00000003   PAD
    0x2000007c   COMPRESSED   0x000000d7   Data   RW         4075    .data               usbd_cdc.o
    0x20000153   COMPRESSED   0x00000001   PAD
    0x20000154   COMPRESSED   0x00000038   Data   RW         4076    .data               usbd_cdc.o
    0x2000018c   COMPRESSED   0x0000001c   Data   RW         4173    .data               heap_4.o
    0x200001a8   COMPRESSED   0x0000000c   Data   RW         4262    .data               port.o
    0x200001b4   COMPRESSED   0x00000040   Data   RW         4878    .data               tasks.o
    0x200001f4   COMPRESSED   0x00000008   Data   RW         5175    .data               uart_debug.o
    0x200001fc   COMPRESSED   0x00000012   Data   RW         5466    .data               uart_comm.o
    0x2000020e   COMPRESSED   0x00000001   Data   RW         5539    .data               init.o
    0x2000020f   COMPRESSED   0x00000001   PAD
    0x20000210   COMPRESSED   0x00000004   Data   RW         5601    .data               task_init.o
    0x20000214   COMPRESSED   0x00000008   Data   RW         5664    .data               debug.o
    0x2000021c        -       0x000004fc   Zero   RW          672    .bss                usbd_conf.o
    0x20000718        -       0x000002d0   Zero   RW          873    .bss                usb_device.o
    0x200009e8        -       0x00000200   Zero   RW          915    .bss                usbd_desc.o
    0x20000be8        -       0x00001000   Zero   RW          999    .bss                usbd_cdc_if.o
    0x20001be8        -       0x00007800   Zero   RW         4172    .bss                heap_4.o
    0x200093e8        -       0x000000c8   Zero   RW         4877    .bss                tasks.o
    0x200094b0        -       0x0000064a   Zero   RW         5174    .bss                uart_debug.o
    0x20009afa        -       0x0000001e   Zero   RW         5400    .bss                key.o
    0x20009b18        -       0x00000a52   Zero   RW         5465    .bss                uart_comm.o
    0x2000a56a   COMPRESSED   0x00000002   PAD
    0x2000a56c        -       0x00000080   Zero   RW         5663    .bss                debug.o
    0x2000a5ec        -       0x00000060   Zero   RW         5974    .bss                c_w.l(libspace.o)
    0x2000a64c   COMPRESSED   0x00000004   PAD
    0x2000a650        -       0x00000200   Zero   RW            2    HEAP                startup_stm32g473xx.o
    0x2000a850        -       0x00000400   Zero   RW            1    STACK               startup_stm32g473xx.o


==============================================================================

Image component sizes


      Code (inc. data)   RO Data    RW Data    ZI Data      Debug   Object Name

       536        356          0          0          0       2422   commandhandlers.o
       352        108          0          8        128       4047   debug.o
         0          0          0          0          0      12120   event_groups.o
       400         16          0          0          0      11915   gpio.o
       448         22          0         28      30720      10075   heap_4.o
       232         24          0          0          0      42895   i2c.o
       448        134          0          1          0      34686   init.o
       182         20         48          0         30       7297   key.o
       114          0          0          0          0       2777   list.o
       168         12          0          0          0      14797   m24c64.o
       140         68          0          0          0     557193   main.o
       702         72          0         12          0      10280   port.o
      1204         12          0          0          0      13325   queue.o
       212          8          0          0          0      19267   spi.o
       930         60          0          0          0      21253   st7789.o
        64         26        472          0       1536        860   startup_stm32g473xx.o
        98         10          0         12          0       2701   stm32g4xx_hal.o
       198         14          0          0          0      33935   stm32g4xx_hal_cortex.o
        48          6          0          0          0        898   stm32g4xx_hal_msp.o
      2976          0          0          0          0      14905   stm32g4xx_hal_pcd.o
        96          0          0          0          0       1996   stm32g4xx_hal_pcd_ex.o
        16          4          0          0          0        583   stm32g4xx_hal_pwr_ex.o
        24          6          0          0          0       3369   stm32g4xx_it.o
       310          0          0          0          0       7375   stm32g4xx_ll_gpio.o
       104          0          0          0          0      14574   stm32g4xx_ll_i2c.o
       548         66          0          0          0      30645   stm32g4xx_ll_rcc.o
       118          0          0          0          0      17286   stm32g4xx_ll_spi.o
       212         36          0          0          0      60170   stm32g4xx_ll_tim.o
       248         30         48          0          0      27400   stm32g4xx_ll_usart.o
      2346          0          0          0          0      14228   stm32g4xx_ll_usb.o
        12          6          0          0          0      16804   stm32g4xx_ll_utils.o
         0          0          0          0          0        388   stream_buffer.o
        16          4         24          4          0       1175   system_stm32g4xx.o
       762        426          0          4          0       4049   task_init.o
      2746        166          0         64        200      28112   tasks.o
      1312         86         30          0          0      63942   tim.o
       836        112          0         18       2642      30632   uart_comm.o
       740         70          0          8       1610      30131   uart_debug.o
       596         40          0          0          0      80279   usart.o
        84         18          0          0        720        840   usb_device.o
       748         16          0        271          0      13223   usbd_cdc.o
        72         16          0         20       4096       3334   usbd_cdc_if.o
       668         38          0          0       1276      40586   usbd_conf.o
       652          0          0          0          0      10131   usbd_core.o
      1264         22          0          1          0      14532   usbd_ctlreq.o
       288        104          0         82        512       6326   usbd_desc.o
       132          0          0          0          0       4640   usbd_ioreq.o
        72          8          0          0          0       3316   watchdog.o

    ----------------------------------------------------------------------
     24518       2242        654        540      43472    1347714   Object Totals
         0          0         32          0          0          0   (incl. Generated)
        44          0          0          7          2          0   (incl. Padding)

    ----------------------------------------------------------------------

      Code (inc. data)   RO Data    RW Data    ZI Data      Debug   Library Member Name

        90          0          0          0          0          0   __dczerorl2.o
         8          0          0          0          0         68   __main.o
       392          4         17          0          0         92   __printf_flags_ss_wp.o
        14          0          0          0          0         68   __printf_wp.o
         0          0          0          0          0          0   __rtentry.o
        12          0          0          0          0          0   __rtentry2.o
         6          0          0          0          0          0   __rtentry4.o
        52          8          0          0          0          0   __scatter.o
        28          0          0          0          0          0   __scatter_zi.o
        28          0          0          0          0         68   _chval.o
         6          0          0          0          0          0   _printf_a.o
         6          0          0          0          0          0   _printf_c.o
        44          0          0          0          0        108   _printf_char.o
        48          6          0          0          0         96   _printf_char_common.o
        40          0          0          0          0         68   _printf_charcount.o
         6          0          0          0          0          0   _printf_d.o
       120         16          0          0          0         92   _printf_dec.o
         6          0          0          0          0          0   _printf_e.o
         6          0          0          0          0          0   _printf_f.o
      1054          0          0          0          0        216   _printf_fp_dec.o
       764          8         38          0          0        100   _printf_fp_hex.o
       128         16          0          0          0         84   _printf_fp_infnan.o
         6          0          0          0          0          0   _printf_g.o
       148          4         40          0          0        160   _printf_hex_int_ll_ptr.o
         6          0          0          0          0          0   _printf_i.o
       178          0          0          0          0         88   _printf_intcommon.o
        10          0          0          0          0          0   _printf_l.o
         6          0          0          0          0          0   _printf_lc.o
        10          0          0          0          0          0   _printf_ll.o
         6          0          0          0          0          0   _printf_lld.o
         6          0          0          0          0          0   _printf_lli.o
         6          0          0          0          0          0   _printf_llo.o
         6          0          0          0          0          0   _printf_llu.o
         6          0          0          0          0          0   _printf_llx.o
       124         16          0          0          0         92   _printf_longlong_dec.o
         6          0          0          0          0          0   _printf_ls.o
         6          0          0          0          0          0   _printf_n.o
         6          0          0          0          0          0   _printf_o.o
       112         10          0          0          0        124   _printf_oct_int_ll.o
         6          0          0          0          0          0   _printf_p.o
        78          0          0          0          0        108   _printf_pad.o
         0          0          0          0          0          0   _printf_percent.o
         4          0          0          0          0          0   _printf_percent_end.o
         6          0          0          0          0          0   _printf_s.o
        82          0          0          0          0         80   _printf_str.o
        36          0          0          0          0         84   _printf_truncate.o
         6          0          0          0          0          0   _printf_u.o
        44          0          0          0          0        108   _printf_wchar.o
       188          6          8          0          0         92   _printf_wctomb.o
         6          0          0          0          0          0   _printf_x.o
        16          0          0          0          0         68   _snputc.o
        10          0          0          0          0         68   _sputc.o
       158          0          0          0          0         92   _strtoul.o
        64          0          0          0          0         92   _wcrtomb.o
        16          0          0          0          0         68   aeabi_memset.o
       228          4        148          0          0         96   bigflt0.o
      1936        128          0          0          0        672   btod.o
        18          0          0          0          0         80   exit.o
         6          0          0          0          0        152   heapauxi.o
         0          0          0          0          0          0   indicate_semi.o
        44         10        272          0          0         76   lc_ctype_c.o
        44         10         28          0          0         76   lc_numeric_c.o
         2          0          0          0          0          0   libinit.o
        34          0          0          0          0          0   libinit2.o
         2          0          0          0          0          0   libshutdown.o
         2          0          0          0          0          0   libshutdown2.o
         8          4          0          0         96         68   libspace.o
       138          0          0          0          0         80   lludiv10.o
        16          4          0          0          0         76   rt_ctype_table.o
         8          4          0          0          0         68   rt_errno_addr_intlibspace.o
         8          4          0          0          0         68   rt_locale_intlibspace.o
        68          0          0          0          0         68   rt_memclr.o
        78          0          0          0          0         80   rt_memclr_w.o
       138          0          0          0          0         68   rt_memcpy_v6.o
       100          0          0          0          0         80   rt_memcpy_w.o
         2          0          0          0          0          0   rtexit.o
        10          0          0          0          0          0   rtexit2.o
        20          0          0          0          0         68   strchr.o
       128          0          0          0          0         68   strcmpv7m.o
        62          0          0          0          0         76   strlen.o
       150          0          0          0          0         80   strncmp.o
       112          0          0          0          0         88   strtol.o
        12          4          0          0          0         68   sys_exit.o
        74          0          0          0          0         80   sys_stackheap_outer.o
         2          0          0          0          0         68   use_no_semi.o
        52          4          0          0          0         80   vsnprintf.o
        10          0          0          0          0        116   fpinit.o
         4          0          0          0          0        116   printf1.o
         4          0          0          0          0        116   printf2.o
         0          0          0          0          0          0   usenofp.o
        48          0          0          0          0        124   fpclassify.o

    ----------------------------------------------------------------------
      7812        270        552          0        100       5340   Library Totals
        18          0          1          0          4          0   (incl. Padding)

    ----------------------------------------------------------------------

      Code (inc. data)   RO Data    RW Data    ZI Data      Debug   Library Name

      7728        270        551          0         96       4868   c_w.l
        18          0          0          0          0        348   fz_wm.l
        48          0          0          0          0        124   m_wm.l

    ----------------------------------------------------------------------
      7812        270        552          0        100       5340   Library Totals

    ----------------------------------------------------------------------

==============================================================================


      Code (inc. data)   RO Data    RW Data    ZI Data      Debug   

     32330       2512       1206        540      43572    1324498   Grand Totals
     32330       2512       1206        212      43572    1324498   ELF Image Totals (compressed)
     32330       2512       1206        212          0          0   ROM Totals

==============================================================================

    Total RO  Size (Code + RO Data)                33536 (  32.75kB)
    Total RW  Size (RW Data + ZI Data)             44112 (  43.08kB)
    Total ROM Size (Code + RO Data + RW Data)      33748 (  32.96kB)

==============================================================================

