<html>
<body>
<pre>
<h1>µVision Build Log</h1>
<h2>Tool Versions:</h2>
IDE-Version: ¦ÌVision V5.40.0.0
Copyright (C) 2024 ARM Ltd and ARM Germany GmbH. All rights reserved.
License Information: A Admin, sb, LIC=UJWP0-BKMRF-GK8BG-VYBSK-KZDPK-H0WBG
 
Tool Versions:
Toolchain:       MDK-ARM Plus  Version: 5.40.0.3
Toolchain Path:  D:\Keilv5\ARM\ARMCC\Bin
C Compiler:      Armcc.exe V5.06 update 6 (build 750)
Assembler:       Armasm.exe V5.06 update 6 (build 750)
Linker/Locator:  ArmLink.exe V5.06 update 6 (build 750)
Library Manager: ArmAr.exe V5.06 update 6 (build 750)
Hex Converter:   FromElf.exe V5.06 update 6 (build 750)
CPU DLL:         SARMCM3.DLL V5.40.0.3
Dialog DLL:      DCM.DLL V1.17.5.0
Target DLL:      STLink\ST-LINKIII-KEIL_SWO.dll V3.3.0.0
Dialog DLL:      TCM.DLL V1.56.4.0
 
<h2>Project:</h2>
C:\Users\admin\Desktop\CNC power supply\G473_Operate\MDK-ARM\G473_Operate.uvprojx
Project File Date:  07/27/2025

<h2>Output:</h2>
*** Using Compiler 'V5.06 update 6 (build 750)', folder: 'D:\Keilv5\ARM\ARMCC\Bin'
Build target 'G473_Operate'
compiling stm32g4xx_hal_msp.c...
../Core/Inc/stm32g4xx_hal_conf.h(183): warning:  #47-D: incompatible redefinition of macro "VDD_VALUE" 
  #define  VDD_VALUE                   (3300UL) /*!< Value of VDD in mv */
../Core/Inc/stm32g4xx_hal_conf.h(186): warning:  #47-D: incompatible redefinition of macro "PREFETCH_ENABLE" 
  #define  PREFETCH_ENABLE              0U
../Core/Inc/stm32g4xx_hal_conf.h(187): warning:  #47-D: incompatible redefinition of macro "INSTRUCTION_CACHE_ENABLE" 
  #define  INSTRUCTION_CACHE_ENABLE     1U
../Core/Inc/stm32g4xx_hal_conf.h(188): warning:  #47-D: incompatible redefinition of macro "DATA_CACHE_ENABLE" 
  #define  DATA_CACHE_ENABLE            1U
../Core/Src/stm32g4xx_hal_msp.c: 4 warnings, 0 errors
compiling Init.c...
../Core/Inc/stm32g4xx_hal_conf.h(183): warning:  #47-D: incompatible redefinition of macro "VDD_VALUE" 
  #define  VDD_VALUE                   (3300UL) /*!< Value of VDD in mv */
../Core/Inc/stm32g4xx_hal_conf.h(186): warning:  #47-D: incompatible redefinition of macro "PREFETCH_ENABLE" 
  #define  PREFETCH_ENABLE              0U
../Core/Inc/stm32g4xx_hal_conf.h(187): warning:  #47-D: incompatible redefinition of macro "INSTRUCTION_CACHE_ENABLE" 
  #define  INSTRUCTION_CACHE_ENABLE     1U
../Core/Inc/stm32g4xx_hal_conf.h(188): warning:  #47-D: incompatible redefinition of macro "DATA_CACHE_ENABLE" 
  #define  DATA_CACHE_ENABLE            1U
..\bsp\Init.c: 4 warnings, 0 errors
compiling tim.c...
../Core/Inc/stm32g4xx_hal_conf.h(183): warning:  #47-D: incompatible redefinition of macro "VDD_VALUE" 
  #define  VDD_VALUE                   (3300UL) /*!< Value of VDD in mv */
../Core/Inc/stm32g4xx_hal_conf.h(186): warning:  #47-D: incompatible redefinition of macro "PREFETCH_ENABLE" 
  #define  PREFETCH_ENABLE              0U
../Core/Inc/stm32g4xx_hal_conf.h(187): warning:  #47-D: incompatible redefinition of macro "INSTRUCTION_CACHE_ENABLE" 
  #define  INSTRUCTION_CACHE_ENABLE     1U
../Core/Inc/stm32g4xx_hal_conf.h(188): warning:  #47-D: incompatible redefinition of macro "DATA_CACHE_ENABLE" 
  #define  DATA_CACHE_ENABLE            1U
../Core/Src/tim.c: 4 warnings, 0 errors
compiling main.c...
../Core/Inc/stm32g4xx_hal_conf.h(183): warning:  #47-D: incompatible redefinition of macro "VDD_VALUE" 
  #define  VDD_VALUE                   (3300UL) /*!< Value of VDD in mv */
../Core/Inc/stm32g4xx_hal_conf.h(186): warning:  #47-D: incompatible redefinition of macro "PREFETCH_ENABLE" 
  #define  PREFETCH_ENABLE              0U
../Core/Inc/stm32g4xx_hal_conf.h(187): warning:  #47-D: incompatible redefinition of macro "INSTRUCTION_CACHE_ENABLE" 
  #define  INSTRUCTION_CACHE_ENABLE     1U
../Core/Inc/stm32g4xx_hal_conf.h(188): warning:  #47-D: incompatible redefinition of macro "DATA_CACHE_ENABLE" 
  #define  DATA_CACHE_ENABLE            1U
../Core/Src/main.c: 4 warnings, 0 errors
compiling gpio.c...
../Core/Inc/stm32g4xx_hal_conf.h(183): warning:  #47-D: incompatible redefinition of macro "VDD_VALUE" 
  #define  VDD_VALUE                   (3300UL) /*!< Value of VDD in mv */
../Core/Inc/stm32g4xx_hal_conf.h(186): warning:  #47-D: incompatible redefinition of macro "PREFETCH_ENABLE" 
  #define  PREFETCH_ENABLE              0U
../Core/Inc/stm32g4xx_hal_conf.h(187): warning:  #47-D: incompatible redefinition of macro "INSTRUCTION_CACHE_ENABLE" 
  #define  INSTRUCTION_CACHE_ENABLE     1U
../Core/Inc/stm32g4xx_hal_conf.h(188): warning:  #47-D: incompatible redefinition of macro "DATA_CACHE_ENABLE" 
  #define  DATA_CACHE_ENABLE            1U
../Core/Src/gpio.c: 4 warnings, 0 errors
compiling stm32g4xx_it.c...
../Core/Inc/stm32g4xx_hal_conf.h(183): warning:  #47-D: incompatible redefinition of macro "VDD_VALUE" 
  #define  VDD_VALUE                   (3300UL) /*!< Value of VDD in mv */
../Core/Inc/stm32g4xx_hal_conf.h(186): warning:  #47-D: incompatible redefinition of macro "PREFETCH_ENABLE" 
  #define  PREFETCH_ENABLE              0U
../Core/Inc/stm32g4xx_hal_conf.h(187): warning:  #47-D: incompatible redefinition of macro "INSTRUCTION_CACHE_ENABLE" 
  #define  INSTRUCTION_CACHE_ENABLE     1U
../Core/Inc/stm32g4xx_hal_conf.h(188): warning:  #47-D: incompatible redefinition of macro "DATA_CACHE_ENABLE" 
  #define  DATA_CACHE_ENABLE            1U
../Core/Src/stm32g4xx_it.c: 4 warnings, 0 errors
compiling Task_init.c...
../Core/Inc/stm32g4xx_hal_conf.h(183): warning:  #47-D: incompatible redefinition of macro "VDD_VALUE" 
  #define  VDD_VALUE                   (3300UL) /*!< Value of VDD in mv */
../Core/Inc/stm32g4xx_hal_conf.h(186): warning:  #47-D: incompatible redefinition of macro "PREFETCH_ENABLE" 
  #define  PREFETCH_ENABLE              0U
../Core/Inc/stm32g4xx_hal_conf.h(187): warning:  #47-D: incompatible redefinition of macro "INSTRUCTION_CACHE_ENABLE" 
  #define  INSTRUCTION_CACHE_ENABLE     1U
../Core/Inc/stm32g4xx_hal_conf.h(188): warning:  #47-D: incompatible redefinition of macro "DATA_CACHE_ENABLE" 
  #define  DATA_CACHE_ENABLE            1U
..\bsp\Task_init.c: 4 warnings, 0 errors
compiling spi.c...
../Core/Inc/stm32g4xx_hal_conf.h(183): warning:  #47-D: incompatible redefinition of macro "VDD_VALUE" 
  #define  VDD_VALUE                   (3300UL) /*!< Value of VDD in mv */
../Core/Inc/stm32g4xx_hal_conf.h(186): warning:  #47-D: incompatible redefinition of macro "PREFETCH_ENABLE" 
  #define  PREFETCH_ENABLE              0U
../Core/Inc/stm32g4xx_hal_conf.h(187): warning:  #47-D: incompatible redefinition of macro "INSTRUCTION_CACHE_ENABLE" 
  #define  INSTRUCTION_CACHE_ENABLE     1U
../Core/Inc/stm32g4xx_hal_conf.h(188): warning:  #47-D: incompatible redefinition of macro "DATA_CACHE_ENABLE" 
  #define  DATA_CACHE_ENABLE            1U
../Core/Src/spi.c: 4 warnings, 0 errors
linking...
Program Size: Code=41652 RO-data=1340 RW-data=604 ZI-data=41532  
FromELF: creating hex file...
"G473_Operate\G473_Operate.axf" - 0 Error(s), 32 Warning(s).

<h2>Software Packages used:</h2>

Package Vendor: ARM
                https://www.keil.com/pack/ARM.CMSIS.6.1.0.pack
                ARM::CMSIS@6.1.0
                CMSIS (Common Microcontroller Software Interface Standard)
   * Component: CORE Version: 6.1.0

Package Vendor: Keil
                https://www.keil.com/pack/Keil.STM32G4xx_DFP.2.0.0.pack
                Keil::STM32G4xx_DFP@2.0.0
                STMicroelectronics STM32G4 Series Device Support

<h2>Collection of Component include folders:</h2>
  ./RTE/_G473_Operate
  D:/Keilv5/ARM/PACK/ARM/CMSIS/6.1.0/CMSIS/Core/Include

<h2>Collection of Component Files used:</h2>

   * Component: ARM::CMSIS:CORE@6.1.0
      Include file:  CMSIS/Core/Include/tz_context.h
Build Time Elapsed:  00:00:14
</pre>
</body>
</html>
