Component: ARM Compiler 5.06 update 6 (build 750) Tool: armlink [4d35ed]

==============================================================================

Section Cross References

    startup_stm32g473xx.o(STACK) refers (Special) to heapauxi.o(.text) for __use_two_region_memory
    startup_stm32g473xx.o(HEAP) refers (Special) to heapauxi.o(.text) for __use_two_region_memory
    startup_stm32g473xx.o(RESET) refers (Special) to heapauxi.o(.text) for __use_two_region_memory
    startup_stm32g473xx.o(RESET) refers to startup_stm32g473xx.o(STACK) for __initial_sp
    startup_stm32g473xx.o(RESET) refers to startup_stm32g473xx.o(.text) for Reset_Handler
    startup_stm32g473xx.o(RESET) refers to stm32g4xx_it.o(i.NMI_Handler) for NMI_Handler
    startup_stm32g473xx.o(RESET) refers to stm32g4xx_it.o(i.HardFault_Handler) for HardFault_Handler
    startup_stm32g473xx.o(RESET) refers to stm32g4xx_it.o(i.MemManage_Handler) for MemManage_Handler
    startup_stm32g473xx.o(RESET) refers to stm32g4xx_it.o(i.BusFault_Handler) for BusFault_Handler
    startup_stm32g473xx.o(RESET) refers to stm32g4xx_it.o(i.UsageFault_Handler) for UsageFault_Handler
    startup_stm32g473xx.o(RESET) refers to port.o(.emb_text) for SVC_Handler
    startup_stm32g473xx.o(RESET) refers to stm32g4xx_it.o(i.DebugMon_Handler) for DebugMon_Handler
    startup_stm32g473xx.o(RESET) refers to port.o(i.SysTick_Handler) for SysTick_Handler
    startup_stm32g473xx.o(RESET) refers to stm32g4xx_it.o(i.USB_LP_IRQHandler) for USB_LP_IRQHandler
    startup_stm32g473xx.o(RESET) refers to stm32g4xx_it.o(i.USART1_IRQHandler) for USART1_IRQHandler
    startup_stm32g473xx.o(RESET) refers to uart_debug.o(i.USART3_IRQHandler) for USART3_IRQHandler
    startup_stm32g473xx.o(.text) refers (Special) to heapauxi.o(.text) for __use_two_region_memory
    startup_stm32g473xx.o(.text) refers to system_stm32g4xx.o(i.SystemInit) for SystemInit
    startup_stm32g473xx.o(.text) refers to __main.o(!!!main) for __main
    startup_stm32g473xx.o(.text) refers to startup_stm32g473xx.o(HEAP) for Heap_Mem
    startup_stm32g473xx.o(.text) refers to startup_stm32g473xx.o(STACK) for Stack_Mem
    main.o(i.main) refers to init.o(i.SystemClock_Config) for SystemClock_Config
    main.o(i.main) refers to init.o(i.Init_Hardware) for Init_Hardware
    main.o(i.main) refers to task_init.o(i.Debug_uart_task_create) for Debug_uart_task_create
    main.o(i.main) refers to task_init.o(i.Monitor_task_create) for Monitor_task_create
    main.o(i.main) refers to tasks.o(i.vTaskStartScheduler) for vTaskStartScheduler
    main.o(i.vApplicationStackOverflowHook) refers to uart_debug.o(i.fr_printf) for fr_printf
    gpio.o(i.MX_GPIO_Init) refers to rt_memclr_w.o(.text) for __aeabi_memclr4
    gpio.o(i.MX_GPIO_Init) refers to gpio.o(i.LL_AHB2_GRP1_EnableClock) for LL_AHB2_GRP1_EnableClock
    gpio.o(i.MX_GPIO_Init) refers to stm32g4xx_ll_gpio.o(i.LL_GPIO_Init) for LL_GPIO_Init
    i2c.o(i.MX_I2C1_Init) refers to rt_memclr_w.o(.text) for __aeabi_memclr4
    i2c.o(i.MX_I2C1_Init) refers to i2c.o(i.LL_AHB2_GRP1_EnableClock) for LL_AHB2_GRP1_EnableClock
    i2c.o(i.MX_I2C1_Init) refers to stm32g4xx_ll_gpio.o(i.LL_GPIO_Init) for LL_GPIO_Init
    i2c.o(i.MX_I2C1_Init) refers to stm32g4xx_ll_i2c.o(i.LL_I2C_Init) for LL_I2C_Init
    spi.o(i.MX_SPI1_Init) refers to rt_memclr_w.o(.text) for __aeabi_memclr4
    spi.o(i.MX_SPI1_Init) refers to stm32g4xx_ll_gpio.o(i.LL_GPIO_Init) for LL_GPIO_Init
    spi.o(i.MX_SPI1_Init) refers to stm32g4xx_ll_spi.o(i.LL_SPI_Init) for LL_SPI_Init
    tim.o(i.LL_TIM_IC_SetActiveInput) refers to tim.o(.constdata) for .constdata
    tim.o(i.LL_TIM_IC_SetFilter) refers to tim.o(.constdata) for .constdata
    tim.o(i.LL_TIM_IC_SetPolarity) refers to tim.o(.constdata) for .constdata
    tim.o(i.LL_TIM_IC_SetPrescaler) refers to tim.o(.constdata) for .constdata
    tim.o(i.MX_TIM15_Init) refers to rt_memclr_w.o(.text) for __aeabi_memclr4
    tim.o(i.MX_TIM15_Init) refers to tim.o(i.LL_AHB2_GRP1_EnableClock) for LL_AHB2_GRP1_EnableClock
    tim.o(i.MX_TIM15_Init) refers to stm32g4xx_ll_gpio.o(i.LL_GPIO_Init) for LL_GPIO_Init
    tim.o(i.MX_TIM15_Init) refers to stm32g4xx_ll_tim.o(i.LL_TIM_Init) for LL_TIM_Init
    tim.o(i.MX_TIM15_Init) refers to tim.o(i.LL_TIM_IC_SetActiveInput) for LL_TIM_IC_SetActiveInput
    tim.o(i.MX_TIM15_Init) refers to tim.o(i.LL_TIM_IC_SetPrescaler) for LL_TIM_IC_SetPrescaler
    tim.o(i.MX_TIM15_Init) refers to tim.o(i.LL_TIM_IC_SetFilter) for LL_TIM_IC_SetFilter
    tim.o(i.MX_TIM15_Init) refers to tim.o(i.LL_TIM_IC_SetPolarity) for LL_TIM_IC_SetPolarity
    tim.o(i.MX_TIM2_Init) refers to rt_memclr_w.o(.text) for __aeabi_memclr4
    tim.o(i.MX_TIM2_Init) refers to tim.o(i.LL_APB1_GRP1_EnableClock) for LL_APB1_GRP1_EnableClock
    tim.o(i.MX_TIM2_Init) refers to tim.o(i.LL_AHB2_GRP1_EnableClock) for LL_AHB2_GRP1_EnableClock
[...]
    DMA2_Channel4_IRQHandler                 0x0800043f   Thumb Code     0  startup_stm32g473xx.o(.text)
    DMA2_Channel5_IRQHandler                 0x0800043f   Thumb Code     0  startup_stm32g473xx.o(.text)
    DMA2_Channel6_IRQHandler                 0x0800043f   Thumb Code     0  startup_stm32g473xx.o(.text)
    DMA2_Channel7_IRQHandler                 0x0800043f   Thumb Code     0  startup_stm32g473xx.o(.text)
    DMA2_Channel8_IRQHandler                 0x0800043f   Thumb Code     0  startup_stm32g473xx.o(.text)
    DMAMUX_OVR_IRQHandler                    0x0800043f   Thumb Code     0  startup_stm32g473xx.o(.text)
    EXTI0_IRQHandler                         0x0800043f   Thumb Code     0  startup_stm32g473xx.o(.text)
    EXTI15_10_IRQHandler                     0x0800043f   Thumb Code     0  startup_stm32g473xx.o(.text)
    EXTI1_IRQHandler                         0x0800043f   Thumb Code     0  startup_stm32g473xx.o(.text)
    EXTI2_IRQHandler                         0x0800043f   Thumb Code     0  startup_stm32g473xx.o(.text)
    EXTI3_IRQHandler                         0x0800043f   Thumb Code     0  startup_stm32g473xx.o(.text)
    EXTI4_IRQHandler                         0x0800043f   Thumb Code     0  startup_stm32g473xx.o(.text)
    EXTI9_5_IRQHandler                       0x0800043f   Thumb Code     0  startup_stm32g473xx.o(.text)
    FDCAN1_IT0_IRQHandler                    0x0800043f   Thumb Code     0  startup_stm32g473xx.o(.text)
    FDCAN1_IT1_IRQHandler                    0x0800043f   Thumb Code     0  startup_stm32g473xx.o(.text)
    FDCAN2_IT0_IRQHandler                    0x0800043f   Thumb Code     0  startup_stm32g473xx.o(.text)
    FDCAN2_IT1_IRQHandler                    0x0800043f   Thumb Code     0  startup_stm32g473xx.o(.text)
    FDCAN3_IT0_IRQHandler                    0x0800043f   Thumb Code     0  startup_stm32g473xx.o(.text)
    FDCAN3_IT1_IRQHandler                    0x0800043f   Thumb Code     0  startup_stm32g473xx.o(.text)
    FLASH_IRQHandler                         0x0800043f   Thumb Code     0  startup_stm32g473xx.o(.text)
    FMAC_IRQHandler                          0x0800043f   Thumb Code     0  startup_stm32g473xx.o(.text)
    FMC_IRQHandler                           0x0800043f   Thumb Code     0  startup_stm32g473xx.o(.text)
    FPU_IRQHandler                           0x0800043f   Thumb Code     0  startup_stm32g473xx.o(.text)
    I2C1_ER_IRQHandler                       0x0800043f   Thumb Code     0  startup_stm32g473xx.o(.text)
    I2C1_EV_IRQHandler                       0x0800043f   Thumb Code     0  startup_stm32g473xx.o(.text)
    I2C2_ER_IRQHandler                       0x0800043f   Thumb Code     0  startup_stm32g473xx.o(.text)
    I2C2_EV_IRQHandler                       0x0800043f   Thumb Code     0  startup_stm32g473xx.o(.text)
    I2C3_ER_IRQHandler                       0x0800043f   Thumb Code     0  startup_stm32g473xx.o(.text)
    I2C3_EV_IRQHandler                       0x0800043f   Thumb Code     0  startup_stm32g473xx.o(.text)
    I2C4_ER_IRQHandler                       0x0800043f   Thumb Code     0  startup_stm32g473xx.o(.text)
    I2C4_EV_IRQHandler                       0x0800043f   Thumb Code     0  startup_stm32g473xx.o(.text)
    LPTIM1_IRQHandler                        0x0800043f   Thumb Code     0  startup_stm32g473xx.o(.text)
    LPUART1_IRQHandler                       0x0800043f   Thumb Code     0  startup_stm32g473xx.o(.text)
    PVD_PVM_IRQHandler                       0x0800043f   Thumb Code     0  startup_stm32g473xx.o(.text)
    QUADSPI_IRQHandler                       0x0800043f   Thumb Code     0  startup_stm32g473xx.o(.text)
    RCC_IRQHandler                           0x0800043f   Thumb Code     0  startup_stm32g473xx.o(.text)
    RNG_IRQHandler                           0x0800043f   Thumb Code     0  startup_stm32g473xx.o(.text)
    RTC_Alarm_IRQHandler                     0x0800043f   Thumb Code     0  startup_stm32g473xx.o(.text)
    RTC_TAMP_LSECSS_IRQHandler               0x0800043f   Thumb Code     0  startup_stm32g473xx.o(.text)
    RTC_WKUP_IRQHandler                      0x0800043f   Thumb Code     0  startup_stm32g473xx.o(.text)
    SAI1_IRQHandler                          0x0800043f   Thumb Code     0  startup_stm32g473xx.o(.text)
    SPI1_IRQHandler                          0x0800043f   Thumb Code     0  startup_stm32g473xx.o(.text)
    SPI2_IRQHandler                          0x0800043f   Thumb Code     0  startup_stm32g473xx.o(.text)
    SPI3_IRQHandler                          0x0800043f   Thumb Code     0  startup_stm32g473xx.o(.text)
    SPI4_IRQHandler                          0x0800043f   Thumb Code     0  startup_stm32g473xx.o(.text)
    TIM1_BRK_TIM15_IRQHandler                0x0800043f   Thumb Code     0  startup_stm32g473xx.o(.text)
    TIM1_CC_IRQHandler                       0x0800043f   Thumb Code     0  startup_stm32g473xx.o(.text)
    TIM1_TRG_COM_TIM17_IRQHandler            0x0800043f   Thumb Code     0  startup_stm32g473xx.o(.text)
    TIM1_UP_TIM16_IRQHandler                 0x0800043f   Thumb Code     0  startup_stm32g473xx.o(.text)
    TIM20_BRK_IRQHandler                     0x0800043f   Thumb Code     0  startup_stm32g473xx.o(.text)
    TIM20_CC_IRQHandler                      0x0800043f   Thumb Code     0  startup_stm32g473xx.o(.text)
    TIM20_TRG_COM_IRQHandler                 0x0800043f   Thumb Code     0  startup_stm32g473xx.o(.text)
    TIM20_UP_IRQHandler                      0x0800043f   Thumb Code     0  startup_stm32g473xx.o(.text)
    TIM2_IRQHandler                          0x0800043f   Thumb Code     0  startup_stm32g473xx.o(.text)
    TIM3_IRQHandler                          0x0800043f   Thumb Code     0  startup_stm32g473xx.o(.text)
    TIM4_IRQHandler                          0x0800043f   Thumb Code     0  startup_stm32g473xx.o(.text)
    TIM5_IRQHandler                          0x0800043f   Thumb Code     0  startup_stm32g473xx.o(.text)
    TIM6_DAC_IRQHandler                      0x0800043f   Thumb Code     0  startup_stm32g473xx.o(.text)
    TIM7_DAC_IRQHandler                      0x0800043f   Thumb Code     0  startup_stm32g473xx.o(.text)
    TIM8_BRK_IRQHandler                      0x0800043f   Thumb Code     0  startup_stm32g473xx.o(.text)
    TIM8_CC_IRQHandler                       0x0800043f   Thumb Code     0  startup_stm32g473xx.o(.text)
    TIM8_TRG_COM_IRQHandler                  0x0800043f   Thumb Code     0  startup_stm32g473xx.o(.text)
    TIM8_UP_IRQHandler                       0x0800043f   Thumb Code     0  startup_stm32g473xx.o(.text)
    UART4_IRQHandler                         0x0800043f   Thumb Code     0  startup_stm32g473xx.o(.text)
    UART5_IRQHandler                         0x0800043f   Thumb Code     0  startup_stm32g473xx.o(.text)
    UCPD1_IRQHandler                         0x0800043f   Thumb Code     0  startup_stm32g473xx.o(.text)
    USART2_IRQHandler                        0x0800043f   Thumb Code     0  startup_stm32g473xx.o(.text)
    USBWakeUp_IRQHandler                     0x0800043f   Thumb Code     0  startup_stm32g473xx.o(.text)
    USB_HP_IRQHandler                        0x0800043f   Thumb Code     0  startup_stm32g473xx.o(.text)
    WWDG_IRQHandler                          0x0800043f   Thumb Code     0  startup_stm32g473xx.o(.text)
    __user_initial_stackheap                 0x08000441   Thumb Code     0  startup_stm32g473xx.o(.text)
    vsnprintf                                0x08000465   Thumb Code    48  vsnprintf.o(.text)
    __2snprintf                              0x08000499   Thumb Code    50  __2snprintf.o(.text)
    _printf_pre_padding                      0x080004d1   Thumb Code    44  _printf_pad.o(.text)
    _printf_post_padding                     0x080004fd   Thumb Code    34  _printf_pad.o(.text)
    _printf_str                              0x0800051f   Thumb Code    82  _printf_str.o(.text)
    _printf_int_dec                          0x08000571   Thumb Code   104  _printf_dec.o(.text)
    __printf                                 0x080005e9   Thumb Code   388  __printf_flags_ss_wp.o(.text)
    strlen                                   0x08000771   Thumb Code    62  strlen.o(.text)
    __aeabi_memcpy                           0x080007af   Thumb Code     0  rt_memcpy_v6.o(.text)
    __rt_memcpy                              0x080007af   Thumb Code   138  rt_memcpy_v6.o(.text)
    _memcpy_lastbytes                        0x08000815   Thumb Code     0  rt_memcpy_v6.o(.text)
    __aeabi_memcpy4                          0x08000839   Thumb Code     0  rt_memcpy_w.o(.text)
    __aeabi_memcpy8                          0x08000839   Thumb Code     0  rt_memcpy_w.o(.text)
    __rt_memcpy_w                            0x08000839   Thumb Code   100  rt_memcpy_w.o(.text)
    _memcpy_lastbytes_aligned                0x08000881   Thumb Code     0  rt_memcpy_w.o(.text)
    __aeabi_memset                           0x0800089d   Thumb Code    16  aeabi_memset.o(.text)
    __aeabi_memclr                           0x080008ad   Thumb Code     0  rt_memclr.o(.text)
    __rt_memclr                              0x080008ad   Thumb Code    68  rt_memclr.o(.text)
    _memset                                  0x080008b1   Thumb Code     0  rt_memclr.o(.text)
    __aeabi_memclr4                          0x080008f1   Thumb Code     0  rt_memclr_w.o(.text)
    __aeabi_memclr8                          0x080008f1   Thumb Code     0  rt_memclr_w.o(.text)
    __rt_memclr_w                            0x080008f1   Thumb Code    78  rt_memclr_w.o(.text)
    _memset_w                                0x080008f5   Thumb Code     0  rt_memclr_w.o(.text)
    strcmp                                   0x08000941   Thumb Code   128  strcmpv7m.o(.text)
    __use_two_region_memory                  0x080009c1   Thumb Code     2  heapauxi.o(.text)
    __rt_heap_escrow$2region                 0x080009c3   Thumb Code     2  heapauxi.o(.text)
    __rt_heap_expand$2region                 0x080009c5   Thumb Code     2  heapauxi.o(.text)
    _printf_truncate_signed                  0x080009c7   Thumb Code    18  _printf_truncate.o(.text)
    _printf_truncate_unsigned                0x080009d9   Thumb Code    18  _printf_truncate.o(.text)
    _printf_int_common                       0x080009eb   Thumb Code   178  _printf_intcommon.o(.text)
    _printf_charcount                        0x08000a9d   Thumb Code    40  _printf_charcount.o(.text)
    __lib_sel_fp_printf                      0x08000ac5   Thumb Code     2  _printf_fp_dec.o(.text)
    _printf_fp_dec_real                      0x08000c77   Thumb Code   620  _printf_fp_dec.o(.text)
    _printf_char_common                      0x08000eef   Thumb Code    32  _printf_char_common.o(.text)
    _sputc                                   0x08000f15   Thumb Code    10  _sputc.o(.text)
    _snputc                                  0x08000f1f   Thumb Code    16  _snputc.o(.text)
    _printf_cs_common                        0x08000f2f   Thumb Code    20  _printf_char.o(.text)
    _printf_char                             0x08000f43   Thumb Code    16  _printf_char.o(.text)
    _printf_string                           0x08000f53   Thumb Code     8  _printf_char.o(.text)
    _printf_wctomb                           0x08000f5d   Thumb Code   182  _printf_wctomb.o(.text)
    _printf_longlong_dec                     0x08001019   Thumb Code   108  _printf_longlong_dec.o(.text)
    _printf_longlong_oct                     0x08001095   Thumb Code    66  _printf_oct_int_ll.o(.text)
    _printf_int_oct                          0x080010d7   Thumb Code    24  _printf_oct_int_ll.o(.text)
    _printf_ll_oct                           0x080010ef   Thumb Code    12  _printf_oct_int_ll.o(.text)
    _printf_longlong_hex                     0x08001105   Thumb Code    86  _printf_hex_int_ll_ptr.o(.text)
    _printf_int_hex                          0x0800115b   Thumb Code    28  _printf_hex_int_ll_ptr.o(.text)
    _printf_ll_hex                           0x08001177   Thumb Code    12  _printf_hex_int_ll_ptr.o(.text)
    _printf_hex_ptr                          0x08001183   Thumb Code    18  _printf_hex_int_ll_ptr.o(.text)
    __rt_locale                              0x08001199   Thumb Code     8  rt_locale_intlibspace.o(.text)
    _ll_udiv10                               0x080011a1   Thumb Code   138  lludiv10.o(.text)
    _printf_fp_hex_real                      0x0800122d   Thumb Code   756  _printf_fp_hex.o(.text)
    _printf_fp_infnan                        0x08001529   Thumb Code   112  _printf_fp_infnan.o(.text)
    _printf_lcs_common                       0x080015a9   Thumb Code    20  _printf_wchar.o(.text)
    _printf_wchar                            0x080015bd   Thumb Code    16  _printf_wchar.o(.text)
    _printf_wstring                          0x080015cd   Thumb Code     8  _printf_wchar.o(.text)
    _btod_etento                             0x080015d5   Thumb Code   224  bigflt0.o(.text)
    _wcrtomb                                 0x080016b9   Thumb Code    64  _wcrtomb.o(.text)
    __user_libspace                          0x080016f9   Thumb Code     8  libspace.o(.text)
    __user_perproc_libspace                  0x080016f9   Thumb Code     0  libspace.o(.text)
    __user_perthread_libspace                0x080016f9   Thumb Code     0  libspace.o(.text)
    __user_setup_stackheap                   0x08001701   Thumb Code    74  sys_stackheap_outer.o(.text)
    __rt_ctype_table                         0x0800174d   Thumb Code    16  rt_ctype_table.o(.text)
    exit                                     0x0800175d   Thumb Code    18  exit.o(.text)
    _sys_exit                                0x08001771   Thumb Code     8  sys_exit.o(.text)
    __I$use$semihosting                      0x0800177d   Thumb Code     0  use_no_semi.o(.text)
    __use_no_semihosting_swi                 0x0800177d   Thumb Code     2  use_no_semi.o(.text)
    __semihosting_library_function           0x0800177f   Thumb Code     0  indicate_semi.o(.text)
    _btod_d2e                                0x0800177f   Thumb Code    62  btod.o(CL$$btod_d2e)
    _d2e_denorm_low                          0x080017bd   Thumb Code    70  btod.o(CL$$btod_d2e_denorm_low)
    _d2e_norm_op1                            0x08001803   Thumb Code    96  btod.o(CL$$btod_d2e_norm_op1)
    __btod_div_common                        0x08001863   Thumb Code   696  btod.o(CL$$btod_div_common)
    _e2e                                     0x08001b9b   Thumb Code   220  btod.o(CL$$btod_e2e)
    _btod_ediv                               0x08001c77   Thumb Code    42  btod.o(CL$$btod_ediv)
    _btod_emul                               0x08001ca1   Thumb Code    42  btod.o(CL$$btod_emul)
    __btod_mult_common                       0x08001ccb   Thumb Code   580  btod.o(CL$$btod_mult_common)
    BusFault_Handler                         0x08001f0f   Thumb Code     2  stm32g4xx_it.o(i.BusFault_Handler)
    DebugMon_Handler                         0x08001f59   Thumb Code     2  stm32g4xx_it.o(i.DebugMon_Handler)
    Debug_uart_task_create                   0x08001f5d   Thumb Code    54  task_init.o(i.Debug_uart_task_create)
    Error_Handler                            0x08001fe1   Thumb Code     4  init.o(i.Error_Handler)
    HAL_Init                                 0x08001fe5   Thumb Code    30  stm32g4xx_hal.o(i.HAL_Init)
    HAL_InitTick                             0x08002005   Thumb Code    58  stm32g4xx_hal.o(i.HAL_InitTick)
    HAL_MspInit                              0x08002049   Thumb Code    42  stm32g4xx_hal_msp.o(i.HAL_MspInit)
    HAL_NVIC_EnableIRQ                       0x08002079   Thumb Code    26  stm32g4xx_hal_cortex.o(i.HAL_NVIC_EnableIRQ)
    HAL_NVIC_SetPriority                     0x08002095   Thumb Code    60  stm32g4xx_hal_cortex.o(i.HAL_NVIC_SetPriority)
    HAL_NVIC_SetPriorityGrouping             0x080020d5   Thumb Code    26  stm32g4xx_hal_cortex.o(i.HAL_NVIC_SetPriorityGrouping)
    HAL_PCDEx_ActivateLPM                    0x080020f9   Thumb Code    36  stm32g4xx_hal_pcd_ex.o(i.HAL_PCDEx_ActivateLPM)
    HAL_PCDEx_LPM_Callback                   0x0800211d   Thumb Code    64  usbd_conf.o(i.HAL_PCDEx_LPM_Callback)
    HAL_PCDEx_PMAConfig                      0x08002161   Thumb Code    60  stm32g4xx_hal_pcd_ex.o(i.HAL_PCDEx_PMAConfig)
    HAL_PCD_DataInStageCallback              0x0800219d   Thumb Code    18  usbd_conf.o(i.HAL_PCD_DataInStageCallback)
    HAL_PCD_DataOutStageCallback             0x080021af   Thumb Code    20  usbd_conf.o(i.HAL_PCD_DataOutStageCallback)
    HAL_PCD_EP_Close                         0x080021c3   Thumb Code    74  stm32g4xx_hal_pcd.o(i.HAL_PCD_EP_Close)
    HAL_PCD_EP_ClrStall                      0x0800220d   Thumb Code    90  stm32g4xx_hal_pcd.o(i.HAL_PCD_EP_ClrStall)
    HAL_PCD_EP_GetRxCount                    0x080026c3   Thumb Code    18  stm32g4xx_hal_pcd.o(i.HAL_PCD_EP_GetRxCount)
    HAL_PCD_EP_Open                          0x080026d5   Thumb Code    92  stm32g4xx_hal_pcd.o(i.HAL_PCD_EP_Open)
    HAL_PCD_EP_Receive                       0x08002731   Thumb Code    46  stm32g4xx_hal_pcd.o(i.HAL_PCD_EP_Receive)
    HAL_PCD_EP_SetStall                      0x0800275f   Thumb Code    94  stm32g4xx_hal_pcd.o(i.HAL_PCD_EP_SetStall)
    HAL_PCD_EP_Transmit                      0x080027bd   Thumb Code    46  stm32g4xx_hal_pcd.o(i.HAL_PCD_EP_Transmit)
    HAL_PCD_IRQHandler                       0x080027eb   Thumb Code   330  stm32g4xx_hal_pcd.o(i.HAL_PCD_IRQHandler)
    HAL_PCD_Init                             0x08002935   Thumb Code   156  stm32g4xx_hal_pcd.o(i.HAL_PCD_Init)
    HAL_PCD_MspInit                          0x080029d1   Thumb Code    62  usbd_conf.o(i.HAL_PCD_MspInit)
    HAL_PCD_ResetCallback                    0x08002a19   Thumb Code    38  usbd_conf.o(i.HAL_PCD_ResetCallback)
    HAL_PCD_ResumeCallback                   0x08002a41   Thumb Code    34  usbd_conf.o(i.HAL_PCD_ResumeCallback)
    HAL_PCD_SOFCallback                      0x08002a69   Thumb Code     8  usbd_conf.o(i.HAL_PCD_SOFCallback)
    HAL_PCD_SetAddress                       0x08002a71   Thumb Code    38  stm32g4xx_hal_pcd.o(i.HAL_PCD_SetAddress)
    HAL_PCD_SetupStageCallback               0x08002a97   Thumb Code    14  usbd_conf.o(i.HAL_PCD_SetupStageCallback)
    HAL_PCD_Start                            0x08002aa5   Thumb Code    42  stm32g4xx_hal_pcd.o(i.HAL_PCD_Start)
    HAL_PCD_SuspendCallback                  0x08002ad1   Thumb Code    30  usbd_conf.o(i.HAL_PCD_SuspendCallback)
    HAL_PWREx_DisableUCPDDeadBattery         0x08002af5   Thumb Code    12  stm32g4xx_hal_pwr_ex.o(i.HAL_PWREx_DisableUCPDDeadBattery)
    HAL_SYSTICK_Config                       0x08002b05   Thumb Code    40  stm32g4xx_hal_cortex.o(i.HAL_SYSTICK_Config)
    HardFault_Handler                        0x08002b2d   Thumb Code     2  stm32g4xx_it.o(i.HardFault_Handler)
    Init_Hardware                            0x08002b91   Thumb Code   100  init.o(i.Init_Hardware)
    LL_GPIO_Init                             0x08002d5d   Thumb Code   310  stm32g4xx_ll_gpio.o(i.LL_GPIO_Init)
    LL_I2C_Init                              0x08002e93   Thumb Code   104  stm32g4xx_ll_i2c.o(i.LL_I2C_Init)
    LL_RCC_GetUARTClockFreq                  0x08002efd   Thumb Code   130  stm32g4xx_ll_rcc.o(i.LL_RCC_GetUARTClockFreq)
    LL_RCC_GetUSARTClockFreq                 0x08002f8d   Thumb Code   172  stm32g4xx_ll_rcc.o(i.LL_RCC_GetUSARTClockFreq)
    LL_SPI_Init                              0x0800308d   Thumb Code   118  stm32g4xx_ll_spi.o(i.LL_SPI_Init)
    LL_SetSystemCoreClock                    0x08003105   Thumb Code     6  stm32g4xx_ll_utils.o(i.LL_SetSystemCoreClock)
    LL_TIM_Init                              0x080032f5   Thumb Code   176  stm32g4xx_ll_tim.o(i.LL_TIM_Init)
    LL_USART_Init                            0x080033c9   Thumb Code   218  stm32g4xx_ll_usart.o(i.LL_USART_Init)
    MX_GPIO_Init                             0x080034c1   Thumb Code   370  gpio.o(i.MX_GPIO_Init)
    MX_I2C1_Init                             0x0800363d   Thumb Code   190  i2c.o(i.MX_I2C1_Init)
    MX_SPI1_Init                             0x0800370d   Thumb Code   176  spi.o(i.MX_SPI1_Init)
    MX_TIM15_Init                            0x080037c5   Thumb Code   276  tim.o(i.MX_TIM15_Init)
    MX_TIM2_Init                             0x080038f1   Thumb Code   226  tim.o(i.MX_TIM2_Init)
    MX_TIM3_Init                             0x080039dd   Thumb Code   228  tim.o(i.MX_TIM3_Init)
    MX_USART1_UART_Init                      0x08003ad1   Thumb Code   288  usart.o(i.MX_USART1_UART_Init)
    MX_USART3_UART_Init                      0x08003c01   Thumb Code   142  usart.o(i.MX_USART3_UART_Init)
    MX_USB_Device_Init                       0x08003c9d   Thumb Code    66  usb_device.o(i.MX_USB_Device_Init)
    MemManage_Handler                        0x08003cf1   Thumb Code     2  stm32g4xx_it.o(i.MemManage_Handler)
    Monitor_task_create                      0x08003cf5   Thumb Code    58  task_init.o(i.Monitor_task_create)
    NMI_Handler                              0x08003d79   Thumb Code     2  stm32g4xx_it.o(i.NMI_Handler)
    SysTick_Handler                          0x08004189   Thumb Code    38  port.o(i.SysTick_Handler)
    SystemClock_Config                       0x080041b5   Thumb Code   200  init.o(i.SystemClock_Config)
    SystemInit                               0x08004291   Thumb Code    12  system_stm32g4xx.o(i.SystemInit)
    UART_Init                                0x080042a1   Thumb Code    24  uart_debug.o(i.UART_Init)
    UART_Send_IT                             0x080042bd   Thumb Code    86  uart_debug.o(i.UART_Send_IT)
    USART1_IRQHandler                        0x08004321   Thumb Code     2  stm32g4xx_it.o(i.USART1_IRQHandler)
    USART3_IRQHandler                        0x08004325   Thumb Code   144  uart_debug.o(i.USART3_IRQHandler)
    USBD_CDC_ConfigStrDescriptor             0x080043bd   Thumb Code    16  usbd_desc.o(i.USBD_CDC_ConfigStrDescriptor)
    USBD_CDC_DeviceDescriptor                0x080044ad   Thumb Code     8  usbd_desc.o(i.USBD_CDC_DeviceDescriptor)
    USBD_CDC_GetDeviceQualifierDescriptor    0x080044e9   Thumb Code     8  usbd_cdc.o(i.USBD_CDC_GetDeviceQualifierDescriptor)
    USBD_CDC_InterfaceStrDescriptor          0x080045bd   Thumb Code    16  usbd_desc.o(i.USBD_CDC_InterfaceStrDescriptor)
    USBD_CDC_LangIDStrDescriptor             0x080045e1   Thumb Code     8  usbd_desc.o(i.USBD_CDC_LangIDStrDescriptor)
    USBD_CDC_ManufacturerStrDescriptor       0x080045ed   Thumb Code    16  usbd_desc.o(i.USBD_CDC_ManufacturerStrDescriptor)
    USBD_CDC_ProductStrDescriptor            0x08004615   Thumb Code    16  usbd_desc.o(i.USBD_CDC_ProductStrDescriptor)
    USBD_CDC_ReceivePacket                   0x08004641   Thumb Code    40  usbd_cdc.o(i.USBD_CDC_ReceivePacket)
    USBD_CDC_RegisterInterface               0x08004669   Thumb Code    14  usbd_cdc.o(i.USBD_CDC_RegisterInterface)
    USBD_CDC_SerialStrDescriptor             0x08004679   Thumb Code    48  usbd_desc.o(i.USBD_CDC_SerialStrDescriptor)
    USBD_CDC_SetRxBuffer                     0x080046b1   Thumb Code    18  usbd_cdc.o(i.USBD_CDC_SetRxBuffer)
    USBD_CDC_SetTxBuffer                     0x080046c3   Thumb Code    22  usbd_cdc.o(i.USBD_CDC_SetTxBuffer)
    USBD_ClrClassConfig                      0x08004797   Thumb Code    16  usbd_core.o(i.USBD_ClrClassConfig)
    USBD_CtlContinueRx                       0x080047a7   Thumb Code    16  usbd_ioreq.o(i.USBD_CtlContinueRx)
    USBD_CtlContinueSendData                 0x080047b7   Thumb Code    16  usbd_ioreq.o(i.USBD_CtlContinueSendData)
    USBD_CtlError                            0x080047c7   Thumb Code    22  usbd_ctlreq.o(i.USBD_CtlError)
    USBD_CtlPrepareRx                        0x080047dd   Thumb Code    30  usbd_ioreq.o(i.USBD_CtlPrepareRx)
    USBD_CtlReceiveStatus                    0x080047fb   Thumb Code    22  usbd_ioreq.o(i.USBD_CtlReceiveStatus)
    USBD_CtlSendData                         0x08004811   Thumb Code    26  usbd_ioreq.o(i.USBD_CtlSendData)
    USBD_CtlSendStatus                       0x0800482b   Thumb Code    22  usbd_ioreq.o(i.USBD_CtlSendStatus)
    USBD_GetString                           0x0800493b   Thumb Code    72  usbd_ctlreq.o(i.USBD_GetString)
    USBD_Init                                0x0800499b   Thumb Code    38  usbd_core.o(i.USBD_Init)
    USBD_LL_ClearStallEP                     0x080049c1   Thumb Code    18  usbd_conf.o(i.USBD_LL_ClearStallEP)
    USBD_LL_CloseEP                          0x080049d3   Thumb Code    18  usbd_conf.o(i.USBD_LL_CloseEP)
    USBD_LL_DataInStage                      0x080049e5   Thumb Code   168  usbd_core.o(i.USBD_LL_DataInStage)
    USBD_LL_DataOutStage                     0x08004a8d   Thumb Code   108  usbd_core.o(i.USBD_LL_DataOutStage)
    USBD_LL_GetRxDataSize                    0x08004af9   Thumb Code     8  usbd_conf.o(i.USBD_LL_GetRxDataSize)
    USBD_LL_Init                             0x08004b01   Thumb Code   124  usbd_conf.o(i.USBD_LL_Init)
    USBD_LL_IsStallEP                        0x08004b85   Thumb Code    30  usbd_conf.o(i.USBD_LL_IsStallEP)
    USBD_LL_OpenEP                           0x08004ba3   Thumb Code    24  usbd_conf.o(i.USBD_LL_OpenEP)
    USBD_LL_PrepareReceive                   0x08004bbb   Thumb Code    18  usbd_conf.o(i.USBD_LL_PrepareReceive)
    USBD_LL_Reset                            0x08004bcd   Thumb Code    90  usbd_core.o(i.USBD_LL_Reset)
    USBD_LL_Resume                           0x08004c27   Thumb Code    20  usbd_core.o(i.USBD_LL_Resume)
    USBD_LL_SOF                              0x08004c3b   Thumb Code    32  usbd_core.o(i.USBD_LL_SOF)
    USBD_LL_SetSpeed                         0x08004c5b   Thumb Code     6  usbd_core.o(i.USBD_LL_SetSpeed)
    USBD_LL_SetUSBAddress                    0x08004c61   Thumb Code    18  usbd_conf.o(i.USBD_LL_SetUSBAddress)
    USBD_LL_SetupStage                       0x08004c73   Thumb Code    96  usbd_core.o(i.USBD_LL_SetupStage)
    USBD_LL_StallEP                          0x08004cd3   Thumb Code    18  usbd_conf.o(i.USBD_LL_StallEP)
    USBD_LL_Start                            0x08004ce5   Thumb Code    18  usbd_conf.o(i.USBD_LL_Start)
    USBD_LL_Suspend                          0x08004cf7   Thumb Code    18  usbd_core.o(i.USBD_LL_Suspend)
    USBD_LL_Transmit                         0x08004d09   Thumb Code    18  usbd_conf.o(i.USBD_LL_Transmit)
    USBD_ParseSetupRequest                   0x08004d1b   Thumb Code    44  usbd_ctlreq.o(i.USBD_ParseSetupRequest)
    USBD_RegisterClass                       0x08004d47   Thumb Code    36  usbd_core.o(i.USBD_RegisterClass)
    USBD_SetClassConfig                      0x08004d6b   Thumb Code    20  usbd_core.o(i.USBD_SetClassConfig)
    USBD_Start                               0x08004e3d   Thumb Code     4  usbd_core.o(i.USBD_Start)
    USBD_StdDevReq                           0x08004e41   Thumb Code   276  usbd_ctlreq.o(i.USBD_StdDevReq)
    USBD_StdEPReq                            0x08004f55   Thumb Code   320  usbd_ctlreq.o(i.USBD_StdEPReq)
    USBD_StdItfReq                           0x08005095   Thumb Code    82  usbd_ctlreq.o(i.USBD_StdItfReq)
    USBD_static_free                         0x080050e7   Thumb Code     2  usbd_conf.o(i.USBD_static_free)
    USBD_static_malloc                       0x080050e9   Thumb Code     4  usbd_conf.o(i.USBD_static_malloc)
    USB_ActivateEndpoint                     0x080050f1   Thumb Code   874  stm32g4xx_ll_usb.o(i.USB_ActivateEndpoint)
    USB_DeactivateEndpoint                   0x0800545b   Thumb Code   270  stm32g4xx_ll_usb.o(i.USB_DeactivateEndpoint)
    USB_DevConnect                           0x08005569   Thumb Code    14  stm32g4xx_ll_usb.o(i.USB_DevConnect)
    USB_DevInit                              0x08005577   Thumb Code    18  stm32g4xx_ll_usb.o(i.USB_DevInit)
    USB_DisableGlobalInt                     0x08005589   Thumb Code    16  stm32g4xx_ll_usb.o(i.USB_DisableGlobalInt)
    USB_EPClearStall                         0x08005599   Thumb Code   112  stm32g4xx_ll_usb.o(i.USB_EPClearStall)
    USB_EPSetStall                           0x08005609   Thumb Code    50  stm32g4xx_ll_usb.o(i.USB_EPSetStall)
    USB_EPStartXfer                          0x0800563d   Thumb Code   878  stm32g4xx_ll_usb.o(i.USB_EPStartXfer)
    USB_EnableGlobalInt                      0x080059ab   Thumb Code    18  stm32g4xx_ll_usb.o(i.USB_EnableGlobalInt)
    USB_LP_IRQHandler                        0x080059bd   Thumb Code     6  stm32g4xx_it.o(i.USB_LP_IRQHandler)
    USB_ReadInterrupts                       0x080059c9   Thumb Code     6  stm32g4xx_ll_usb.o(i.USB_ReadInterrupts)
    USB_ReadPMA                              0x080059cf   Thumb Code    40  stm32g4xx_ll_usb.o(i.USB_ReadPMA)
    USB_SetDevAddress                        0x080059f7   Thumb Code    12  stm32g4xx_ll_usb.o(i.USB_SetDevAddress)
    USB_WritePMA                             0x08005a05   Thumb Code    38  stm32g4xx_ll_usb.o(i.USB_WritePMA)
    UsageFault_Handler                       0x08005a2b   Thumb Code     2  stm32g4xx_it.o(i.UsageFault_Handler)
    __ARM_fpclassify                         0x08005a2d   Thumb Code    48  fpclassify.o(i.__ARM_fpclassify)
    _is_digit                                0x08005a7d   Thumb Code    14  __printf_wp.o(i._is_digit)
    configureTimerForRuntimeStats            0x08005a8d   Thumb Code    76  monitor.o(i.configureTimerForRuntimeStats)
    eTaskGetState                            0x08005ae1   Thumb Code   106  tasks.o(i.eTaskGetState)
    fr_printf                                0x08005b55   Thumb Code    46  uart_debug.o(i.fr_printf)
    getRuntimeCounterValue                   0x08005b89   Thumb Code     6  monitor.o(i.getRuntimeCounterValue)
    main                                     0x08005b95   Thumb Code    22  main.o(i.main)
    pvPortMalloc                             0x08005f71   Thumb Code   200  heap_4.o(i.pvPortMalloc)
    pxPortInitialiseStack                    0x0800603d   Thumb Code    40  port.o(i.pxPortInitialiseStack)
    uxListRemove                             0x08006069   Thumb Code    38  list.o(i.uxListRemove)
    uxTaskGetSystemState                     0x08006091   Thumb Code   162  tasks.o(i.uxTaskGetSystemState)
    vApplicationIdleHook                     0x0800613d   Thumb Code     2  main.o(i.vApplicationIdleHook)
    vApplicationMallocFailedHook             0x0800613f   Thumb Code     2  main.o(i.vApplicationMallocFailedHook)
    vApplicationStackOverflowHook            0x08006141   Thumb Code     8  main.o(i.vApplicationStackOverflowHook)
    vApplicationTickHook                     0x0800616d   Thumb Code     2  main.o(i.vApplicationTickHook)
    vListInitialise                          0x0800616f   Thumb Code    22  list.o(i.vListInitialise)
    vListInitialiseItem                      0x08006185   Thumb Code     6  list.o(i.vListInitialiseItem)
    vListInsert                              0x0800618b   Thumb Code    48  list.o(i.vListInsert)
    vListInsertEnd                           0x080061bb   Thumb Code    24  list.o(i.vListInsertEnd)
    vPortEnterCritical                       0x080061d5   Thumb Code    54  port.o(i.vPortEnterCritical)
    vPortExitCritical                        0x08006215   Thumb Code    34  port.o(i.vPortExitCritical)
    vPortFree                                0x0800623d   Thumb Code    94  heap_4.o(i.vPortFree)
    vPortSetupTimerInterrupt                 0x080062a1   Thumb Code    32  port.o(i.vPortSetupTimerInterrupt)
    vSystemMonitorTask                       0x080062c5   Thumb Code   284  monitor.o(i.vSystemMonitorTask)
    vTaskDelay                               0x0800642d   Thumb Code    66  tasks.o(i.vTaskDelay)
    vTaskDelete                              0x08006479   Thumb Code   164  tasks.o(i.vTaskDelete)
    vTaskGetInfo                             0x08006529   Thumb Code   126  tasks.o(i.vTaskGetInfo)
    vTaskStartScheduler                      0x080065ad   Thumb Code    90  tasks.o(i.vTaskStartScheduler)
    vTaskSuspendAll                          0x08006619   Thumb Code    10  tasks.o(i.vTaskSuspendAll)
    vTaskSwitchContext                       0x08006629   Thumb Code   156  tasks.o(i.vTaskSwitchContext)
    vUartProcessTask                         0x080066cd   Thumb Code   122  uart_debug.o(i.vUartProcessTask)
    xPortStartScheduler                      0x08006761   Thumb Code   222  port.o(i.xPortStartScheduler)
    xTaskCreate                              0x08006855   Thumb Code    92  tasks.o(i.xTaskCreate)
    xTaskIncrementTick                       0x080068b1   Thumb Code   324  tasks.o(i.xTaskIncrementTick)
    xTaskResumeAll                           0x080069fd   Thumb Code   286  tasks.o(i.xTaskResumeAll)
    _get_lc_numeric                          0x08006b29   Thumb Code    44  lc_numeric_c.o(locale$$code)
    _get_lc_ctype                            0x08006b55   Thumb Code    44  lc_ctype_c.o(locale$$code)
    __fpl_dretinf                            0x08006b81   Thumb Code    12  dretinf.o(x$fpl$dretinf)
    __aeabi_f2d                              0x08006b8d   Thumb Code     0  f2d.o(x$fpl$f2d)
    _f2d                                     0x08006b8d   Thumb Code    86  f2d.o(x$fpl$f2d)
    __fpl_fnaninf                            0x08006be3   Thumb Code   140  fnaninf.o(x$fpl$fnaninf)
    _fp_init                                 0x08006c6f   Thumb Code    10  fpinit.o(x$fpl$fpinit)
    __fplib_config_fpu_vfp                   0x08006c77   Thumb Code     0  fpinit.o(x$fpl$fpinit)
    __fplib_config_pureend_doubles           0x08006c77   Thumb Code     0  fpinit.o(x$fpl$fpinit)
    _printf_fp_dec                           0x08006c79   Thumb Code     4  printf1.o(x$fpl$printf1)
    _printf_fp_hex                           0x08006c7d   Thumb Code     4  printf2.o(x$fpl$printf2)
    __I$use$fp                               0x08006c80   Number         0  usenofp.o(x$fpl$usenofp)
    AHBPrescTable                            0x08006cd0   Data          16  system_stm32g4xx.o(.constdata)
    APBPrescTable                            0x08006ce0   Data           8  system_stm32g4xx.o(.constdata)
    Region$$Table$$Base                      0x08006de8   Number         0  anon$$obj.o(Region$$Table)
    Region$$Table$$Limit                     0x08006e08   Number         0  anon$$obj.o(Region$$Table)
    __ctype                                  0x08006e31   Data           0  lc_ctype_c.o(locale$$data)
    CDC_Desc                                 0x20000000   Data          32  usbd_desc.o(.data)
    USBD_LangIDDesc                          0x20000020   Data           4  usbd_desc.o(.data)
    USBD_CDC_DeviceDesc                      0x20000024   Data          18  usbd_desc.o(.data)
    USBD_StringSerial                        0x20000038   Data          26  usbd_desc.o(.data)
    USBD_Interface_fops_FS                   0x20000054   Data          20  usbd_cdc_if.o(.data)
    uwTickPrio                               0x20000068   Data           4  stm32g4xx_hal.o(.data)
    uwTickFreq                               0x2000006c   Data           4  stm32g4xx_hal.o(.data)
    uwTick                                   0x20000070   Data           4  stm32g4xx_hal.o(.data)
    SystemCoreClock                          0x20000074   Data           4  system_stm32g4xx.o(.data)
    USBD_CDC                                 0x20000154   Data          56  usbd_cdc.o(.data)
    pxCurrentTCB                             0x200001b4   Data           4  tasks.o(.data)
    uxTopUsedPriority                        0x200001e4   Data           4  tasks.o(.data)
    xReturn                                  0x20000200   Data           4  task_init.o(.data)
    hpcd_USB_FS                              0x2000042c   Data         732  usbd_conf.o(.bss)
    hUsbDeviceFS                             0x20000708   Data         720  usb_device.o(.bss)
    USBD_StrDesc                             0x200009d8   Data         512  usbd_desc.o(.bss)
    UserRxBufferFS                           0x20000bd8   Data        2048  usbd_cdc_if.o(.bss)
    UserTxBufferFS                           0x200013d8   Data        2048  usbd_cdc_if.o(.bss)
    uart3_dev                                0x20005ca0   Data        1034  uart_debug.o(.bss)
    __libspace_start                         0x20006254   Data          96  libspace.o(.bss)
    __temporary_stack_top$libspace           0x200062b4   Data           0  libspace.o(.bss)



==============================================================================

Memory Map of the image

  Image Entry point : 0x080001d9

  Load Region LR_IROM1 (Base: 0x08000000, Size: 0x00007140, Max: 0x00020000, ABSOLUTE, COMPRESSED[0x00007004])

    Execution Region ER_IROM1 (Exec base: 0x08000000, Load base: 0x08000000, Size: 0x00006f34, Max: 0x00020000, ABSOLUTE)

    Exec Addr    Load Addr    Size         Type   Attr      Idx    E Section Name        Object

    0x08000000   0x08000000   0x000001d8   Data   RO            3    RESET               startup_stm32g473xx.o
    0x080001d8   0x080001d8   0x00000008   Code   RO         5459  * !!!main             c_w.l(__main.o)
    0x080001e0   0x080001e0   0x00000034   Code   RO         5755    !!!scatter          c_w.l(__scatter.o)
    0x08000214   0x08000214   0x0000005a   Code   RO         5753    !!dczerorl2         c_w.l(__dczerorl2.o)
    0x0800026e   0x0800026e   0x00000002   PAD
    0x08000270   0x08000270   0x0000001c   Code   RO         5757    !!handler_zi        c_w.l(__scatter_zi.o)
    0x0800028c   0x0800028c   0x00000000   Code   RO         5438    .ARM.Collect$$_printf_percent$$00000000  c_w.l(_printf_percent.o)
    0x0800028c   0x0800028c   0x00000006   Code   RO         5514    .ARM.Collect$$_printf_percent$$00000001  c_w.l(_printf_n.o)
    0x08000292   0x08000292   0x00000006   Code   RO         5516    .ARM.Collect$$_printf_percent$$00000002  c_w.l(_printf_p.o)
    0x08000298   0x08000298   0x00000006   Code   RO         5437    .ARM.Collect$$_printf_percent$$00000003  c_w.l(_printf_f.o)
    0x0800029e   0x0800029e   0x00000006   Code   RO         5520    .ARM.Collect$$_printf_percent$$00000004  c_w.l(_printf_e.o)
    0x080002a4   0x080002a4   0x00000006   Code   RO         5521    .ARM.Collect$$_printf_percent$$00000005  c_w.l(_printf_g.o)
    0x080002aa   0x080002aa   0x00000006   Code   RO         5522    .ARM.Collect$$_printf_percent$$00000006  c_w.l(_printf_a.o)
    0x080002b0   0x080002b0   0x0000000a   Code   RO         5527    .ARM.Collect$$_printf_percent$$00000007  c_w.l(_printf_ll.o)
    0x080002ba   0x080002ba   0x00000006   Code   RO         5518    .ARM.Collect$$_printf_percent$$00000008  c_w.l(_printf_i.o)
    0x080002c0   0x080002c0   0x00000006   Code   RO         5519    .ARM.Collect$$_printf_percent$$00000009  c_w.l(_printf_d.o)
    0x080002c6   0x080002c6   0x00000006   Code   RO         5436    .ARM.Collect$$_printf_percent$$0000000A  c_w.l(_printf_u.o)
    0x080002cc   0x080002cc   0x00000006   Code   RO         5517    .ARM.Collect$$_printf_percent$$0000000B  c_w.l(_printf_o.o)
    0x080002d2   0x080002d2   0x00000006   Code   RO         5515    .ARM.Collect$$_printf_percent$$0000000C  c_w.l(_printf_x.o)
    0x080002d8   0x080002d8   0x00000006   Code   RO         5524    .ARM.Collect$$_printf_percent$$0000000D  c_w.l(_printf_lli.o)
    0x080002de   0x080002de   0x00000006   Code   RO         5525    .ARM.Collect$$_printf_percent$$0000000E  c_w.l(_printf_lld.o)
    0x080002e4   0x080002e4   0x00000006   Code   RO         5526    .ARM.Collect$$_printf_percent$$0000000F  c_w.l(_printf_llu.o)
    0x080002ea   0x080002ea   0x00000006   Code   RO         5531    .ARM.Collect$$_printf_percent$$00000010  c_w.l(_printf_llo.o)
    0x080002f0   0x080002f0   0x00000006   Code   RO         5532    .ARM.Collect$$_printf_percent$$00000011  c_w.l(_printf_llx.o)
    0x080002f6   0x080002f6   0x0000000a   Code   RO         5528    .ARM.Collect$$_printf_percent$$00000012  c_w.l(_printf_l.o)
    0x08000300   0x08000300   0x00000006   Code   RO         5434    .ARM.Collect$$_printf_percent$$00000013  c_w.l(_printf_c.o)
    0x08000306   0x08000306   0x00000006   Code   RO         5435    .ARM.Collect$$_printf_percent$$00000014  c_w.l(_printf_s.o)
    0x0800030c   0x0800030c   0x00000006   Code   RO         5529    .ARM.Collect$$_printf_percent$$00000015  c_w.l(_printf_lc.o)
    0x08000312   0x08000312   0x00000006   Code   RO         5530    .ARM.Collect$$_printf_percent$$00000016  c_w.l(_printf_ls.o)
    0x08000318   0x08000318   0x00000004   Code   RO         5523    .ARM.Collect$$_printf_percent$$00000017  c_w.l(_printf_percent_end.o)
    0x0800031c   0x0800031c   0x00000002   Code   RO         5623    .ARM.Collect$$libinit$$00000000  c_w.l(libinit.o)
    0x0800031e   0x0800031e   0x00000004   Code   RO         5624    .ARM.Collect$$libinit$$00000001  c_w.l(libinit2.o)
    0x08000322   0x08000322   0x00000000   Code   RO         5627    .ARM.Collect$$libinit$$00000004  c_w.l(libinit2.o)
    0x08000322   0x08000322   0x00000000   Code   RO         5630    .ARM.Collect$$libinit$$0000000A  c_w.l(libinit2.o)
    0x08000322   0x08000322   0x00000000   Code   RO         5632    .ARM.Collect$$libinit$$0000000C  c_w.l(libinit2.o)
    0x08000322   0x08000322   0x00000000   Code   RO         5634    .ARM.Collect$$libinit$$0000000E  c_w.l(libinit2.o)
    0x08000322   0x08000322   0x00000006   Code   RO         5635    .ARM.Collect$$libinit$$0000000F  c_w.l(libinit2.o)
    0x08000328   0x08000328   0x00000000   Code   RO         5637    .ARM.Collect$$libinit$$00000011  c_w.l(libinit2.o)
    0x08000328   0x08000328   0x0000000c   Code   RO         5638    .ARM.Collect$$libinit$$00000012  c_w.l(libinit2.o)
    0x08000334   0x08000334   0x00000000   Code   RO         5639    .ARM.Collect$$libinit$$00000013  c_w.l(libinit2.o)
    0x08000334   0x08000334   0x00000000   Code   RO         5641    .ARM.Collect$$libinit$$00000015  c_w.l(libinit2.o)
    0x08000334   0x08000334   0x0000000a   Code   RO         5642    .ARM.Collect$$libinit$$00000016  c_w.l(libinit2.o)
    0x0800033e   0x0800033e   0x00000000   Code   RO         5643    .ARM.Collect$$libinit$$00000017  c_w.l(libinit2.o)
    0x0800033e   0x0800033e   0x00000000   Code   RO         5645    .ARM.Collect$$libinit$$00000019  c_w.l(libinit2.o)
    0x0800033e   0x0800033e   0x00000000   Code   RO         5647    .ARM.Collect$$libinit$$0000001B  c_w.l(libinit2.o)
    0x0800033e   0x0800033e   0x00000000   Code   RO         5649    .ARM.Collect$$libinit$$0000001D  c_w.l(libinit2.o)
    0x0800033e   0x0800033e   0x00000000   Code   RO         5651    .ARM.Collect$$libinit$$0000001F  c_w.l(libinit2.o)
    0x0800033e   0x0800033e   0x00000000   Code   RO         5653    .ARM.Collect$$libinit$$00000021  c_w.l(libinit2.o)
    0x0800033e   0x0800033e   0x00000000   Code   RO         5655    .ARM.Collect$$libinit$$00000023  c_w.l(libinit2.o)
    0x0800033e   0x0800033e   0x00000000   Code   RO         5657    .ARM.Collect$$libinit$$00000025  c_w.l(libinit2.o)
    0x0800033e   0x0800033e   0x00000000   Code   RO         5661    .ARM.Collect$$libinit$$0000002C  c_w.l(libinit2.o)
    0x0800033e   0x0800033e   0x00000000   Code   RO         5663    .ARM.Collect$$libinit$$0000002E  c_w.l(libinit2.o)
    0x0800033e   0x0800033e   0x00000000   Code   RO         5665    .ARM.Collect$$libinit$$00000030  c_w.l(libinit2.o)
    0x0800033e   0x0800033e   0x00000000   Code   RO         5667    .ARM.Collect$$libinit$$00000032  c_w.l(libinit2.o)
    0x0800033e   0x0800033e   0x00000002   Code   RO         5668    .ARM.Collect$$libinit$$00000033  c_w.l(libinit2.o)
    0x08000340   0x08000340   0x00000002   Code   RO         5701    .ARM.Collect$$libshutdown$$00000000  c_w.l(libshutdown.o)
    0x08000342   0x08000342   0x00000000   Code   RO         5712    .ARM.Collect$$libshutdown$$00000002  c_w.l(libshutdown2.o)
    0x08000342   0x08000342   0x00000000   Code   RO         5714    .ARM.Collect$$libshutdown$$00000004  c_w.l(libshutdown2.o)
    0x08000342   0x08000342   0x00000000   Code   RO         5717    .ARM.Collect$$libshutdown$$00000007  c_w.l(libshutdown2.o)
    0x08000342   0x08000342   0x00000000   Code   RO         5720    .ARM.Collect$$libshutdown$$0000000A  c_w.l(libshutdown2.o)
    0x08000342   0x08000342   0x00000000   Code   RO         5722    .ARM.Collect$$libshutdown$$0000000C  c_w.l(libshutdown2.o)
    0x08000342   0x08000342   0x00000000   Code   RO         5725    .ARM.Collect$$libshutdown$$0000000F  c_w.l(libshutdown2.o)
    0x08000342   0x08000342   0x00000002   Code   RO         5726    .ARM.Collect$$libshutdown$$00000010  c_w.l(libshutdown2.o)
    0x08000344   0x08000344   0x00000000   Code   RO         5465    .ARM.Collect$$rtentry$$00000000  c_w.l(__rtentry.o)
    0x08000344   0x08000344   0x00000000   Code   RO         5545    .ARM.Collect$$rtentry$$00000002  c_w.l(__rtentry2.o)
    0x08000344   0x08000344   0x00000006   Code   RO         5557    .ARM.Collect$$rtentry$$00000004  c_w.l(__rtentry4.o)
    0x0800034a   0x0800034a   0x00000000   Code   RO         5547    .ARM.Collect$$rtentry$$00000009  c_w.l(__rtentry2.o)
    0x0800034a   0x0800034a   0x00000004   Code   RO         5548    .ARM.Collect$$rtentry$$0000000A  c_w.l(__rtentry2.o)
    0x0800034e   0x0800034e   0x00000000   Code   RO         5550    .ARM.Collect$$rtentry$$0000000C  c_w.l(__rtentry2.o)
    0x0800034e   0x0800034e   0x00000008   Code   RO         5551    .ARM.Collect$$rtentry$$0000000D  c_w.l(__rtentry2.o)
    0x08000356   0x08000356   0x00000002   Code   RO         5669    .ARM.Collect$$rtexit$$00000000  c_w.l(rtexit.o)
    0x08000358   0x08000358   0x00000000   Code   RO         5679    .ARM.Collect$$rtexit$$00000002  c_w.l(rtexit2.o)
    0x08000358   0x08000358   0x00000004   Code   RO         5680    .ARM.Collect$$rtexit$$00000003  c_w.l(rtexit2.o)
    0x0800035c   0x0800035c   0x00000006   Code   RO         5681    .ARM.Collect$$rtexit$$00000004  c_w.l(rtexit2.o)
    0x08000362   0x08000362   0x00000002   PAD
    0x08000364   0x08000364   0x000000be   Code   RO         4217    .emb_text           port.o
    0x08000422   0x08000422   0x00000002   PAD
    0x08000424   0x08000424   0x00000040   Code   RO            4    .text               startup_stm32g473xx.o
    0x08000464   0x08000464   0x00000034   Code   RO         5396    .text               c_w.l(vsnprintf.o)
    0x08000498   0x08000498   0x00000038   Code   RO         5400    .text               c_w.l(__2snprintf.o)
    0x080004d0   0x080004d0   0x0000004e   Code   RO         5408    .text               c_w.l(_printf_pad.o)
    0x0800051e   0x0800051e   0x00000052   Code   RO         5410    .text               c_w.l(_printf_str.o)
    0x08000570   0x08000570   0x00000078   Code   RO         5412    .text               c_w.l(_printf_dec.o)
    0x080005e8   0x080005e8   0x00000188   Code   RO         5431    .text               c_w.l(__printf_flags_ss_wp.o)
    0x08000770   0x08000770   0x0000003e   Code   RO         5441    .text               c_w.l(strlen.o)
    0x080007ae   0x080007ae   0x0000008a   Code   RO         5443    .text               c_w.l(rt_memcpy_v6.o)
    0x08000838   0x08000838   0x00000064   Code   RO         5445    .text               c_w.l(rt_memcpy_w.o)
    0x0800089c   0x0800089c   0x00000010   Code   RO         5449    .text               c_w.l(aeabi_memset.o)
    0x080008ac   0x080008ac   0x00000044   Code   RO         5451    .text               c_w.l(rt_memclr.o)
    0x080008f0   0x080008f0   0x0000004e   Code   RO         5453    .text               c_w.l(rt_memclr_w.o)
    0x0800093e   0x0800093e   0x00000002   PAD
    0x08000940   0x08000940   0x00000080   Code   RO         5455    .text               c_w.l(strcmpv7m.o)
    0x080009c0   0x080009c0   0x00000006   Code   RO         5457    .text               c_w.l(heapauxi.o)
    0x080009c6   0x080009c6   0x00000024   Code   RO         5466    .text               c_w.l(_printf_truncate.o)
    0x080009ea   0x080009ea   0x000000b2   Code   RO         5468    .text               c_w.l(_printf_intcommon.o)
    0x08000a9c   0x08000a9c   0x00000028   Code   RO         5470    .text               c_w.l(_printf_charcount.o)
    0x08000ac4   0x08000ac4   0x0000041e   Code   RO         5472    .text               c_w.l(_printf_fp_dec.o)
    0x08000ee2   0x08000ee2   0x00000002   PAD
    0x08000ee4   0x08000ee4   0x00000030   Code   RO         5474    .text               c_w.l(_printf_char_common.o)
    0x08000f14   0x08000f14   0x0000000a   Code   RO         5476    .text               c_w.l(_sputc.o)
    0x08000f1e   0x08000f1e   0x00000010   Code   RO         5478    .text               c_w.l(_snputc.o)
    0x08000f2e   0x08000f2e   0x0000002c   Code   RO         5480    .text               c_w.l(_printf_char.o)
    0x08000f5a   0x08000f5a   0x00000002   PAD
    0x08000f5c   0x08000f5c   0x000000bc   Code   RO         5482    .text               c_w.l(_printf_wctomb.o)
    0x08001018   0x08001018   0x0000007c   Code   RO         5485    .text               c_w.l(_printf_longlong_dec.o)
    0x08001094   0x08001094   0x00000070   Code   RO         5491    .text               c_w.l(_printf_oct_int_ll.o)
    0x08001104   0x08001104   0x00000094   Code   RO         5511    .text               c_w.l(_printf_hex_int_ll_ptr.o)
    0x08001198   0x08001198   0x00000008   Code   RO         5562    .text               c_w.l(rt_locale_intlibspace.o)
    0x080011a0   0x080011a0   0x0000008a   Code   RO         5564    .text               c_w.l(lludiv10.o)
    0x0800122a   0x0800122a   0x00000002   PAD
    0x0800122c   0x0800122c   0x000002fc   Code   RO         5566    .text               c_w.l(_printf_fp_hex.o)
    0x08001528   0x08001528   0x00000080   Code   RO         5569    .text               c_w.l(_printf_fp_infnan.o)
    0x080015a8   0x080015a8   0x0000002c   Code   RO         5573    .text               c_w.l(_printf_wchar.o)
    0x080015d4   0x080015d4   0x000000e4   Code   RO         5575    .text               c_w.l(bigflt0.o)
    0x080016b8   0x080016b8   0x00000040   Code   RO         5600    .text               c_w.l(_wcrtomb.o)
    0x080016f8   0x080016f8   0x00000008   Code   RO         5609    .text               c_w.l(libspace.o)
    0x08001700   0x08001700   0x0000004a   Code   RO         5612    .text               c_w.l(sys_stackheap_outer.o)
    0x0800174a   0x0800174a   0x00000002   PAD
    0x0800174c   0x0800174c   0x00000010   Code   RO         5614    .text               c_w.l(rt_ctype_table.o)
    0x0800175c   0x0800175c   0x00000012   Code   RO         5616    .text               c_w.l(exit.o)
    0x0800176e   0x0800176e   0x00000002   PAD
    0x08001770   0x08001770   0x0000000c   Code   RO         5691    .text               c_w.l(sys_exit.o)
    0x0800177c   0x0800177c   0x00000002   Code   RO         5702    .text               c_w.l(use_no_semi.o)
    0x0800177e   0x0800177e   0x00000000   Code   RO         5704    .text               c_w.l(indicate_semi.o)
    0x0800177e   0x0800177e   0x0000003e   Code   RO         5578    CL$$btod_d2e        c_w.l(btod.o)
    0x080017bc   0x080017bc   0x00000046   Code   RO         5580    CL$$btod_d2e_denorm_low  c_w.l(btod.o)
    0x08001802   0x08001802   0x00000060   Code   RO         5579    CL$$btod_d2e_norm_op1  c_w.l(btod.o)
    0x08001862   0x08001862   0x00000338   Code   RO         5588    CL$$btod_div_common  c_w.l(btod.o)
    0x08001b9a   0x08001b9a   0x000000dc   Code   RO         5585    CL$$btod_e2e        c_w.l(btod.o)
    0x08001c76   0x08001c76   0x0000002a   Code   RO         5582    CL$$btod_ediv       c_w.l(btod.o)
    0x08001ca0   0x08001ca0   0x0000002a   Code   RO         5581    CL$$btod_emul       c_w.l(btod.o)
    0x08001cca   0x08001cca   0x00000244   Code   RO         5587    CL$$btod_mult_common  c_w.l(btod.o)
    0x08001f0e   0x08001f0e   0x00000002   Code   RO          511    i.BusFault_Handler  stm32g4xx_it.o
    0x08001f10   0x08001f10   0x00000004   Code   RO          958    i.CDC_Control_FS    usbd_cdc_if.o
    0x08001f14   0x08001f14   0x00000004   Code   RO          959    i.CDC_DeInit_FS     usbd_cdc_if.o
    0x08001f18   0x08001f18   0x00000024   Code   RO          960    i.CDC_Init_FS       usbd_cdc_if.o
    0x08001f3c   0x08001f3c   0x00000018   Code   RO          961    i.CDC_Receive_FS    usbd_cdc_if.o
    0x08001f54   0x08001f54   0x00000004   Code   RO          962    i.CDC_TransmitCplt_FS  usbd_cdc_if.o
    0x08001f58   0x08001f58   0x00000002   Code   RO          512    i.DebugMon_Handler  stm32g4xx_it.o
    0x08001f5a   0x08001f5a   0x00000002   PAD
    0x08001f5c   0x08001f5c   0x00000084   Code   RO         5301    i.Debug_uart_task_create  task_init.o
    0x08001fe0   0x08001fe0   0x00000004   Code   RO         5248    i.Error_Handler     init.o
    0x08001fe4   0x08001fe4   0x0000001e   Code   RO         1689    i.HAL_Init          stm32g4xx_hal.o
    0x08002002   0x08002002   0x00000002   PAD
    0x08002004   0x08002004   0x00000044   Code   RO         1690    i.HAL_InitTick      stm32g4xx_hal.o
    0x08002048   0x08002048   0x00000030   Code   RO          581    i.HAL_MspInit       stm32g4xx_hal_msp.o
    0x08002078   0x08002078   0x0000001a   Code   RO         3052    i.HAL_NVIC_EnableIRQ  stm32g4xx_hal_cortex.o
    0x08002092   0x08002092   0x00000002   PAD
    0x08002094   0x08002094   0x00000040   Code   RO         3058    i.HAL_NVIC_SetPriority  stm32g4xx_hal_cortex.o
    0x080020d4   0x080020d4   0x00000024   Code   RO         3059    i.HAL_NVIC_SetPriorityGrouping  stm32g4xx_hal_cortex.o
    0x080020f8   0x080020f8   0x00000024   Code   RO         1429    i.HAL_PCDEx_ActivateLPM  stm32g4xx_hal_pcd_ex.o
    0x0800211c   0x0800211c   0x00000044   Code   RO          605    i.HAL_PCDEx_LPM_Callback  usbd_conf.o
    0x08002160   0x08002160   0x0000003c   Code   RO         1435    i.HAL_PCDEx_PMAConfig  stm32g4xx_hal_pcd_ex.o
    0x0800219c   0x0800219c   0x00000012   Code   RO          607    i.HAL_PCD_DataInStageCallback  usbd_conf.o
    0x080021ae   0x080021ae   0x00000014   Code   RO          608    i.HAL_PCD_DataOutStageCallback  usbd_conf.o
    0x080021c2   0x080021c2   0x0000004a   Code   RO         1207    i.HAL_PCD_EP_Close  stm32g4xx_hal_pcd.o
    0x0800220c   0x0800220c   0x0000005a   Code   RO         1208    i.HAL_PCD_EP_ClrStall  stm32g4xx_hal_pcd.o
    0x08002266   0x08002266   0x000000dc   Code   RO         1209    i.HAL_PCD_EP_DB_Receive  stm32g4xx_hal_pcd.o
    0x08002342   0x08002342   0x00000380   Code   RO         1210    i.HAL_PCD_EP_DB_Transmit  stm32g4xx_hal_pcd.o
    0x080026c2   0x080026c2   0x00000012   Code   RO         1212    i.HAL_PCD_EP_GetRxCount  stm32g4xx_hal_pcd.o
    0x080026d4   0x080026d4   0x0000005c   Code   RO         1213    i.HAL_PCD_EP_Open   stm32g4xx_hal_pcd.o
    0x08002730   0x08002730   0x0000002e   Code   RO         1214    i.HAL_PCD_EP_Receive  stm32g4xx_hal_pcd.o
    0x0800275e   0x0800275e   0x0000005e   Code   RO         1215    i.HAL_PCD_EP_SetStall  stm32g4xx_hal_pcd.o
    0x080027bc   0x080027bc   0x0000002e   Code   RO         1216    i.HAL_PCD_EP_Transmit  stm32g4xx_hal_pcd.o
    0x080027ea   0x080027ea   0x0000014a   Code   RO         1218    i.HAL_PCD_IRQHandler  stm32g4xx_hal_pcd.o
    0x08002934   0x08002934   0x0000009c   Code   RO         1221    i.HAL_PCD_Init      stm32g4xx_hal_pcd.o
    0x080029d0   0x080029d0   0x00000048   Code   RO          613    i.HAL_PCD_MspInit   usbd_conf.o
    0x08002a18   0x08002a18   0x00000026   Code   RO          614    i.HAL_PCD_ResetCallback  usbd_conf.o
    0x08002a3e   0x08002a3e   0x00000002   PAD
    0x08002a40   0x08002a40   0x00000028   Code   RO          615    i.HAL_PCD_ResumeCallback  usbd_conf.o
    0x08002a68   0x08002a68   0x00000008   Code   RO          616    i.HAL_PCD_SOFCallback  usbd_conf.o
    0x08002a70   0x08002a70   0x00000026   Code   RO         1227    i.HAL_PCD_SetAddress  stm32g4xx_hal_pcd.o
    0x08002a96   0x08002a96   0x0000000e   Code   RO          617    i.HAL_PCD_SetupStageCallback  usbd_conf.o
    0x08002aa4   0x08002aa4   0x0000002a   Code   RO         1229    i.HAL_PCD_Start     stm32g4xx_hal_pcd.o
    0x08002ace   0x08002ace   0x00000002   PAD
    0x08002ad0   0x08002ad0   0x00000024   Code   RO          618    i.HAL_PCD_SuspendCallback  usbd_conf.o
    0x08002af4   0x08002af4   0x00000010   Code   RO         2818    i.HAL_PWREx_DisableUCPDDeadBattery  stm32g4xx_hal_pwr_ex.o
    0x08002b04   0x08002b04   0x00000028   Code   RO         3063    i.HAL_SYSTICK_Config  stm32g4xx_hal_cortex.o
    0x08002b2c   0x08002b2c   0x00000002   Code   RO          513    i.HardFault_Handler  stm32g4xx_it.o
    0x08002b2e   0x08002b2e   0x00000002   PAD
    0x08002b30   0x08002b30   0x00000060   Code   RO         5157    i.InitHardUart      uart_debug.o
    0x08002b90   0x08002b90   0x0000011c   Code   RO         5249    i.Init_Hardware     init.o
    0x08002cac   0x08002cac   0x00000038   Code   RO          872    i.IntToUnicode      usbd_desc.o
    0x08002ce4   0x08002ce4   0x00000018   Code   RO          284    i.LL_AHB2_GRP1_EnableClock  gpio.o
    0x08002cfc   0x08002cfc   0x00000018   Code   RO          319    i.LL_AHB2_GRP1_EnableClock  i2c.o
    0x08002d14   0x08002d14   0x00000018   Code   RO          387    i.LL_AHB2_GRP1_EnableClock  tim.o
    0x08002d2c   0x08002d2c   0x00000018   Code   RO          461    i.LL_AHB2_GRP1_EnableClock  usart.o
    0x08002d44   0x08002d44   0x00000018   Code   RO          388    i.LL_APB1_GRP1_EnableClock  tim.o
    0x08002d5c   0x08002d5c   0x00000136   Code   RO         1148    i.LL_GPIO_Init      stm32g4xx_ll_gpio.o
    0x08002e92   0x08002e92   0x00000068   Code   RO         3193    i.LL_I2C_Init       stm32g4xx_ll_i2c.o
    0x08002efa   0x08002efa   0x00000002   PAD
    0x08002efc   0x08002efc   0x00000090   Code   RO         3564    i.LL_RCC_GetUARTClockFreq  stm32g4xx_ll_rcc.o
    0x08002f8c   0x08002f8c   0x000000b4   Code   RO         3565    i.LL_RCC_GetUSARTClockFreq  stm32g4xx_ll_rcc.o
    0x08003040   0x08003040   0x00000010   Code   RO         3567    i.LL_RCC_HSI_IsReady  stm32g4xx_ll_rcc.o
    0x08003050   0x08003050   0x00000010   Code   RO         3568    i.LL_RCC_LSE_IsReady  stm32g4xx_ll_rcc.o
    0x08003060   0x08003060   0x00000014   Code   RO         5251    i.LL_RCC_SetAHBPrescaler  init.o
    0x08003074   0x08003074   0x00000018   Code   RO          462    i.LL_RCC_SetUSARTClockSource  usart.o
    0x0800308c   0x0800308c   0x00000076   Code   RO         3288    i.LL_SPI_Init       stm32g4xx_ll_spi.o
    0x08003102   0x08003102   0x00000002   PAD
    0x08003104   0x08003104   0x0000000c   Code   RO         1021    i.LL_SetSystemCoreClock  stm32g4xx_ll_utils.o
    0x08003110   0x08003110   0x0000007c   Code   RO          389    i.LL_TIM_IC_SetActiveInput  tim.o
    0x0800318c   0x0800318c   0x0000007c   Code   RO          390    i.LL_TIM_IC_SetFilter  tim.o
    0x08003208   0x08003208   0x00000070   Code   RO          391    i.LL_TIM_IC_SetPolarity  tim.o
    0x08003278   0x08003278   0x0000007c   Code   RO          392    i.LL_TIM_IC_SetPrescaler  tim.o
    0x080032f4   0x080032f4   0x000000d4   Code   RO         3362    i.LL_TIM_Init       stm32g4xx_ll_tim.o
    0x080033c8   0x080033c8   0x000000f8   Code   RO         3493    i.LL_USART_Init     stm32g4xx_ll_usart.o
    0x080034c0   0x080034c0   0x0000017c   Code   RO          285    i.MX_GPIO_Init      gpio.o
    0x0800363c   0x0800363c   0x000000d0   Code   RO          320    i.MX_I2C1_Init      i2c.o
    0x0800370c   0x0800370c   0x000000b8   Code   RO          357    i.MX_SPI1_Init      spi.o
    0x080037c4   0x080037c4   0x0000012c   Code   RO          393    i.MX_TIM15_Init     tim.o
    0x080038f0   0x080038f0   0x000000ec   Code   RO          394    i.MX_TIM2_Init      tim.o
    0x080039dc   0x080039dc   0x000000f4   Code   RO          395    i.MX_TIM3_Init      tim.o
    0x08003ad0   0x08003ad0   0x00000130   Code   RO          463    i.MX_USART1_UART_Init  usart.o
    0x08003c00   0x08003c00   0x0000009c   Code   RO          464    i.MX_USART3_UART_Init  usart.o
    0x08003c9c   0x08003c9c   0x00000054   Code   RO          837    i.MX_USB_Device_Init  usb_device.o
    0x08003cf0   0x08003cf0   0x00000002   Code   RO          514    i.MemManage_Handler  stm32g4xx_it.o
    0x08003cf2   0x08003cf2   0x00000002   PAD
    0x08003cf4   0x08003cf4   0x00000084   Code   RO         5302    i.Monitor_task_create  task_init.o
    0x08003d78   0x08003d78   0x00000002   Code   RO          515    i.NMI_Handler       stm32g4xx_it.o
    0x08003d7a   0x08003d7a   0x00000342   Code   RO         1232    i.PCD_EP_ISR_Handler  stm32g4xx_hal_pcd.o
    0x080040bc   0x080040bc   0x00000020   Code   RO         3571    i.RCC_GetHCLKClockFreq  stm32g4xx_ll_rcc.o
    0x080040dc   0x080040dc   0x00000020   Code   RO         3572    i.RCC_GetPCLK1ClockFreq  stm32g4xx_ll_rcc.o
    0x080040fc   0x080040fc   0x00000020   Code   RO         3573    i.RCC_GetPCLK2ClockFreq  stm32g4xx_ll_rcc.o
    0x0800411c   0x0800411c   0x00000060   Code   RO         3574    i.RCC_GetSystemClockFreq  stm32g4xx_ll_rcc.o
    0x0800417c   0x0800417c   0x0000000a   Code   RO         3892    i.SWAPBYTE          usbd_ctlreq.o
    0x08004186   0x08004186   0x00000002   PAD
    0x08004188   0x08004188   0x0000002c   Code   RO         4218    i.SysTick_Handler   port.o
    0x080041b4   0x080041b4   0x000000dc   Code   RO         5252    i.SystemClock_Config  init.o
    0x08004290   0x08004290   0x00000010   Code   RO         3717    i.SystemInit        system_stm32g4xx.o
    0x080042a0   0x080042a0   0x0000001c   Code   RO         5158    i.UART_Init         uart_debug.o
    0x080042bc   0x080042bc   0x00000064   Code   RO         5159    i.UART_Send_IT      uart_debug.o
    0x08004320   0x08004320   0x00000002   Code   RO          516    i.USART1_IRQHandler  stm32g4xx_it.o
    0x08004322   0x08004322   0x00000002   PAD
    0x08004324   0x08004324   0x00000098   Code   RO         5160    i.USART3_IRQHandler  uart_debug.o
    0x080043bc   0x080043bc   0x00000020   Code   RO          873    i.USBD_CDC_ConfigStrDescriptor  usbd_desc.o
    0x080043dc   0x080043dc   0x0000005e   Code   RO         4025    i.USBD_CDC_DataIn   usbd_cdc.o
    0x0800443a   0x0800443a   0x0000002a   Code   RO         4026    i.USBD_CDC_DataOut  usbd_cdc.o
    0x08004464   0x08004464   0x00000048   Code   RO         4027    i.USBD_CDC_DeInit   usbd_cdc.o
    0x080044ac   0x080044ac   0x0000000c   Code   RO          874    i.USBD_CDC_DeviceDescriptor  usbd_desc.o
    0x080044b8   0x080044b8   0x0000002e   Code   RO         4028    i.USBD_CDC_EP0_RxReady  usbd_cdc.o
    0x080044e6   0x080044e6   0x00000002   PAD
    0x080044e8   0x080044e8   0x0000000c   Code   RO         4029    i.USBD_CDC_GetDeviceQualifierDescriptor  usbd_cdc.o
    0x080044f4   0x080044f4   0x0000000c   Code   RO         4030    i.USBD_CDC_GetFSCfgDesc  usbd_cdc.o
    0x08004500   0x08004500   0x0000000c   Code   RO         4031    i.USBD_CDC_GetHSCfgDesc  usbd_cdc.o
    0x0800450c   0x0800450c   0x0000000c   Code   RO         4032    i.USBD_CDC_GetOtherSpeedCfgDesc  usbd_cdc.o
    0x08004518   0x08004518   0x000000a2   Code   RO         4033    i.USBD_CDC_Init     usbd_cdc.o
    0x080045ba   0x080045ba   0x00000002   PAD
    0x080045bc   0x080045bc   0x00000024   Code   RO          875    i.USBD_CDC_InterfaceStrDescriptor  usbd_desc.o
    0x080045e0   0x080045e0   0x0000000c   Code   RO          876    i.USBD_CDC_LangIDStrDescriptor  usbd_desc.o
    0x080045ec   0x080045ec   0x00000028   Code   RO          877    i.USBD_CDC_ManufacturerStrDescriptor  usbd_desc.o
    0x08004614   0x08004614   0x0000002c   Code   RO          878    i.USBD_CDC_ProductStrDescriptor  usbd_desc.o
    0x08004640   0x08004640   0x00000028   Code   RO         4034    i.USBD_CDC_ReceivePacket  usbd_cdc.o
    0x08004668   0x08004668   0x0000000e   Code   RO         4035    i.USBD_CDC_RegisterInterface  usbd_cdc.o
    0x08004676   0x08004676   0x00000002   PAD
    0x08004678   0x08004678   0x00000038   Code   RO          879    i.USBD_CDC_SerialStrDescriptor  usbd_desc.o
    0x080046b0   0x080046b0   0x00000012   Code   RO         4036    i.USBD_CDC_SetRxBuffer  usbd_cdc.o
    0x080046c2   0x080046c2   0x00000016   Code   RO         4037    i.USBD_CDC_SetTxBuffer  usbd_cdc.o
    0x080046d8   0x080046d8   0x000000be   Code   RO         4038    i.USBD_CDC_Setup    usbd_cdc.o
    0x08004796   0x08004796   0x00000010   Code   RO         3754    i.USBD_ClrClassConfig  usbd_core.o
    0x080047a6   0x080047a6   0x00000010   Code   RO         3965    i.USBD_CtlContinueRx  usbd_ioreq.o
    0x080047b6   0x080047b6   0x00000010   Code   RO         3966    i.USBD_CtlContinueSendData  usbd_ioreq.o
    0x080047c6   0x080047c6   0x00000016   Code   RO         3893    i.USBD_CtlError     usbd_ctlreq.o
    0x080047dc   0x080047dc   0x0000001e   Code   RO         3967    i.USBD_CtlPrepareRx  usbd_ioreq.o
    0x080047fa   0x080047fa   0x00000016   Code   RO         3968    i.USBD_CtlReceiveStatus  usbd_ioreq.o
    0x08004810   0x08004810   0x0000001a   Code   RO         3969    i.USBD_CtlSendData  usbd_ioreq.o
    0x0800482a   0x0800482a   0x00000016   Code   RO         3970    i.USBD_CtlSendStatus  usbd_ioreq.o
    0x08004840   0x08004840   0x000000fa   Code   RO         3894    i.USBD_GetDescriptor  usbd_ctlreq.o
    0x0800493a   0x0800493a   0x00000048   Code   RO         3895    i.USBD_GetString    usbd_ctlreq.o
    0x08004982   0x08004982   0x00000018   Code   RO          619    i.USBD_Get_USB_Status  usbd_conf.o
    0x0800499a   0x0800499a   0x00000026   Code   RO         3756    i.USBD_Init         usbd_core.o
    0x080049c0   0x080049c0   0x00000012   Code   RO          620    i.USBD_LL_ClearStallEP  usbd_conf.o
    0x080049d2   0x080049d2   0x00000012   Code   RO          621    i.USBD_LL_CloseEP   usbd_conf.o
    0x080049e4   0x080049e4   0x000000a8   Code   RO         3757    i.USBD_LL_DataInStage  usbd_core.o
    0x08004a8c   0x08004a8c   0x0000006c   Code   RO         3758    i.USBD_LL_DataOutStage  usbd_core.o
    0x08004af8   0x08004af8   0x00000008   Code   RO          625    i.USBD_LL_GetRxDataSize  usbd_conf.o
    0x08004b00   0x08004b00   0x00000084   Code   RO          626    i.USBD_LL_Init      usbd_conf.o
    0x08004b84   0x08004b84   0x0000001e   Code   RO          627    i.USBD_LL_IsStallEP  usbd_conf.o
    0x08004ba2   0x08004ba2   0x00000018   Code   RO          628    i.USBD_LL_OpenEP    usbd_conf.o
    0x08004bba   0x08004bba   0x00000012   Code   RO          629    i.USBD_LL_PrepareReceive  usbd_conf.o
    0x08004bcc   0x08004bcc   0x0000005a   Code   RO         3763    i.USBD_LL_Reset     usbd_core.o
    0x08004c26   0x08004c26   0x00000014   Code   RO         3764    i.USBD_LL_Resume    usbd_core.o
    0x08004c3a   0x08004c3a   0x00000020   Code   RO         3765    i.USBD_LL_SOF       usbd_core.o
    0x08004c5a   0x08004c5a   0x00000006   Code   RO         3766    i.USBD_LL_SetSpeed  usbd_core.o
    0x08004c60   0x08004c60   0x00000012   Code   RO          630    i.USBD_LL_SetUSBAddress  usbd_conf.o
    0x08004c72   0x08004c72   0x00000060   Code   RO         3767    i.USBD_LL_SetupStage  usbd_core.o
    0x08004cd2   0x08004cd2   0x00000012   Code   RO          631    i.USBD_LL_StallEP   usbd_conf.o
    0x08004ce4   0x08004ce4   0x00000012   Code   RO          632    i.USBD_LL_Start     usbd_conf.o
    0x08004cf6   0x08004cf6   0x00000012   Code   RO         3768    i.USBD_LL_Suspend   usbd_core.o
    0x08004d08   0x08004d08   0x00000012   Code   RO          634    i.USBD_LL_Transmit  usbd_conf.o
    0x08004d1a   0x08004d1a   0x0000002c   Code   RO         3896    i.USBD_ParseSetupRequest  usbd_ctlreq.o
    0x08004d46   0x08004d46   0x00000024   Code   RO         3769    i.USBD_RegisterClass  usbd_core.o
    0x08004d6a   0x08004d6a   0x00000014   Code   RO         3771    i.USBD_SetClassConfig  usbd_core.o
    0x08004d7e   0x08004d7e   0x00000002   PAD
    0x08004d80   0x08004d80   0x000000bc   Code   RO         3897    i.USBD_SetConfig    usbd_ctlreq.o
    0x08004e3c   0x08004e3c   0x00000004   Code   RO         3772    i.USBD_Start        usbd_core.o
    0x08004e40   0x08004e40   0x00000114   Code   RO         3898    i.USBD_StdDevReq    usbd_ctlreq.o
    0x08004f54   0x08004f54   0x00000140   Code   RO         3899    i.USBD_StdEPReq     usbd_ctlreq.o
    0x08005094   0x08005094   0x00000052   Code   RO         3900    i.USBD_StdItfReq    usbd_ctlreq.o
    0x080050e6   0x080050e6   0x00000002   Code   RO          635    i.USBD_static_free  usbd_conf.o
    0x080050e8   0x080050e8   0x00000008   Code   RO          636    i.USBD_static_malloc  usbd_conf.o
    0x080050f0   0x080050f0   0x0000036a   Code   RO         1494    i.USB_ActivateEndpoint  stm32g4xx_ll_usb.o
    0x0800545a   0x0800545a   0x0000010e   Code   RO         1498    i.USB_DeactivateEndpoint  stm32g4xx_ll_usb.o
    0x08005568   0x08005568   0x0000000e   Code   RO         1499    i.USB_DevConnect    stm32g4xx_ll_usb.o
    0x08005576   0x08005576   0x00000012   Code   RO         1501    i.USB_DevInit       stm32g4xx_ll_usb.o
    0x08005588   0x08005588   0x00000010   Code   RO         1502    i.USB_DisableGlobalInt  stm32g4xx_ll_usb.o
    0x08005598   0x08005598   0x00000070   Code   RO         1503    i.USB_EPClearStall  stm32g4xx_ll_usb.o
    0x08005608   0x08005608   0x00000032   Code   RO         1504    i.USB_EPSetStall    stm32g4xx_ll_usb.o
    0x0800563a   0x0800563a   0x00000002   PAD
    0x0800563c   0x0800563c   0x0000036e   Code   RO         1505    i.USB_EPStartXfer   stm32g4xx_ll_usb.o
    0x080059aa   0x080059aa   0x00000012   Code   RO         1507    i.USB_EnableGlobalInt  stm32g4xx_ll_usb.o
    0x080059bc   0x080059bc   0x0000000c   Code   RO          517    i.USB_LP_IRQHandler  stm32g4xx_it.o
    0x080059c8   0x080059c8   0x00000006   Code   RO         1510    i.USB_ReadInterrupts  stm32g4xx_ll_usb.o
    0x080059ce   0x080059ce   0x00000028   Code   RO         1511    i.USB_ReadPMA       stm32g4xx_ll_usb.o
    0x080059f6   0x080059f6   0x0000000c   Code   RO         1513    i.USB_SetDevAddress  stm32g4xx_ll_usb.o
    0x08005a02   0x08005a02   0x00000002   PAD
    0x08005a04   0x08005a04   0x00000026   Code   RO         1515    i.USB_WritePMA      stm32g4xx_ll_usb.o
    0x08005a2a   0x08005a2a   0x00000002   Code   RO          518    i.UsageFault_Handler  stm32g4xx_it.o
    0x08005a2c   0x08005a2c   0x00000030   Code   RO         5607    i.__ARM_fpclassify  m_wm.l(fpclassify.o)
    0x08005a5c   0x08005a5c   0x00000020   Code   RO         3065    i.__NVIC_SetPriority  stm32g4xx_hal_cortex.o
    0x08005a7c   0x08005a7c   0x0000000e   Code   RO         5424    i._is_digit         c_w.l(__printf_wp.o)
    0x08005a8a   0x08005a8a   0x00000002   PAD
    0x08005a8c   0x08005a8c   0x00000054   Code   RO         5352    i.configureTimerForRuntimeStats  monitor.o
    0x08005ae0   0x08005ae0   0x00000074   Code   RO         4787    i.eTaskGetState     tasks.o
    0x08005b54   0x08005b54   0x00000034   Code   RO         5161    i.fr_printf         uart_debug.o
    0x08005b88   0x08005b88   0x0000000c   Code   RO         5353    i.getRuntimeCounterValue  monitor.o
    0x08005b94   0x08005b94   0x00000016   Code   RO           13    i.main              main.o
    0x08005baa   0x08005baa   0x00000002   PAD
    0x08005bac   0x08005bac   0x00000088   Code   RO         4789    i.prvAddCurrentTaskToDelayedList  tasks.o
    0x08005c34   0x08005c34   0x000000f0   Code   RO         4790    i.prvAddNewTaskToReadyList  tasks.o
    0x08005d24   0x08005d24   0x00000014   Code   RO         4791    i.prvDeleteTCB      tasks.o
    0x08005d38   0x08005d38   0x00000044   Code   RO         4128    i.prvHeapInit       heap_4.o
    0x08005d7c   0x08005d7c   0x00000064   Code   RO         4792    i.prvIdleTask       tasks.o
    0x08005de0   0x08005de0   0x000000a6   Code   RO         4793    i.prvInitialiseNewTask  tasks.o
    0x08005e86   0x08005e86   0x00000002   PAD
    0x08005e88   0x08005e88   0x0000004c   Code   RO         4129    i.prvInsertBlockIntoFreeList  heap_4.o
    0x08005ed4   0x08005ed4   0x00000058   Code   RO         4794    i.prvListTasksWithinSingleList  tasks.o
    0x08005f2c   0x08005f2c   0x0000001c   Code   RO         4795    i.prvResetNextTaskUnblockTime  tasks.o
    0x08005f48   0x08005f48   0x00000028   Code   RO         4219    i.prvTaskExitError  port.o
    0x08005f70   0x08005f70   0x000000cc   Code   RO         4131    i.pvPortMalloc      heap_4.o
    0x0800603c   0x0800603c   0x0000002c   Code   RO         4220    i.pxPortInitialiseStack  port.o
    0x08006068   0x08006068   0x00000026   Code   RO         4401    i.uxListRemove      list.o
    0x0800608e   0x0800608e   0x00000002   PAD
    0x08006090   0x08006090   0x000000ac   Code   RO         4802    i.uxTaskGetSystemState  tasks.o
    0x0800613c   0x0800613c   0x00000002   Code   RO           14    i.vApplicationIdleHook  main.o
    0x0800613e   0x0800613e   0x00000002   Code   RO           15    i.vApplicationMallocFailedHook  main.o
    0x08006140   0x08006140   0x0000002c   Code   RO           16    i.vApplicationStackOverflowHook  main.o
    0x0800616c   0x0800616c   0x00000002   Code   RO           17    i.vApplicationTickHook  main.o
    0x0800616e   0x0800616e   0x00000016   Code   RO         4402    i.vListInitialise   list.o
    0x08006184   0x08006184   0x00000006   Code   RO         4403    i.vListInitialiseItem  list.o
    0x0800618a   0x0800618a   0x00000030   Code   RO         4404    i.vListInsert       list.o
    0x080061ba   0x080061ba   0x00000018   Code   RO         4405    i.vListInsertEnd    list.o
    0x080061d2   0x080061d2   0x00000002   PAD
    0x080061d4   0x080061d4   0x00000040   Code   RO         4222    i.vPortEnterCritical  port.o
    0x08006214   0x08006214   0x00000028   Code   RO         4223    i.vPortExitCritical  port.o
    0x0800623c   0x0800623c   0x00000064   Code   RO         4132    i.vPortFree         heap_4.o
    0x080062a0   0x080062a0   0x00000024   Code   RO         4224    i.vPortSetupTimerInterrupt  port.o
    0x080062c4   0x080062c4   0x00000168   Code   RO         5354    i.vSystemMonitorTask  monitor.o
    0x0800642c   0x0800642c   0x0000004c   Code   RO         4807    i.vTaskDelay        tasks.o
    0x08006478   0x08006478   0x000000b0   Code   RO         4808    i.vTaskDelete       tasks.o
    0x08006528   0x08006528   0x00000084   Code   RO         4811    i.vTaskGetInfo      tasks.o
    0x080065ac   0x080065ac   0x0000006c   Code   RO         4824    i.vTaskStartScheduler  tasks.o
    0x08006618   0x08006618   0x00000010   Code   RO         4826    i.vTaskSuspendAll   tasks.o
    0x08006628   0x08006628   0x000000a4   Code   RO         4827    i.vTaskSwitchContext  tasks.o
    0x080066cc   0x080066cc   0x00000094   Code   RO         5162    i.vUartProcessTask  uart_debug.o
    0x08006760   0x08006760   0x000000f4   Code   RO         4226    i.xPortStartScheduler  port.o
    0x08006854   0x08006854   0x0000005c   Code   RO         4830    i.xTaskCreate       tasks.o
    0x080068b0   0x080068b0   0x0000014c   Code   RO         4839    i.xTaskIncrementTick  tasks.o
    0x080069fc   0x080069fc   0x0000012c   Code   RO         4843    i.xTaskResumeAll    tasks.o
    0x08006b28   0x08006b28   0x0000002c   Code   RO         5603    locale$$code        c_w.l(lc_numeric_c.o)
    0x08006b54   0x08006b54   0x0000002c   Code   RO         5672    locale$$code        c_w.l(lc_ctype_c.o)
    0x08006b80   0x08006b80   0x0000000c   Code   RO         5533    x$fpl$dretinf       fz_wm.l(dretinf.o)
    0x08006b8c   0x08006b8c   0x00000056   Code   RO         5461    x$fpl$f2d           fz_wm.l(f2d.o)
    0x08006be2   0x08006be2   0x0000008c   Code   RO         5535    x$fpl$fnaninf       fz_wm.l(fnaninf.o)
    0x08006c6e   0x08006c6e   0x0000000a   Code   RO         5676    x$fpl$fpinit        fz_wm.l(fpinit.o)
    0x08006c78   0x08006c78   0x00000004   Code   RO         5463    x$fpl$printf1       fz_wm.l(printf1.o)
    0x08006c7c   0x08006c7c   0x00000004   Code   RO         5537    x$fpl$printf2       fz_wm.l(printf2.o)
    0x08006c80   0x08006c80   0x00000000   Code   RO         5543    x$fpl$usenofp       fz_wm.l(usenofp.o)
    0x08006c80   0x08006c80   0x0000001e   Data   RO          396    .constdata          tim.o
    0x08006c9e   0x08006c9e   0x00000002   PAD
    0x08006ca0   0x08006ca0   0x00000030   Data   RO         3495    .constdata          stm32g4xx_ll_usart.o
    0x08006cd0   0x08006cd0   0x00000010   Data   RO         3718    .constdata          system_stm32g4xx.o
    0x08006ce0   0x08006ce0   0x00000008   Data   RO         3719    .constdata          system_stm32g4xx.o
    0x08006ce8   0x08006ce8   0x00000011   Data   RO         5432    .constdata          c_w.l(__printf_flags_ss_wp.o)
    0x08006cf9   0x08006cf9   0x00000003   PAD
    0x08006cfc   0x08006cfc   0x00000008   Data   RO         5483    .constdata          c_w.l(_printf_wctomb.o)
    0x08006d04   0x08006d04   0x00000028   Data   RO         5512    .constdata          c_w.l(_printf_hex_int_ll_ptr.o)
    0x08006d2c   0x08006d2c   0x00000026   Data   RO         5567    .constdata          c_w.l(_printf_fp_hex.o)
    0x08006d52   0x08006d52   0x00000002   PAD
    0x08006d54   0x08006d54   0x00000094   Data   RO         5576    .constdata          c_w.l(bigflt0.o)
    0x08006de8   0x08006de8   0x00000020   Data   RO         5751    Region$$Table       anon$$obj.o
    0x08006e08   0x08006e08   0x0000001c   Data   RO         5602    locale$$data        c_w.l(lc_numeric_c.o)
    0x08006e24   0x08006e24   0x00000110   Data   RO         5671    locale$$data        c_w.l(lc_ctype_c.o)


    Execution Region RW_IRAM1 (Exec base: 0x20000000, Load base: 0x08006f34, Size: 0x000068b8, Max: 0x00020000, ABSOLUTE, COMPRESSED[0x000000d0])

    Exec Addr    Load Addr    Size         Type   Attr      Idx    E Section Name        Object

    0x20000000   COMPRESSED   0x00000020   Data   RW          881    .data               usbd_desc.o
    0x20000020   COMPRESSED   0x00000032   Data   RW          882    .data               usbd_desc.o
    0x20000052   COMPRESSED   0x00000002   PAD
    0x20000054   COMPRESSED   0x00000014   Data   RW          965    .data               usbd_cdc_if.o
    0x20000068   COMPRESSED   0x0000000c   Data   RW         1709    .data               stm32g4xx_hal.o
    0x20000074   COMPRESSED   0x00000004   Data   RW         3720    .data               system_stm32g4xx.o
    0x20000078   COMPRESSED   0x00000001   Data   RW         3901    .data               usbd_ctlreq.o
    0x20000079   COMPRESSED   0x00000003   PAD
    0x2000007c   COMPRESSED   0x000000d7   Data   RW         4040    .data               usbd_cdc.o
    0x20000153   COMPRESSED   0x00000001   PAD
    0x20000154   COMPRESSED   0x00000038   Data   RW         4041    .data               usbd_cdc.o
    0x2000018c   COMPRESSED   0x0000001c   Data   RW         4138    .data               heap_4.o
    0x200001a8   COMPRESSED   0x0000000c   Data   RW         4227    .data               port.o
    0x200001b4   COMPRESSED   0x00000048   Data   RW         4846    .data               tasks.o
    0x200001fc   COMPRESSED   0x00000001   Data   RW         5164    .data               uart_debug.o
    0x200001fd   COMPRESSED   0x00000003   PAD
    0x20000200   COMPRESSED   0x00000004   Data   RW         5303    .data               task_init.o
    0x20000204   COMPRESSED   0x00000008   Data   RW         5356    .data               monitor.o
    0x2000020c        -       0x000004fc   Zero   RW          637    .bss                usbd_conf.o
    0x20000708        -       0x000002d0   Zero   RW          838    .bss                usb_device.o
    0x200009d8        -       0x00000200   Zero   RW          880    .bss                usbd_desc.o
    0x20000bd8        -       0x00001000   Zero   RW          964    .bss                usbd_cdc_if.o
    0x20001bd8        -       0x00004000   Zero   RW         4137    .bss                heap_4.o
    0x20005bd8        -       0x000000c8   Zero   RW         4845    .bss                tasks.o
    0x20005ca0        -       0x0000044a   Zero   RW         5163    .bss                uart_debug.o
    0x200060ea   COMPRESSED   0x00000002   PAD
    0x200060ec        -       0x00000168   Zero   RW         5355    .bss                monitor.o
    0x20006254        -       0x00000060   Zero   RW         5610    .bss                c_w.l(libspace.o)
    0x200062b4   COMPRESSED   0x00000004   PAD
    0x200062b8        -       0x00000200   Zero   RW            2    HEAP                startup_stm32g473xx.o
    0x200064b8        -       0x00000400   Zero   RW            1    STACK               startup_stm32g473xx.o


==============================================================================

Image component sizes


      Code (inc. data)   RO Data    RW Data    ZI Data      Debug   Object Name

         0          0          0          0          0       5968   event_groups.o
       404         16          0          0          0      11915   gpio.o
       448         22          0         28      16384      10075   heap_4.o
       232         24          0          0          0      42891   i2c.o
       528        210          0          0          0      34001   init.o
       138          0          0          0          0       3358   list.o
        72         36          0          0          0     550240   main.o
       456         90          0          8        360      60274   monitor.o
       702         72          0         12          0      10280   port.o
       184          8          0          0          0      19139   spi.o
        64         26        472          0       1536        860   startup_stm32g473xx.o
        98         10          0         12          0       2701   stm32g4xx_hal.o
       198         14          0          0          0      33935   stm32g4xx_hal_cortex.o
        48          6          0          0          0        898   stm32g4xx_hal_msp.o
      2976          0          0          0          0      14905   stm32g4xx_hal_pcd.o
        96          0          0          0          0       1996   stm32g4xx_hal_pcd_ex.o
        16          4          0          0          0        583   stm32g4xx_hal_pwr_ex.o
        26          6          0          0          0       3853   stm32g4xx_it.o
       310          0          0          0          0       7375   stm32g4xx_ll_gpio.o
       104          0          0          0          0      14574   stm32g4xx_ll_i2c.o
       548         66          0          0          0      30645   stm32g4xx_ll_rcc.o
       118          0          0          0          0      17286   stm32g4xx_ll_spi.o
       212         36          0          0          0      60170   stm32g4xx_ll_tim.o
       248         30         48          0          0      27400   stm32g4xx_ll_usart.o
      2346          0          0          0          0      14228   stm32g4xx_ll_usb.o
        12          6          0          0          0      16804   stm32g4xx_ll_utils.o
        16          4         24          4          0       1175   system_stm32g4xx.o
       264        152          0          4          0       1361   task_init.o
      2462        140          0         72        200      25856   tasks.o
      1312         86         30          0          0      63942   tim.o
       576         72          0          1       1098      29590   uart_debug.o
       508         42          0          0          0      79215   usart.o
        84         18          0          0        720        840   usb_device.o
       748         16          0        271          0      13223   usbd_cdc.o
        72         16          0         20       4096       3334   usbd_cdc_if.o
       668         38          0          0       1276      40586   usbd_conf.o
       652          0          0          0          0      10131   usbd_core.o
      1264         22          0          1          0      14532   usbd_ctlreq.o
       288        104          0         82        512       6326   usbd_desc.o
       132          0          0          0          0       4640   usbd_ioreq.o

    ----------------------------------------------------------------------
     19674       1392        608        524      26184    1291105   Object Totals
         0          0         32          0          0          0   (incl. Generated)
        44          0          2          9          2          0   (incl. Padding)

    ----------------------------------------------------------------------

      Code (inc. data)   RO Data    RW Data    ZI Data      Debug   Library Member Name

        56          6          0          0          0         88   __2snprintf.o
        90          0          0          0          0          0   __dczerorl2.o
         8          0          0          0          0         68   __main.o
       392          4         17          0          0         92   __printf_flags_ss_wp.o
        14          0          0          0          0         68   __printf_wp.o
         0          0          0          0          0          0   __rtentry.o
        12          0          0          0          0          0   __rtentry2.o
         6          0          0          0          0          0   __rtentry4.o
        52          8          0          0          0          0   __scatter.o
        28          0          0          0          0          0   __scatter_zi.o
         6          0          0          0          0          0   _printf_a.o
         6          0          0          0          0          0   _printf_c.o
        44          0          0          0          0        108   _printf_char.o
        48          6          0          0          0         96   _printf_char_common.o
        40          0          0          0          0         68   _printf_charcount.o
         6          0          0          0          0          0   _printf_d.o
       120         16          0          0          0         92   _printf_dec.o
         6          0          0          0          0          0   _printf_e.o
         6          0          0          0          0          0   _printf_f.o
      1054          0          0          0          0        216   _printf_fp_dec.o
       764          8         38          0          0        100   _printf_fp_hex.o
       128         16          0          0          0         84   _printf_fp_infnan.o
         6          0          0          0          0          0   _printf_g.o
       148          4         40          0          0        160   _printf_hex_int_ll_ptr.o
         6          0          0          0          0          0   _printf_i.o
       178          0          0          0          0         88   _printf_intcommon.o
        10          0          0          0          0          0   _printf_l.o
         6          0          0          0          0          0   _printf_lc.o
        10          0          0          0          0          0   _printf_ll.o
         6          0          0          0          0          0   _printf_lld.o
         6          0          0          0          0          0   _printf_lli.o
         6          0          0          0          0          0   _printf_llo.o
         6          0          0          0          0          0   _printf_llu.o
         6          0          0          0          0          0   _printf_llx.o
       124         16          0          0          0         92   _printf_longlong_dec.o
         6          0          0          0          0          0   _printf_ls.o
         6          0          0          0          0          0   _printf_n.o
         6          0          0          0          0          0   _printf_o.o
       112         10          0          0          0        124   _printf_oct_int_ll.o
         6          0          0          0          0          0   _printf_p.o
        78          0          0          0          0        108   _printf_pad.o
         0          0          0          0          0          0   _printf_percent.o
         4          0          0          0          0          0   _printf_percent_end.o
         6          0          0          0          0          0   _printf_s.o
        82          0          0          0          0         80   _printf_str.o
        36          0          0          0          0         84   _printf_truncate.o
         6          0          0          0          0          0   _printf_u.o
        44          0          0          0          0        108   _printf_wchar.o
       188          6          8          0          0         92   _printf_wctomb.o
         6          0          0          0          0          0   _printf_x.o
        16          0          0          0          0         68   _snputc.o
        10          0          0          0          0         68   _sputc.o
        64          0          0          0          0         92   _wcrtomb.o
        16          0          0          0          0         68   aeabi_memset.o
       228          4        148          0          0         96   bigflt0.o
      1936        128          0          0          0        672   btod.o
        18          0          0          0          0         80   exit.o
         6          0          0          0          0        152   heapauxi.o
         0          0          0          0          0          0   indicate_semi.o
        44         10        272          0          0         76   lc_ctype_c.o
        44         10         28          0          0         76   lc_numeric_c.o
         2          0          0          0          0          0   libinit.o
        34          0          0          0          0          0   libinit2.o
         2          0          0          0          0          0   libshutdown.o
         2          0          0          0          0          0   libshutdown2.o
         8          4          0          0         96         68   libspace.o
       138          0          0          0          0         80   lludiv10.o
        16          4          0          0          0         76   rt_ctype_table.o
         8          4          0          0          0         68   rt_locale_intlibspace.o
        68          0          0          0          0         68   rt_memclr.o
        78          0          0          0          0         80   rt_memclr_w.o
       138          0          0          0          0         68   rt_memcpy_v6.o
       100          0          0          0          0         80   rt_memcpy_w.o
         2          0          0          0          0          0   rtexit.o
        10          0          0          0          0          0   rtexit2.o
       128          0          0          0          0         68   strcmpv7m.o
        62          0          0          0          0         76   strlen.o
        12          4          0          0          0         68   sys_exit.o
        74          0          0          0          0         80   sys_stackheap_outer.o
         2          0          0          0          0         68   use_no_semi.o
        52          4          0          0          0         80   vsnprintf.o
        12          0          0          0          0        116   dretinf.o
        86          4          0          0          0        132   f2d.o
       140          4          0          0          0        132   fnaninf.o
        10          0          0          0          0        116   fpinit.o
         4          0          0          0          0        116   printf1.o
         4          0          0          0          0        116   printf2.o
         0          0          0          0          0          0   usenofp.o
        48          0          0          0          0        124   fpclassify.o

    ----------------------------------------------------------------------
      7630        280        556          0        100       5344   Library Totals
        18          0          5          0          4          0   (incl. Padding)

    ----------------------------------------------------------------------

      Code (inc. data)   RO Data    RW Data    ZI Data      Debug   Library Name

      7308        272        551          0         96       4492   c_w.l
       256          8          0          0          0        728   fz_wm.l
        48          0          0          0          0        124   m_wm.l

    ----------------------------------------------------------------------
      7630        280        556          0        100       5344   Library Totals

    ----------------------------------------------------------------------

==============================================================================


      Code (inc. data)   RO Data    RW Data    ZI Data      Debug   

     27304       1672       1164        524      26284    1272753   Grand Totals
     27304       1672       1164        208      26284    1272753   ELF Image Totals (compressed)
     27304       1672       1164        208          0          0   ROM Totals

==============================================================================

    Total RO  Size (Code + RO Data)                28468 (  27.80kB)
    Total RW  Size (RW Data + ZI Data)             26808 (  26.18kB)
    Total ROM Size (Code + RO Data + RW Data)      28676 (  28.00kB)

==============================================================================

